Archive member included to satisfy reference by file (symbol)

/home/satlab/.pico-sdk/toolchain/13_2_Rel1/bin/../lib/gcc/arm-none-eabi/13.2.1/../../../../arm-none-eabi/lib/thumb/v8-m.main+fp/softfp/libm.a(libm_a-wf_sqrt.o)
                              CMakeFiles/MPU+MATRIX.dir/home/satlab/.pico-sdk/sdk/2.0.0/src/rp2_common/pico_float/float_math.c.obj (sqrtf)
/home/satlab/.pico-sdk/toolchain/13_2_Rel1/bin/../lib/gcc/arm-none-eabi/13.2.1/../../../../arm-none-eabi/lib/thumb/v8-m.main+fp/softfp/libm.a(libm_a-ef_sqrt.o)
                              /home/satlab/.pico-sdk/toolchain/13_2_Rel1/bin/../lib/gcc/arm-none-eabi/13.2.1/../../../../arm-none-eabi/lib/thumb/v8-m.main+fp/softfp/libm.a(libm_a-wf_sqrt.o) (__ieee754_sqrtf)
/home/satlab/.pico-sdk/toolchain/13_2_Rel1/bin/../lib/gcc/arm-none-eabi/13.2.1/thumb/v8-m.main+fp/softfp/libgcc.a(_arm_addsubdf3.o)
                              CMakeFiles/MPU+MATRIX.dir/MPU+MATRIX.cpp.obj (__aeabi_f2d)
/home/satlab/.pico-sdk/toolchain/13_2_Rel1/bin/../lib/gcc/arm-none-eabi/13.2.1/thumb/v8-m.main+fp/softfp/libgcc.a(_aeabi_ldivmod.o)
                              CMakeFiles/MPU+MATRIX.dir/home/satlab/.pico-sdk/sdk/2.0.0/src/common/pico_time/time.c.obj (__aeabi_ldivmod)
/home/satlab/.pico-sdk/toolchain/13_2_Rel1/bin/../lib/gcc/arm-none-eabi/13.2.1/thumb/v8-m.main+fp/softfp/libgcc.a(_aeabi_uldivmod.o)
                              CMakeFiles/MPU+MATRIX.dir/home/satlab/.pico-sdk/sdk/2.0.0/src/rp2_common/hardware_clocks/clocks.c.obj (__aeabi_uldivmod)
/home/satlab/.pico-sdk/toolchain/13_2_Rel1/bin/../lib/gcc/arm-none-eabi/13.2.1/thumb/v8-m.main+fp/softfp/libgcc.a(_udivmoddi4.o)
                              /home/satlab/.pico-sdk/toolchain/13_2_Rel1/bin/../lib/gcc/arm-none-eabi/13.2.1/thumb/v8-m.main+fp/softfp/libgcc.a(_aeabi_ldivmod.o) (__udivmoddi4)
/home/satlab/.pico-sdk/toolchain/13_2_Rel1/bin/../lib/gcc/arm-none-eabi/13.2.1/thumb/v8-m.main+fp/softfp/libgcc.a(_dvmd_tls.o)
                              /home/satlab/.pico-sdk/toolchain/13_2_Rel1/bin/../lib/gcc/arm-none-eabi/13.2.1/thumb/v8-m.main+fp/softfp/libgcc.a(_aeabi_ldivmod.o) (__aeabi_ldiv0)
/home/satlab/.pico-sdk/toolchain/13_2_Rel1/bin/../lib/gcc/arm-none-eabi/13.2.1/../../../../arm-none-eabi/lib/thumb/v8-m.main+fp/softfp/libg.a(libc_a-errno.o)
                              /home/satlab/.pico-sdk/toolchain/13_2_Rel1/bin/../lib/gcc/arm-none-eabi/13.2.1/../../../../arm-none-eabi/lib/thumb/v8-m.main+fp/softfp/libm.a(libm_a-wf_sqrt.o) (__errno)
/home/satlab/.pico-sdk/toolchain/13_2_Rel1/bin/../lib/gcc/arm-none-eabi/13.2.1/../../../../arm-none-eabi/lib/thumb/v8-m.main+fp/softfp/libg.a(libc_a-malloc.o)
                              CMakeFiles/MPU+MATRIX.dir/home/satlab/.pico-sdk/sdk/2.0.0/src/rp2_common/pico_malloc/malloc.c.obj (malloc)
/home/satlab/.pico-sdk/toolchain/13_2_Rel1/bin/../lib/gcc/arm-none-eabi/13.2.1/../../../../arm-none-eabi/lib/thumb/v8-m.main+fp/softfp/libg.a(libc_a-mallocr.o)
                              /home/satlab/.pico-sdk/toolchain/13_2_Rel1/bin/../lib/gcc/arm-none-eabi/13.2.1/../../../../arm-none-eabi/lib/thumb/v8-m.main+fp/softfp/libg.a(libc_a-malloc.o) (_malloc_r)
/home/satlab/.pico-sdk/toolchain/13_2_Rel1/bin/../lib/gcc/arm-none-eabi/13.2.1/../../../../arm-none-eabi/lib/thumb/v8-m.main+fp/softfp/libg.a(libc_a-memcmp.o)
                              CMakeFiles/MPU+MATRIX.dir/home/satlab/.pico-sdk/sdk/2.0.0/src/rp2_common/pico_atomic/atomic.c.obj (memcmp)
/home/satlab/.pico-sdk/toolchain/13_2_Rel1/bin/../lib/gcc/arm-none-eabi/13.2.1/../../../../arm-none-eabi/lib/thumb/v8-m.main+fp/softfp/libg.a(libc_a-memset.o)
                              /home/satlab/.pico-sdk/toolchain/13_2_Rel1/bin/../lib/gcc/arm-none-eabi/13.2.1/../../../../arm-none-eabi/lib/thumb/v8-m.main+fp/softfp/crt0.o (memset)
/home/satlab/.pico-sdk/toolchain/13_2_Rel1/bin/../lib/gcc/arm-none-eabi/13.2.1/../../../../arm-none-eabi/lib/thumb/v8-m.main+fp/softfp/libg.a(libc_a-init.o)
                              /home/satlab/.pico-sdk/toolchain/13_2_Rel1/bin/../lib/gcc/arm-none-eabi/13.2.1/../../../../arm-none-eabi/lib/thumb/v8-m.main+fp/softfp/crt0.o (__libc_init_array)
/home/satlab/.pico-sdk/toolchain/13_2_Rel1/bin/../lib/gcc/arm-none-eabi/13.2.1/../../../../arm-none-eabi/lib/thumb/v8-m.main+fp/softfp/libg.a(libc_a-sysconf.o)
                              /home/satlab/.pico-sdk/toolchain/13_2_Rel1/bin/../lib/gcc/arm-none-eabi/13.2.1/../../../../arm-none-eabi/lib/thumb/v8-m.main+fp/softfp/libg.a(libc_a-mallocr.o) (sysconf)
/home/satlab/.pico-sdk/toolchain/13_2_Rel1/bin/../lib/gcc/arm-none-eabi/13.2.1/../../../../arm-none-eabi/lib/thumb/v8-m.main+fp/softfp/libg.a(libc_a-mlock.o)
                              /home/satlab/.pico-sdk/toolchain/13_2_Rel1/bin/../lib/gcc/arm-none-eabi/13.2.1/../../../../arm-none-eabi/lib/thumb/v8-m.main+fp/softfp/libg.a(libc_a-mallocr.o) (__malloc_lock)
/home/satlab/.pico-sdk/toolchain/13_2_Rel1/bin/../lib/gcc/arm-none-eabi/13.2.1/../../../../arm-none-eabi/lib/thumb/v8-m.main+fp/softfp/libg.a(libc_a-calloc.o)
[...]
Memory Configuration

Name             Origin             Length             Attributes
FLASH            0x10000000         0x00400000         xr
RAM              0x20000000         0x00080000         xrw
SCRATCH_X        0x20080000         0x00001000         xrw
SCRATCH_Y        0x20081000         0x00001000         xrw
*default*        0x00000000         0xffffffff

Linker script and memory map

LOAD /home/satlab/.pico-sdk/toolchain/13_2_Rel1/bin/../lib/gcc/arm-none-eabi/13.2.1/thumb/v8-m.main+fp/softfp/crti.o
LOAD /home/satlab/.pico-sdk/toolchain/13_2_Rel1/bin/../lib/gcc/arm-none-eabi/13.2.1/thumb/v8-m.main+fp/softfp/crtbegin.o
LOAD /home/satlab/.pico-sdk/toolchain/13_2_Rel1/bin/../lib/gcc/arm-none-eabi/13.2.1/../../../../arm-none-eabi/lib/thumb/v8-m.main+fp/softfp/crt0.o

.flash_begin    0x10000000        0x0
                0x10000000                        __flash_binary_start = .

.text           0x10000000     0x6368
                0x10000000                        __logical_binary_start = .
 *(.vectors)
 .vectors       0x10000000      0x124 CMakeFiles/MPU+MATRIX.dir/home/satlab/.pico-sdk/sdk/2.0.0/src/rp2_common/pico_crt0/crt0.S.obj
                0x10000000                __vectors
                0x10000000                __VECTOR_TABLE
                0x10000110                isr_invalid
                0x10000110                __default_isrs_start
                0x10000112                isr_nmi
                0x10000114                isr_hardfault
                0x10000116                isr_svcall
                0x10000118                isr_pendsv
                0x1000011a                isr_systick
                0x1000011c                isr_irq30
                0x1000011c                __unhandled_user_irq
                0x1000011c                isr_irq49
                0x1000011c                isr_irq13
                0x1000011c                isr_irq43
                0x1000011c                isr_irq45
                0x1000011c                isr_irq27
                0x1000011c                isr_irq32
                0x1000011c                isr_irq31
                0x1000011c                isr_irq5
                0x1000011c                isr_irq11
                0x1000011c                isr_irq23
                0x1000011c                isr_irq48
                0x1000011c                isr_irq35
                0x1000011c                isr_irq18
                0x1000011c                isr_irq50
                0x1000011c                isr_irq40
                0x1000011c                isr_irq28
                0x1000011c                isr_irq19
                0x1000011c                isr_irq36
                0x1000011c                isr_irq41
                0x1000011c                isr_irq0
                0x1000011c                isr_irq6
                0x1000011c                isr_irq37
                0x1000011c                isr_irq42
                0x1000011c                isr_irq22
                0x1000011c                isr_irq17
                0x1000011c                isr_irq38
                0x1000011c                isr_irq14
                0x1000011c                isr_irq2
                0x1000011c                isr_irq10
                0x1000011c                isr_irq8
                0x1000011c                isr_irq24
                0x1000011c                isr_irq46
                0x1000011c                isr_irq1
                0x1000011c                isr_irq47
                0x1000011c                isr_irq51
                0x1000011c                isr_irq7
                0x1000011c                isr_irq21
                0x1000011c                isr_irq39
                0x1000011c                isr_irq20
                0x1000011c                isr_irq15
                0x1000011c                isr_irq25
                0x1000011c                isr_irq34
                0x1000011c                isr_irq4
                0x1000011c                isr_irq16
                0x1000011c                isr_irq44
                0x1000011c                isr_irq29
                0x1000011c                isr_irq26
                0x1000011c                __default_isrs_end
                0x1000011c                isr_irq33
                0x1000011c                isr_irq3
                0x1000011c                isr_irq12
                0x1000011c                isr_irq9
                0x10000122                unhandled_user_irq_num_in_r0
 *(.binary_info_header)
 .binary_info_header
                0x10000124       0x14 CMakeFiles/MPU+MATRIX.dir/home/satlab/.pico-sdk/sdk/2.0.0/src/rp2_common/pico_crt0/crt0.S.obj
                0x10000138                        __binary_info_header_end = .
 *(.embedded_block)
 .embedded_block
                0x10000138       0x14 CMakeFiles/MPU+MATRIX.dir/home/satlab/.pico-sdk/sdk/2.0.0/src/rp2_common/pico_crt0/crt0.S.obj
                0x1000014c                        __embedded_block_end = .
 *(.reset)
 .reset         0x1000014c       0xa0 CMakeFiles/MPU+MATRIX.dir/home/satlab/.pico-sdk/sdk/2.0.0/src/rp2_common/pico_crt0/crt0.S.obj
                0x1000014c                _entry_point
 *(.init)
 .init          0x100001ec        0x4 /home/satlab/.pico-sdk/toolchain/13_2_Rel1/bin/../lib/gcc/arm-none-eabi/13.2.1/thumb/v8-m.main+fp/softfp/crti.o
                0x100001ec                _init
 *libgcc.a:cmse_nonsecure_call.o()
 *(EXCLUDE_FILE(*libm.a: *libc.a:*lib_a-mem*.o *libgcc.a:) .text*)
 .text.register_tm_clones
                0x100001f0       0x28 /home/satlab/.pico-sdk/toolchain/13_2_Rel1/bin/../lib/gcc/arm-none-eabi/13.2.1/thumb/v8-m.main+fp/softfp/crtbegin.o
 .text.frame_dummy
                0x10000218       0x24 /home/satlab/.pico-sdk/toolchain/13_2_Rel1/bin/../lib/gcc/arm-none-eabi/13.2.1/thumb/v8-m.main+fp/softfp/crtbegin.o
 .text._Z12mpu6050_initv
                0x1000023c       0x28 CMakeFiles/MPU+MATRIX.dir/MPU+MATRIX.cpp.obj
                0x1000023c                mpu6050_init()
 .text._Z17read_mpu6050_dataPsS_S_S_S_S_Pf
                0x10000264       0xd0 CMakeFiles/MPU+MATRIX.dir/MPU+MATRIX.cpp.obj
                0x10000264                read_mpu6050_data(short*, short*, short*, short*, short*, short*, float*)
 .text.main     0x10000334      0x154 CMakeFiles/MPU+MATRIX.dir/MPU+MATRIX.cpp.obj
                0x10000334                main
 .text.i2c_unreset
                0x10000488       0x2c CMakeFiles/MPU+MATRIX.dir/home/satlab/.pico-sdk/sdk/2.0.0/src/rp2_common/hardware_i2c/i2c.c.obj
 .text.i2c_write_blocking_internal
                0x100004b4      0x124 CMakeFiles/MPU+MATRIX.dir/home/satlab/.pico-sdk/sdk/2.0.0/src/rp2_common/hardware_i2c/i2c.c.obj
 .text.i2c_read_blocking_internal
                0x100005d8       0xc8 CMakeFiles/MPU+MATRIX.dir/home/satlab/.pico-sdk/sdk/2.0.0/src/rp2_common/hardware_i2c/i2c.c.obj
 .text.i2c_set_baudrate
                0x100006a0       0xc8 CMakeFiles/MPU+MATRIX.dir/home/satlab/.pico-sdk/sdk/2.0.0/src/rp2_common/hardware_i2c/i2c.c.obj
                0x100006a0                i2c_set_baudrate
 .text.i2c_init
                0x10000768       0x54 CMakeFiles/MPU+MATRIX.dir/home/satlab/.pico-sdk/sdk/2.0.0/src/rp2_common/hardware_i2c/i2c.c.obj
                0x10000768                i2c_init
 .text.i2c_write_blocking
                0x100007bc       0x18 CMakeFiles/MPU+MATRIX.dir/home/satlab/.pico-sdk/sdk/2.0.0/src/rp2_common/hardware_i2c/i2c.c.obj
                0x100007bc                i2c_write_blocking
 .text.i2c_read_blocking
                0x100007d4       0x18 CMakeFiles/MPU+MATRIX.dir/home/satlab/.pico-sdk/sdk/2.0.0/src/rp2_common/hardware_i2c/i2c.c.obj
                0x100007d4                i2c_read_blocking
 .text.panic    0x100007ec       0x30 CMakeFiles/MPU+MATRIX.dir/home/satlab/.pico-sdk/sdk/2.0.0/src/rp2_common/pico_platform_panic/panic.c.obj
                0x100007ec                panic
 .text.hw_claim_lock
                0x1000081c       0x24 CMakeFiles/MPU+MATRIX.dir/home/satlab/.pico-sdk/sdk/2.0.0/src/common/hardware_claim/claim.c.obj
                0x1000081c                hw_claim_lock
 .text.hw_claim_unlock
                0x10000840       0x14 CMakeFiles/MPU+MATRIX.dir/home/satlab/.pico-sdk/sdk/2.0.0/src/common/hardware_claim/claim.c.obj
                0x10000840                hw_claim_unlock
 .text.hw_claim_or_assert
                0x10000854       0x32 CMakeFiles/MPU+MATRIX.dir/home/satlab/.pico-sdk/sdk/2.0.0/src/common/hardware_claim/claim.c.obj
                0x10000854                hw_claim_or_assert
 .text.hw_claim_unused_from_range
                0x10000886       0x4e CMakeFiles/MPU+MATRIX.dir/home/satlab/.pico-sdk/sdk/2.0.0/src/common/hardware_claim/claim.c.obj
                0x10000886                hw_claim_unused_from_range
 .text.next_striped_spin_lock_num
                0x100008d4       0x1c CMakeFiles/MPU+MATRIX.dir/home/satlab/.pico-sdk/sdk/2.0.0/src/rp2_common/hardware_sync/sync.c.obj
                0x100008d4                next_striped_spin_lock_num
 .text.spin_lock_claim_unused
                0x100008f0       0x24 CMakeFiles/MPU+MATRIX.dir/home/satlab/.pico-sdk/sdk/2.0.0/src/rp2_common/hardware_sync/sync.c.obj
                0x100008f0                spin_lock_claim_unused
 .text.spinlock_set_extexclall
                0x10000914        0xe CMakeFiles/MPU+MATRIX.dir/home/satlab/.pico-sdk/sdk/2.0.0/src/rp2_common/hardware_sync_spin_lock/sync_spin_lock.c.obj
 *fill*         0x10000922        0x2 
 .text.spin_locks_reset
                0x10000924       0x1c CMakeFiles/MPU+MATRIX.dir/home/satlab/.pico-sdk/sdk/2.0.0/src/rp2_common/hardware_sync_spin_lock/sync_spin_lock.c.obj
                0x10000924                spin_locks_reset
 .text.ta_from_current_irq
                0x10000940       0x24 CMakeFiles/MPU+MATRIX.dir/home/satlab/.pico-sdk/sdk/2.0.0/src/common/pico_time/time.c.obj
 .text.make_alarm_id
                0x10000964        0x6 CMakeFiles/MPU+MATRIX.dir/home/satlab/.pico-sdk/sdk/2.0.0/src/common/pico_time/time.c.obj
 *fill*         0x1000096a        0x2 
 .text.sleep_until_callback
                0x1000096c       0x3c CMakeFiles/MPU+MATRIX.dir/home/satlab/.pico-sdk/sdk/2.0.0/src/common/pico_time/time.c.obj
 .text.alarm_pool_irq_handler
                0x100009a8      0x2c0 CMakeFiles/MPU+MATRIX.dir/home/satlab/.pico-sdk/sdk/2.0.0/src/common/pico_time/time.c.obj
 .text.ta_enable_irq_handler
                0x10000c68       0x38 CMakeFiles/MPU+MATRIX.dir/home/satlab/.pico-sdk/sdk/2.0.0/src/common/pico_time/time.c.obj
 .text.alarm_pool_post_alloc_init
                0x10000ca0       0x7c CMakeFiles/MPU+MATRIX.dir/home/satlab/.pico-sdk/sdk/2.0.0/src/common/pico_time/time.c.obj
 .text.alarm_pool_get_default
                0x10000d1c       0x28 CMakeFiles/MPU+MATRIX.dir/home/satlab/.pico-sdk/sdk/2.0.0/src/common/pico_time/time.c.obj
                0x10000d1c                alarm_pool_get_default
 .text.alarm_pool_add_alarm_at_force_in_context
                0x10000d44       0xc0 CMakeFiles/MPU+MATRIX.dir/home/satlab/.pico-sdk/sdk/2.0.0/src/common/pico_time/time.c.obj
                0x10000d44                alarm_pool_add_alarm_at_force_in_context
 .text.alarm_pool_add_alarm_at
                0x10000e04       0x38 CMakeFiles/MPU+MATRIX.dir/home/satlab/.pico-sdk/sdk/2.0.0/src/common/pico_time/time.c.obj
                0x10000e04                alarm_pool_add_alarm_at
 .text.add_alarm_at
                0x10000e3c       0x26 CMakeFiles/MPU+MATRIX.dir/home/satlab/.pico-sdk/sdk/2.0.0/src/common/pico_time/time.c.obj
 .text.alarm_pool_cancel_alarm
                0x10000e62       0x72 CMakeFiles/MPU+MATRIX.dir/home/satlab/.pico-sdk/sdk/2.0.0/src/common/pico_time/time.c.obj
                0x10000e62                alarm_pool_cancel_alarm
 .text.cancel_alarm
                0x10000ed4       0x10 CMakeFiles/MPU+MATRIX.dir/home/satlab/.pico-sdk/sdk/2.0.0/src/common/pico_time/time.c.obj
 .text.alarm_pool_core_num
                0x10000ee4        0x4 CMakeFiles/MPU+MATRIX.dir/home/satlab/.pico-sdk/sdk/2.0.0/src/common/pico_time/time.c.obj
                0x10000ee4                alarm_pool_core_num
 .text.sleep_until
                0x10000ee8       0xc4 CMakeFiles/MPU+MATRIX.dir/home/satlab/.pico-sdk/sdk/2.0.0/src/common/pico_time/time.c.obj
                0x10000ee8                sleep_until
 .text.sleep_us
                0x10000fac       0x24 CMakeFiles/MPU+MATRIX.dir/home/satlab/.pico-sdk/sdk/2.0.0/src/common/pico_time/time.c.obj
                0x10000fac                sleep_us
 .text.sleep_ms
                0x10000fd0       0x28 CMakeFiles/MPU+MATRIX.dir/home/satlab/.pico-sdk/sdk/2.0.0/src/common/pico_time/time.c.obj
                0x10000fd0                sleep_ms
 .text.best_effort_wfe_or_timeout
                0x10000ff8       0xc4 CMakeFiles/MPU+MATRIX.dir/home/satlab/.pico-sdk/sdk/2.0.0/src/common/pico_time/time.c.obj
                0x10000ff8                best_effort_wfe_or_timeout
 .text.alarm_pool_get_default_timer
                0x100010bc        0x8 CMakeFiles/MPU+MATRIX.dir/home/satlab/.pico-sdk/sdk/2.0.0/src/common/pico_time/time.c.obj
                0x100010bc                alarm_pool_get_default_timer
 .text.runtime_init_default_alarm_pool
                0x100010c4       0x34 CMakeFiles/MPU+MATRIX.dir/home/satlab/.pico-sdk/sdk/2.0.0/src/common/pico_time/time.c.obj
                0x100010c4                runtime_init_default_alarm_pool
 .text.timer_hardware_alarm_claim
                0x100010f8       0x24 CMakeFiles/MPU+MATRIX.dir/home/satlab/.pico-sdk/sdk/2.0.0/src/rp2_common/hardware_timer/timer.c.obj
                0x100010f8                timer_hardware_alarm_claim
 .text.timer_time_us_64
                0x1000111c       0x10 CMakeFiles/MPU+MATRIX.dir/home/satlab/.pico-sdk/sdk/2.0.0/src/rp2_common/hardware_timer/timer.c.obj
                0x1000111c                timer_time_us_64
 .text.timer_busy_wait_until
                0x1000112c       0x1a CMakeFiles/MPU+MATRIX.dir/home/satlab/.pico-sdk/sdk/2.0.0/src/rp2_common/hardware_timer/timer.c.obj
                0x1000112c                timer_busy_wait_until
 *fill*         0x10001146        0x2 
 .text.time_us_64
                0x10001148       0x10 CMakeFiles/MPU+MATRIX.dir/home/satlab/.pico-sdk/sdk/2.0.0/src/rp2_common/hardware_timer/timer.c.obj
                0x10001148                time_us_64
 .text.busy_wait_until
                0x10001158       0x14 CMakeFiles/MPU+MATRIX.dir/home/satlab/.pico-sdk/sdk/2.0.0/src/rp2_common/hardware_timer/timer.c.obj
                0x10001158                busy_wait_until
 .text.set_raw_irq_handler_and_unlock
                0x1000116c       0x24 CMakeFiles/MPU+MATRIX.dir/home/satlab/.pico-sdk/sdk/2.0.0/src/rp2_common/hardware_irq/irq.c.obj
 .text.nvic_ipr0
                0x10001190        0x8 CMakeFiles/MPU+MATRIX.dir/home/satlab/.pico-sdk/sdk/2.0.0/src/rp2_common/hardware_irq/irq.c.obj
 .text.runtime_init_per_core_irq_priorities
                0x10001198       0x1a CMakeFiles/MPU+MATRIX.dir/home/satlab/.pico-sdk/sdk/2.0.0/src/rp2_common/hardware_irq/irq.c.obj
                0x10001198                runtime_init_per_core_irq_priorities
 *fill*         0x100011b2        0x2 
 .text.resolve_j_16
                0x100011b4       0x40 CMakeFiles/MPU+MATRIX.dir/home/satlab/.pico-sdk/sdk/2.0.0/src/rp2_common/hardware_irq/irq.c.obj
 .text.make_j_16
                0x100011f4       0x3c CMakeFiles/MPU+MATRIX.dir/home/satlab/.pico-sdk/sdk/2.0.0/src/rp2_common/hardware_irq/irq.c.obj
 .text.irq_is_enabled
                0x10001230       0x20 CMakeFiles/MPU+MATRIX.dir/home/satlab/.pico-sdk/sdk/2.0.0/src/rp2_common/hardware_irq/irq.c.obj
                0x10001230                irq_is_enabled
 .text.irq_set_mask_n_enabled
                0x10001250       0x20 CMakeFiles/MPU+MATRIX.dir/home/satlab/.pico-sdk/sdk/2.0.0/src/rp2_common/hardware_irq/irq.c.obj
                0x10001250                irq_set_mask_n_enabled
 .text.irq_set_enabled
                0x10001270       0x14 CMakeFiles/MPU+MATRIX.dir/home/satlab/.pico-sdk/sdk/2.0.0/src/rp2_common/hardware_irq/irq.c.obj
                0x10001270                irq_set_enabled
 .text.irq_set_pending
                0x10001284       0x18 CMakeFiles/MPU+MATRIX.dir/home/satlab/.pico-sdk/sdk/2.0.0/src/rp2_common/hardware_irq/irq.c.obj
                0x10001284                irq_set_pending
 .text.irq_get_vtable_handler
                0x1000129c       0x10 CMakeFiles/MPU+MATRIX.dir/home/satlab/.pico-sdk/sdk/2.0.0/src/rp2_common/hardware_irq/irq.c.obj
                0x1000129c                irq_get_vtable_handler
 .text.irq_has_shared_handler
                0x100012ac       0x20 CMakeFiles/MPU+MATRIX.dir/home/satlab/.pico-sdk/sdk/2.0.0/src/rp2_common/hardware_irq/irq.c.obj
                0x100012ac                irq_has_shared_handler
 .text.irq_set_exclusive_handler
                0x100012cc       0x60 CMakeFiles/MPU+MATRIX.dir/home/satlab/.pico-sdk/sdk/2.0.0/src/rp2_common/hardware_irq/irq.c.obj
                0x100012cc                irq_set_exclusive_handler
 .text.irq_add_shared_handler
                0x1000132c      0x234 CMakeFiles/MPU+MATRIX.dir/home/satlab/.pico-sdk/sdk/2.0.0/src/rp2_common/hardware_irq/irq.c.obj
                0x1000132c                irq_add_shared_handler
 .text.irq_add_tail_to_free_list
                0x10001560       0xf8 CMakeFiles/MPU+MATRIX.dir/home/satlab/.pico-sdk/sdk/2.0.0/src/rp2_common/hardware_irq/irq.c.obj
                0x10001560                irq_add_tail_to_free_list
 .text.user_irq_claim_unused
                0x10001658       0x2c CMakeFiles/MPU+MATRIX.dir/home/satlab/.pico-sdk/sdk/2.0.0/src/rp2_common/hardware_irq/irq.c.obj
                0x10001658                user_irq_claim_unused
 .text.lock_init
                0x10001684        0xc CMakeFiles/MPU+MATRIX.dir/home/satlab/.pico-sdk/sdk/2.0.0/src/common/pico_sync/lock_core.c.obj
                0x10001684                lock_init
 .text.mutex_init
                0x10001690       0x1a CMakeFiles/MPU+MATRIX.dir/home/satlab/.pico-sdk/sdk/2.0.0/src/common/pico_sync/mutex.c.obj
                0x10001690                mutex_init
 .text.recursive_mutex_init
                0x100016aa       0x1e CMakeFiles/MPU+MATRIX.dir/home/satlab/.pico-sdk/sdk/2.0.0/src/common/pico_sync/mutex.c.obj
                0x100016aa                recursive_mutex_init
 .text.runtime_init_mutex
                0x100016c8       0x4c CMakeFiles/MPU+MATRIX.dir/home/satlab/.pico-sdk/sdk/2.0.0/src/common/pico_sync/mutex.c.obj
                0x100016c8                runtime_init_mutex
 .text.critical_section_init_with_lock_num
                0x10001714       0x10 CMakeFiles/MPU+MATRIX.dir/home/satlab/.pico-sdk/sdk/2.0.0/src/common/pico_sync/critical_section.c.obj
                0x10001714                critical_section_init_with_lock_num
 .text.critical_section_init
                0x10001724       0x14 CMakeFiles/MPU+MATRIX.dir/home/satlab/.pico-sdk/sdk/2.0.0/src/common/pico_sync/critical_section.c.obj
                0x10001724                critical_section_init
 .text.clock_configure_internal
                0x10001738       0xb8 CMakeFiles/MPU+MATRIX.dir/home/satlab/.pico-sdk/sdk/2.0.0/src/rp2_common/hardware_clocks/clocks.c.obj
 .text.clock_configure_undivided
                0x100017f0       0x12 CMakeFiles/MPU+MATRIX.dir/home/satlab/.pico-sdk/sdk/2.0.0/src/rp2_common/hardware_clocks/clocks.c.obj
                0x100017f0                clock_configure_undivided
 *fill*         0x10001802        0x2 
 .text.clock_get_hz
                0x10001804        0xc CMakeFiles/MPU+MATRIX.dir/home/satlab/.pico-sdk/sdk/2.0.0/src/rp2_common/hardware_clocks/clocks.c.obj
                0x10001804                clock_get_hz
 .text.gpio_set_function
                0x10001810       0x38 CMakeFiles/MPU+MATRIX.dir/home/satlab/.pico-sdk/sdk/2.0.0/src/rp2_common/hardware_gpio/gpio.c.obj
                0x10001810                gpio_set_function
 .text.gpio_set_pulls
                0x10001848       0x38 CMakeFiles/MPU+MATRIX.dir/home/satlab/.pico-sdk/sdk/2.0.0/src/rp2_common/hardware_gpio/gpio.c.obj
                0x10001848                gpio_set_pulls
 .text.pll_init
                0x10001880      0x108 CMakeFiles/MPU+MATRIX.dir/home/satlab/.pico-sdk/sdk/2.0.0/src/rp2_common/hardware_pll/pll.c.obj
                0x10001880                pll_init
 .text.watchdog_update
                0x10001988       0x14 CMakeFiles/MPU+MATRIX.dir/home/satlab/.pico-sdk/sdk/2.0.0/src/rp2_common/hardware_watchdog/watchdog.c.obj
                0x10001988                watchdog_update
 .text._watchdog_enable
                0x1000199c       0x6c CMakeFiles/MPU+MATRIX.dir/home/satlab/.pico-sdk/sdk/2.0.0/src/rp2_common/hardware_watchdog/watchdog.c.obj
                0x1000199c                _watchdog_enable
 .text.watchdog_reboot
                0x10001a08       0x44 CMakeFiles/MPU+MATRIX.dir/home/satlab/.pico-sdk/sdk/2.0.0/src/rp2_common/hardware_watchdog/watchdog.c.obj
                0x10001a08                watchdog_reboot
 .text.tick_start
                0x10001a4c       0x1c CMakeFiles/MPU+MATRIX.dir/home/satlab/.pico-sdk/sdk/2.0.0/src/rp2_common/hardware_ticks/ticks.c.obj
                0x10001a4c                tick_start
 .text.xosc_init
                0x10001a68       0x28 CMakeFiles/MPU+MATRIX.dir/home/satlab/.pico-sdk/sdk/2.0.0/src/rp2_common/hardware_xosc/xosc.c.obj
                0x10001a68                xosc_init
 .text.runtime_run_initializers_from
                0x10001a90       0x18 CMakeFiles/MPU+MATRIX.dir/home/satlab/.pico-sdk/sdk/2.0.0/src/rp2_common/pico_runtime/runtime.c.obj
 .text.first_per_core_initializer
                0x10001aa8        0x2 CMakeFiles/MPU+MATRIX.dir/home/satlab/.pico-sdk/sdk/2.0.0/src/rp2_common/pico_runtime/runtime.c.obj
 *fill*         0x10001aaa        0x2 
 .text.runtime_run_initializers
                0x10001aac       0x10 CMakeFiles/MPU+MATRIX.dir/home/satlab/.pico-sdk/sdk/2.0.0/src/rp2_common/pico_runtime/runtime.c.obj
                0x10001aac                runtime_run_initializers
 .text.runtime_init_early_resets
                0x10001abc       0x2c CMakeFiles/MPU+MATRIX.dir/home/satlab/.pico-sdk/sdk/2.0.0/src/rp2_common/pico_runtime_init/runtime_init.c.obj
                0x10001abc                runtime_init_early_resets
 .text.runtime_init_usb_power_down
                0x10001ae8       0x20 CMakeFiles/MPU+MATRIX.dir/home/satlab/.pico-sdk/sdk/2.0.0/src/rp2_common/pico_runtime_init/runtime_init.c.obj
                0x10001ae8                runtime_init_usb_power_down
 .text.runtime_init_per_core_enable_coprocessors
                0x10001b08       0x1c CMakeFiles/MPU+MATRIX.dir/home/satlab/.pico-sdk/sdk/2.0.0/src/rp2_common/pico_runtime_init/runtime_init.c.obj
                0x10001b08                runtime_init_per_core_enable_coprocessors
 .text.runtime_init_post_clock_resets
                0x10001b24       0x20 CMakeFiles/MPU+MATRIX.dir/home/satlab/.pico-sdk/sdk/2.0.0/src/rp2_common/pico_runtime_init/runtime_init.c.obj
                0x10001b24                runtime_init_post_clock_resets
 .text.runtime_init_bootrom_reset
                0x10001b44       0x12 CMakeFiles/MPU+MATRIX.dir/home/satlab/.pico-sdk/sdk/2.0.0/src/rp2_common/pico_runtime_init/runtime_init.c.obj
                0x10001b44                runtime_init_bootrom_reset
 .text.runtime_init_per_core_bootrom_reset
                0x10001b56       0x12 CMakeFiles/MPU+MATRIX.dir/home/satlab/.pico-sdk/sdk/2.0.0/src/rp2_common/pico_runtime_init/runtime_init.c.obj
                0x10001b56                runtime_init_per_core_bootrom_reset
 .text.runtime_init_spin_locks_reset
                0x10001b68        0x8 CMakeFiles/MPU+MATRIX.dir/home/satlab/.pico-sdk/sdk/2.0.0/src/rp2_common/pico_runtime_init/runtime_init.c.obj
                0x10001b68                runtime_init_spin_locks_reset
 .text.runtime_init_install_ram_vector_table
                0x10001b70       0x20 CMakeFiles/MPU+MATRIX.dir/home/satlab/.pico-sdk/sdk/2.0.0/src/rp2_common/pico_runtime_init/runtime_init.c.obj
                0x10001b70                runtime_init_install_ram_vector_table
 .text.start_all_ticks
                0x10001b90       0x28 CMakeFiles/MPU+MATRIX.dir/home/satlab/.pico-sdk/sdk/2.0.0/src/rp2_common/pico_runtime_init/runtime_init_clocks.c.obj
 .text.runtime_init_clocks
                0x10001bb8       0xc4 CMakeFiles/MPU+MATRIX.dir/home/satlab/.pico-sdk/sdk/2.0.0/src/rp2_common/pico_runtime_init/runtime_init_clocks.c.obj
                0x10001bb8                runtime_init_clocks
 .text.rom_reboot
                0x10001c7c       0x4e CMakeFiles/MPU+MATRIX.dir/home/satlab/.pico-sdk/sdk/2.0.0/src/rp2_common/pico_bootrom/bootrom.c.obj
 .text.rom_func_lookup
                0x10001cca       0x2c CMakeFiles/MPU+MATRIX.dir/home/satlab/.pico-sdk/sdk/2.0.0/src/rp2_common/pico_bootrom/bootrom.c.obj
                0x10001cca                rom_func_lookup
 .text.rom_reset_usb_boot
                0x10001cf6       0x1e CMakeFiles/MPU+MATRIX.dir/home/satlab/.pico-sdk/sdk/2.0.0/src/rp2_common/pico_bootrom/bootrom.c.obj
                0x10001cf6                rom_reset_usb_boot
 .text.runtime_init_bootrom_locking_enable
                0x10001d14       0x14 CMakeFiles/MPU+MATRIX.dir/home/satlab/.pico-sdk/sdk/2.0.0/src/rp2_common/pico_bootrom/bootrom_lock.c.obj
                0x10001d14                runtime_init_bootrom_locking_enable
 .text.boot_locks_reset
                0x10001d28       0x20 CMakeFiles/MPU+MATRIX.dir/home/satlab/.pico-sdk/sdk/2.0.0/src/rp2_common/hardware_boot_lock/boot_lock.c.obj
                0x10001d28                boot_locks_reset
 .text.runtime_init_boot_locks_reset
                0x10001d48        0x8 CMakeFiles/MPU+MATRIX.dir/home/satlab/.pico-sdk/sdk/2.0.0/src/rp2_common/hardware_boot_lock/boot_lock.c.obj
                0x10001d48                runtime_init_boot_locks_reset
 .text.__rp2350_dcp_engaged_state_save_restore
                0x10001d50       0x3a CMakeFiles/MPU+MATRIX.dir/home/satlab/.pico-sdk/sdk/2.0.0/src/rp2_common/pico_double/double_aeabi_dcp.S.obj
 *fill*         0x10001d8a        0x2 
 .text.__wrap___aeabi_dadd
                0x10001d8c       0x28 CMakeFiles/MPU+MATRIX.dir/home/satlab/.pico-sdk/sdk/2.0.0/src/rp2_common/pico_double/double_aeabi_dcp.S.obj
                0x10001d94                __wrap___aeabi_dadd
 .text.__wrap___aeabi_dsub
                0x10001db4       0x28 CMakeFiles/MPU+MATRIX.dir/home/satlab/.pico-sdk/sdk/2.0.0/src/rp2_common/pico_double/double_aeabi_dcp.S.obj
                0x10001dbc                __wrap___aeabi_dsub
 .text.__wrap___aeabi_dmul
                0x10001ddc       0x4c CMakeFiles/MPU+MATRIX.dir/home/satlab/.pico-sdk/sdk/2.0.0/src/rp2_common/pico_double/double_aeabi_dcp.S.obj
                0x10001de4                __wrap___aeabi_dmul
 .text.__wrap___aeabi_ddiv
                0x10001e28       0x9c CMakeFiles/MPU+MATRIX.dir/home/satlab/.pico-sdk/sdk/2.0.0/src/rp2_common/pico_double/double_aeabi_dcp.S.obj
                0x10001e30                __wrap___aeabi_ddiv
 .text.__wrap___aeabi_i2d
                0x10001ec4       0x24 CMakeFiles/MPU+MATRIX.dir/home/satlab/.pico-sdk/sdk/2.0.0/src/rp2_common/pico_double/double_aeabi_dcp.S.obj
                0x10001ecc                __wrap___aeabi_i2d
 .text.__wrap___aeabi_ui2d
                0x10001ee8       0x24 CMakeFiles/MPU+MATRIX.dir/home/satlab/.pico-sdk/sdk/2.0.0/src/rp2_common/pico_double/double_aeabi_dcp.S.obj
                0x10001ef0                __wrap___aeabi_ui2d
 .text.__wrap___aeabi_d2iz
                0x10001f0c       0x24 CMakeFiles/MPU+MATRIX.dir/home/satlab/.pico-sdk/sdk/2.0.0/src/rp2_common/pico_double/double_aeabi_dcp.S.obj
                0x10001f14                __wrap___aeabi_d2iz
 .text.__wrap___aeabi_d2uiz
                0x10001f30       0x24 CMakeFiles/MPU+MATRIX.dir/home/satlab/.pico-sdk/sdk/2.0.0/src/rp2_common/pico_double/double_aeabi_dcp.S.obj
                0x10001f38                __wrap___aeabi_d2uiz
 .text.__wrap___aeabi_dcmpun
                0x10001f54       0x24 CMakeFiles/MPU+MATRIX.dir/home/satlab/.pico-sdk/sdk/2.0.0/src/rp2_common/pico_double/double_aeabi_dcp.S.obj
                0x10001f5c                __wrap___aeabi_dcmpun
 .text.__wrap___aeabi_dcmplt
                0x10001f78       0x28 CMakeFiles/MPU+MATRIX.dir/home/satlab/.pico-sdk/sdk/2.0.0/src/rp2_common/pico_double/double_aeabi_dcp.S.obj
                0x10001f80                __wrap___aeabi_dcmplt
 .text.__wrap___aeabi_dcmple
                0x10001fa0       0x28 CMakeFiles/MPU+MATRIX.dir/home/satlab/.pico-sdk/sdk/2.0.0/src/rp2_common/pico_double/double_aeabi_dcp.S.obj
                0x10001fa8                __wrap___aeabi_dcmple
 .text.__wrap___aeabi_dcmpge
                0x10001fc8       0x28 CMakeFiles/MPU+MATRIX.dir/home/satlab/.pico-sdk/sdk/2.0.0/src/rp2_common/pico_double/double_aeabi_dcp.S.obj
                0x10001fd0                __wrap___aeabi_dcmpge
 .text.__wrap___aeabi_dcmpgt
                0x10001ff0       0x28 CMakeFiles/MPU+MATRIX.dir/home/satlab/.pico-sdk/sdk/2.0.0/src/rp2_common/pico_double/double_aeabi_dcp.S.obj
                0x10001ff8                __wrap___aeabi_dcmpgt
 .text._out_null
                0x10002018        0x2 CMakeFiles/MPU+MATRIX.dir/home/satlab/.pico-sdk/sdk/2.0.0/src/rp2_common/pico_printf/printf.c.obj
 .text._out_fct
                0x1000201a        0xe CMakeFiles/MPU+MATRIX.dir/home/satlab/.pico-sdk/sdk/2.0.0/src/rp2_common/pico_printf/printf.c.obj
 .text._atoi    0x10002028       0x26 CMakeFiles/MPU+MATRIX.dir/home/satlab/.pico-sdk/sdk/2.0.0/src/rp2_common/pico_printf/printf.c.obj
 .text._out_rev
                0x1000204e       0x7e CMakeFiles/MPU+MATRIX.dir/home/satlab/.pico-sdk/sdk/2.0.0/src/rp2_common/pico_printf/printf.c.obj
 .text._ntoa_format
                0x100020cc      0x136 CMakeFiles/MPU+MATRIX.dir/home/satlab/.pico-sdk/sdk/2.0.0/src/rp2_common/pico_printf/printf.c.obj
 .text._ntoa_long
                0x10002202       0x94 CMakeFiles/MPU+MATRIX.dir/home/satlab/.pico-sdk/sdk/2.0.0/src/rp2_common/pico_printf/printf.c.obj
 .text._ntoa_long_long
                0x10002296       0xc2 CMakeFiles/MPU+MATRIX.dir/home/satlab/.pico-sdk/sdk/2.0.0/src/rp2_common/pico_printf/printf.c.obj
 .text._etoa    0x10002358      0x41c CMakeFiles/MPU+MATRIX.dir/home/satlab/.pico-sdk/sdk/2.0.0/src/rp2_common/pico_printf/printf.c.obj
 *fill*         0x10002774        0x4 
 .text._ftoa    0x10002778      0x398 CMakeFiles/MPU+MATRIX.dir/home/satlab/.pico-sdk/sdk/2.0.0/src/rp2_common/pico_printf/printf.c.obj
 .text._vsnprintf
                0x10002b10      0x6d0 CMakeFiles/MPU+MATRIX.dir/home/satlab/.pico-sdk/sdk/2.0.0/src/rp2_common/pico_printf/printf.c.obj
 .text.vfctprintf
                0x100031e0       0x24 CMakeFiles/MPU+MATRIX.dir/home/satlab/.pico-sdk/sdk/2.0.0/src/rp2_common/pico_printf/printf.c.obj
                0x100031e0                vfctprintf
 .text._exit    0x10003204        0x4 CMakeFiles/MPU+MATRIX.dir/home/satlab/.pico-sdk/sdk/2.0.0/src/rp2_common/pico_clib_interface/newlib_interface.c.obj
                0x10003204                _exit
 .text.exit     0x10003208        0x6 CMakeFiles/MPU+MATRIX.dir/home/satlab/.pico-sdk/sdk/2.0.0/src/rp2_common/pico_clib_interface/newlib_interface.c.obj
                0x10003208                exit
 *fill*         0x1000320e        0x2 
 .text.__assert_func
                0x10003210       0x34 CMakeFiles/MPU+MATRIX.dir/home/satlab/.pico-sdk/sdk/2.0.0/src/rp2_common/pico_clib_interface/newlib_interface.c.obj
                0x10003210                __assert_func
 .text.runtime_init
                0x10003244       0x2c CMakeFiles/MPU+MATRIX.dir/home/satlab/.pico-sdk/sdk/2.0.0/src/rp2_common/pico_clib_interface/newlib_interface.c.obj
                0x10003244                runtime_init
 .text.stdio_out_chars_no_crlf
                0x10003270        0xe CMakeFiles/MPU+MATRIX.dir/home/satlab/.pico-sdk/sdk/2.0.0/src/rp2_common/pico_stdio/stdio.c.obj
 *fill*         0x1000327e        0x2 
 .text.stdio_out_chars_crlf
                0x10003280       0x80 CMakeFiles/MPU+MATRIX.dir/home/satlab/.pico-sdk/sdk/2.0.0/src/rp2_common/pico_stdio/stdio.c.obj
 .text.stdio_stack_buffer_flush
                0x10003300       0x40 CMakeFiles/MPU+MATRIX.dir/home/satlab/.pico-sdk/sdk/2.0.0/src/rp2_common/pico_stdio/stdio.c.obj
 .text.stdio_buffered_printer
                0x10003340       0x20 CMakeFiles/MPU+MATRIX.dir/home/satlab/.pico-sdk/sdk/2.0.0/src/rp2_common/pico_stdio/stdio.c.obj
 .text.stdout_serialize_begin
                0x10003360       0x2c CMakeFiles/MPU+MATRIX.dir/home/satlab/.pico-sdk/sdk/2.0.0/src/rp2_common/pico_stdio/stdio.c.obj
                0x10003360                stdout_serialize_begin
 .text.stdout_serialize_end
                0x1000338c       0x10 CMakeFiles/MPU+MATRIX.dir/home/satlab/.pico-sdk/sdk/2.0.0/src/rp2_common/pico_stdio/stdio.c.obj
                0x1000338c                stdout_serialize_end
 .text.stdio_put_string
                0x1000339c       0x8c CMakeFiles/MPU+MATRIX.dir/home/satlab/.pico-sdk/sdk/2.0.0/src/rp2_common/pico_stdio/stdio.c.obj
                0x1000339c                stdio_put_string
 .text.stdio_set_driver_enabled
                0x10003428       0x28 CMakeFiles/MPU+MATRIX.dir/home/satlab/.pico-sdk/sdk/2.0.0/src/rp2_common/pico_stdio/stdio.c.obj
                0x10003428                stdio_set_driver_enabled
 .text.stdio_flush
                0x10003450       0x1c CMakeFiles/MPU+MATRIX.dir/home/satlab/.pico-sdk/sdk/2.0.0/src/rp2_common/pico_stdio/stdio.c.obj
                0x10003450                stdio_flush
 .text.stdio_init_all
                0x1000346c        0x8 CMakeFiles/MPU+MATRIX.dir/home/satlab/.pico-sdk/sdk/2.0.0/src/rp2_common/pico_stdio/stdio.c.obj
                0x1000346c                stdio_init_all
 .text.__wrap_puts
                0x10003474       0x1e CMakeFiles/MPU+MATRIX.dir/home/satlab/.pico-sdk/sdk/2.0.0/src/rp2_common/pico_stdio/stdio.c.obj
                0x10003474                __wrap_puts
                0x10003474                stdio_puts
 *fill*         0x10003492        0x2 
 .text.__wrap_vprintf
                0x10003494       0x3c CMakeFiles/MPU+MATRIX.dir/home/satlab/.pico-sdk/sdk/2.0.0/src/rp2_common/pico_stdio/stdio.c.obj
                0x10003494                __wrap_vprintf
                0x10003494                stdio_vprintf
 .text.__wrap_printf
                0x100034d0       0x1c CMakeFiles/MPU+MATRIX.dir/home/satlab/.pico-sdk/sdk/2.0.0/src/rp2_common/pico_stdio/stdio.c.obj
                0x100034d0                stdio_printf
                0x100034d0                __wrap_printf
 .text.resetd_init
                0x100034ec        0x2 CMakeFiles/MPU+MATRIX.dir/home/satlab/.pico-sdk/sdk/2.0.0/src/rp2_common/pico_stdio_usb/reset_interface.c.obj
 *fill*         0x100034ee        0x2 
 .text.resetd_reset
                0x100034f0        0xc CMakeFiles/MPU+MATRIX.dir/home/satlab/.pico-sdk/sdk/2.0.0/src/rp2_common/pico_stdio_usb/reset_interface.c.obj
 .text.resetd_open
                0x100034fc       0x34 CMakeFiles/MPU+MATRIX.dir/home/satlab/.pico-sdk/sdk/2.0.0/src/rp2_common/pico_stdio_usb/reset_interface.c.obj
 .text.resetd_xfer_cb
                0x10003530        0x4 CMakeFiles/MPU+MATRIX.dir/home/satlab/.pico-sdk/sdk/2.0.0/src/rp2_common/pico_stdio_usb/reset_interface.c.obj
 .text.resetd_control_xfer_cb
                0x10003534       0x54 CMakeFiles/MPU+MATRIX.dir/home/satlab/.pico-sdk/sdk/2.0.0/src/rp2_common/pico_stdio_usb/reset_interface.c.obj
 .text.tud_descriptor_bos_cb
                0x10003588        0x8 CMakeFiles/MPU+MATRIX.dir/home/satlab/.pico-sdk/sdk/2.0.0/src/rp2_common/pico_stdio_usb/reset_interface.c.obj
                0x10003588                tud_descriptor_bos_cb
 .text.tud_vendor_control_xfer_cb
                0x10003590       0x30 CMakeFiles/MPU+MATRIX.dir/home/satlab/.pico-sdk/sdk/2.0.0/src/rp2_common/pico_stdio_usb/reset_interface.c.obj
                0x10003590                tud_vendor_control_xfer_cb
 .text.usbd_app_driver_get_cb
                0x100035c0        0xc CMakeFiles/MPU+MATRIX.dir/home/satlab/.pico-sdk/sdk/2.0.0/src/rp2_common/pico_stdio_usb/reset_interface.c.obj
                0x100035c0                usbd_app_driver_get_cb
 .text.tud_cdc_line_coding_cb
                0x100035cc       0x14 CMakeFiles/MPU+MATRIX.dir/home/satlab/.pico-sdk/sdk/2.0.0/src/rp2_common/pico_stdio_usb/reset_interface.c.obj
                0x100035cc                tud_cdc_line_coding_cb
 .text.critical_section_enter_blocking
                0x100035e0       0x26 CMakeFiles/MPU+MATRIX.dir/home/satlab/.pico-sdk/sdk/2.0.0/src/rp2_common/pico_stdio_usb/stdio_usb.c.obj
 *fill*         0x10003606        0x2 
 .text.stdio_usb_set_chars_available_callback
                0x10003608       0x14 CMakeFiles/MPU+MATRIX.dir/home/satlab/.pico-sdk/sdk/2.0.0/src/rp2_common/pico_stdio_usb/stdio_usb.c.obj
                0x10003608                stdio_usb_set_chars_available_callback
 .text.stdio_usb_out_flush
                0x1000361c       0x48 CMakeFiles/MPU+MATRIX.dir/home/satlab/.pico-sdk/sdk/2.0.0/src/rp2_common/pico_stdio_usb/stdio_usb.c.obj
 .text.timer_task
                0x10003664       0x58 CMakeFiles/MPU+MATRIX.dir/home/satlab/.pico-sdk/sdk/2.0.0/src/rp2_common/pico_stdio_usb/stdio_usb.c.obj
 .text.usb_irq  0x100036bc       0x10 CMakeFiles/MPU+MATRIX.dir/home/satlab/.pico-sdk/sdk/2.0.0/src/rp2_common/pico_stdio_usb/stdio_usb.c.obj
 .text.alarm_pool_add_alarm_in_us
                0x100036cc       0x3a CMakeFiles/MPU+MATRIX.dir/home/satlab/.pico-sdk/sdk/2.0.0/src/rp2_common/pico_stdio_usb/stdio_usb.c.obj
 .text.add_alarm_in_us
                0x10003706       0x26 CMakeFiles/MPU+MATRIX.dir/home/satlab/.pico-sdk/sdk/2.0.0/src/rp2_common/pico_stdio_usb/stdio_usb.c.obj
 .text.low_priority_worker_irq
                0x1000372c       0x94 CMakeFiles/MPU+MATRIX.dir/home/satlab/.pico-sdk/sdk/2.0.0/src/rp2_common/pico_stdio_usb/stdio_usb.c.obj
 .text.stdio_usb_init
                0x100037c0       0xd0 CMakeFiles/MPU+MATRIX.dir/home/satlab/.pico-sdk/sdk/2.0.0/src/rp2_common/pico_stdio_usb/stdio_usb.c.obj
                0x100037c0                stdio_usb_init
 .text.stdio_usb_connected
                0x10003890        0xa CMakeFiles/MPU+MATRIX.dir/home/satlab/.pico-sdk/sdk/2.0.0/src/rp2_common/pico_stdio_usb/stdio_usb.c.obj
                0x10003890                stdio_usb_connected
 *fill*         0x1000389a        0x2 
 .text.stdio_usb_in_chars
                0x1000389c       0x8c CMakeFiles/MPU+MATRIX.dir/home/satlab/.pico-sdk/sdk/2.0.0/src/rp2_common/pico_stdio_usb/stdio_usb.c.obj
                0x1000389c                stdio_usb_in_chars
 .text.stdio_usb_out_chars
                0x10003928       0xd4 CMakeFiles/MPU+MATRIX.dir/home/satlab/.pico-sdk/sdk/2.0.0/src/rp2_common/pico_stdio_usb/stdio_usb.c.obj
 .text.tud_descriptor_device_cb
                0x100039fc        0x8 CMakeFiles/MPU+MATRIX.dir/home/satlab/.pico-sdk/sdk/2.0.0/src/rp2_common/pico_stdio_usb/stdio_usb_descriptors.c.obj
                0x100039fc                tud_descriptor_device_cb
 .text.tud_descriptor_configuration_cb
                0x10003a04        0x8 CMakeFiles/MPU+MATRIX.dir/home/satlab/.pico-sdk/sdk/2.0.0/src/rp2_common/pico_stdio_usb/stdio_usb_descriptors.c.obj
                0x10003a04                tud_descriptor_configuration_cb
 .text.tud_descriptor_string_cb
                0x10003a0c       0x64 CMakeFiles/MPU+MATRIX.dir/home/satlab/.pico-sdk/sdk/2.0.0/src/rp2_common/pico_stdio_usb/stdio_usb_descriptors.c.obj
                0x10003a0c                tud_descriptor_string_cb
 .text._retrieve_unique_id_on_boot
                0x10003a70       0x58 CMakeFiles/MPU+MATRIX.dir/home/satlab/.pico-sdk/sdk/2.0.0/src/rp2_common/pico_unique_id/unique_id.c.obj
 .text.pico_get_unique_board_id_string
                0x10003ac8       0x60 CMakeFiles/MPU+MATRIX.dir/home/satlab/.pico-sdk/sdk/2.0.0/src/rp2_common/pico_unique_id/unique_id.c.obj
                0x10003ac8                pico_get_unique_board_id_string
 .text._hw_endpoint_alloc
                0x10003b28       0x74 CMakeFiles/MPU+MATRIX.dir/home/satlab/.pico-sdk/sdk/2.0.0/lib/tinyusb/src/portable/raspberrypi/rp2040/dcd_rp2040.c.obj
 .text.hw_endpoint_init
                0x10003b9c       0xb4 CMakeFiles/MPU+MATRIX.dir/home/satlab/.pico-sdk/sdk/2.0.0/lib/tinyusb/src/portable/raspberrypi/rp2040/dcd_rp2040.c.obj
 .text.hw_endpoint_xfer
                0x10003c50       0x1c CMakeFiles/MPU+MATRIX.dir/home/satlab/.pico-sdk/sdk/2.0.0/lib/tinyusb/src/portable/raspberrypi/rp2040/dcd_rp2040.c.obj
 .text.dcd_int_enable
                0x10003c6c       0x28 CMakeFiles/MPU+MATRIX.dir/home/satlab/.pico-sdk/sdk/2.0.0/lib/tinyusb/src/portable/raspberrypi/rp2040/dcd_rp2040.c.obj
                0x10003c6c                dcd_int_enable
 .text.dcd_set_address
                0x10003c94       0x2c CMakeFiles/MPU+MATRIX.dir/home/satlab/.pico-sdk/sdk/2.0.0/lib/tinyusb/src/portable/raspberrypi/rp2040/dcd_rp2040.c.obj
                0x10003c94                dcd_set_address
 .text.dcd_connect
                0x10003cc0       0x10 CMakeFiles/MPU+MATRIX.dir/home/satlab/.pico-sdk/sdk/2.0.0/lib/tinyusb/src/portable/raspberrypi/rp2040/dcd_rp2040.c.obj
                0x10003cc0                dcd_connect
 .text.dcd_init
                0x10003cd0       0x80 CMakeFiles/MPU+MATRIX.dir/home/satlab/.pico-sdk/sdk/2.0.0/lib/tinyusb/src/portable/raspberrypi/rp2040/dcd_rp2040.c.obj
                0x10003cd0                dcd_init
 .text.dcd_sof_enable
                0x10003d50       0x1c CMakeFiles/MPU+MATRIX.dir/home/satlab/.pico-sdk/sdk/2.0.0/lib/tinyusb/src/portable/raspberrypi/rp2040/dcd_rp2040.c.obj
                0x10003d50                dcd_sof_enable
 .text.dcd_edpt0_status_complete
                0x10003d6c       0x20 CMakeFiles/MPU+MATRIX.dir/home/satlab/.pico-sdk/sdk/2.0.0/lib/tinyusb/src/portable/raspberrypi/rp2040/dcd_rp2040.c.obj
                0x10003d6c                dcd_edpt0_status_complete
 .text.dcd_edpt_open
                0x10003d8c       0x38 CMakeFiles/MPU+MATRIX.dir/home/satlab/.pico-sdk/sdk/2.0.0/lib/tinyusb/src/portable/raspberrypi/rp2040/dcd_rp2040.c.obj
                0x10003d8c                dcd_edpt_open
 .text.dcd_edpt_close_all
                0x10003dc4        0x8 CMakeFiles/MPU+MATRIX.dir/home/satlab/.pico-sdk/sdk/2.0.0/lib/tinyusb/src/portable/raspberrypi/rp2040/dcd_rp2040.c.obj
                0x10003dc4                dcd_edpt_close_all
 .text.dcd_edpt_xfer
                0x10003dcc       0x2c CMakeFiles/MPU+MATRIX.dir/home/satlab/.pico-sdk/sdk/2.0.0/lib/tinyusb/src/portable/raspberrypi/rp2040/dcd_rp2040.c.obj
                0x10003dcc                dcd_edpt_xfer
 .text.dcd_edpt_stall
                0x10003df8       0x38 CMakeFiles/MPU+MATRIX.dir/home/satlab/.pico-sdk/sdk/2.0.0/lib/tinyusb/src/portable/raspberrypi/rp2040/dcd_rp2040.c.obj
                0x10003df8                dcd_edpt_stall
 .text.dcd_edpt_clear_stall
                0x10003e30       0x28 CMakeFiles/MPU+MATRIX.dir/home/satlab/.pico-sdk/sdk/2.0.0/lib/tinyusb/src/portable/raspberrypi/rp2040/dcd_rp2040.c.obj
                0x10003e30                dcd_edpt_clear_stall
 .text.unaligned_memcpy
                0x10003e58       0x14 CMakeFiles/MPU+MATRIX.dir/home/satlab/.pico-sdk/sdk/2.0.0/lib/tinyusb/src/portable/raspberrypi/rp2040/rp2040_usb.c.obj
 .text.rp2040_usb_init
                0x10003e6c       0x40 CMakeFiles/MPU+MATRIX.dir/home/satlab/.pico-sdk/sdk/2.0.0/lib/tinyusb/src/portable/raspberrypi/rp2040/rp2040_usb.c.obj
                0x10003e6c                rp2040_usb_init
 .text.hw_endpoint_xfer_start
                0x10003eac       0x58 CMakeFiles/MPU+MATRIX.dir/home/satlab/.pico-sdk/sdk/2.0.0/lib/tinyusb/src/portable/raspberrypi/rp2040/rp2040_usb.c.obj
                0x10003eac                hw_endpoint_xfer_start
 .text.critical_section_enter_blocking
                0x10003f04       0x26 CMakeFiles/MPU+MATRIX.dir/home/satlab/.pico-sdk/sdk/2.0.0/lib/tinyusb/src/device/usbd.c.obj
 *fill*         0x10003f2a        0x2 
 .text.configuration_reset
                0x10003f2c       0x90 CMakeFiles/MPU+MATRIX.dir/home/satlab/.pico-sdk/sdk/2.0.0/lib/tinyusb/src/device/usbd.c.obj
 .text.usbd_reset
                0x10003fbc        0xc CMakeFiles/MPU+MATRIX.dir/home/satlab/.pico-sdk/sdk/2.0.0/lib/tinyusb/src/device/usbd.c.obj
 .text.invoke_class_control
                0x10003fc8       0x1a CMakeFiles/MPU+MATRIX.dir/home/satlab/.pico-sdk/sdk/2.0.0/lib/tinyusb/src/device/usbd.c.obj
 *fill*         0x10003fe2        0x2 
 .text.process_set_config
                0x10003fe4      0x1cc CMakeFiles/MPU+MATRIX.dir/home/satlab/.pico-sdk/sdk/2.0.0/lib/tinyusb/src/device/usbd.c.obj
 .text.tud_event_hook_cb
                0x100041b0        0x2 CMakeFiles/MPU+MATRIX.dir/home/satlab/.pico-sdk/sdk/2.0.0/lib/tinyusb/src/device/usbd.c.obj
                0x100041b0                tud_event_hook_cb
 .text.tud_sof_cb
                0x100041b2        0x2 CMakeFiles/MPU+MATRIX.dir/home/satlab/.pico-sdk/sdk/2.0.0/lib/tinyusb/src/device/usbd.c.obj
                0x100041b2                tud_sof_cb
 .text.tud_descriptor_device_qualifier_cb
                0x100041b4        0x4 CMakeFiles/MPU+MATRIX.dir/home/satlab/.pico-sdk/sdk/2.0.0/lib/tinyusb/src/device/usbd.c.obj
                0x100041b4                tud_descriptor_device_qualifier_cb
 .text.tud_descriptor_other_speed_configuration_cb
                0x100041b8        0x4 CMakeFiles/MPU+MATRIX.dir/home/satlab/.pico-sdk/sdk/2.0.0/lib/tinyusb/src/device/usbd.c.obj
                0x100041b8                tud_descriptor_other_speed_configuration_cb
 .text.process_get_descriptor
                0x100041bc       0xf8 CMakeFiles/MPU+MATRIX.dir/home/satlab/.pico-sdk/sdk/2.0.0/lib/tinyusb/src/device/usbd.c.obj
 .text.tud_mount_cb
                0x100042b4        0x2 CMakeFiles/MPU+MATRIX.dir/home/satlab/.pico-sdk/sdk/2.0.0/lib/tinyusb/src/device/usbd.c.obj
                0x100042b4                tud_mount_cb
 .text.tud_umount_cb
                0x100042b6        0x2 CMakeFiles/MPU+MATRIX.dir/home/satlab/.pico-sdk/sdk/2.0.0/lib/tinyusb/src/device/usbd.c.obj
                0x100042b6                tud_umount_cb
 .text.tud_suspend_cb
                0x100042b8        0x2 CMakeFiles/MPU+MATRIX.dir/home/satlab/.pico-sdk/sdk/2.0.0/lib/tinyusb/src/device/usbd.c.obj
                0x100042b8                tud_suspend_cb
 .text.tud_resume_cb
                0x100042ba        0x2 CMakeFiles/MPU+MATRIX.dir/home/satlab/.pico-sdk/sdk/2.0.0/lib/tinyusb/src/device/usbd.c.obj
                0x100042ba                tud_resume_cb
 .text.tud_mounted
                0x100042bc       0x10 CMakeFiles/MPU+MATRIX.dir/home/satlab/.pico-sdk/sdk/2.0.0/lib/tinyusb/src/device/usbd.c.obj
                0x100042bc                tud_mounted
 .text.tud_suspended
                0x100042cc       0x10 CMakeFiles/MPU+MATRIX.dir/home/satlab/.pico-sdk/sdk/2.0.0/lib/tinyusb/src/device/usbd.c.obj
                0x100042cc                tud_suspended
 .text.tud_inited
                0x100042dc       0x10 CMakeFiles/MPU+MATRIX.dir/home/satlab/.pico-sdk/sdk/2.0.0/lib/tinyusb/src/device/usbd.c.obj
                0x100042dc                tud_inited
 .text.tud_init
                0x100042ec       0xe4 CMakeFiles/MPU+MATRIX.dir/home/satlab/.pico-sdk/sdk/2.0.0/lib/tinyusb/src/device/usbd.c.obj
                0x100042ec                tud_init
 .text.usbd_edpt_open
                0x100043d0       0x7c CMakeFiles/MPU+MATRIX.dir/home/satlab/.pico-sdk/sdk/2.0.0/lib/tinyusb/src/device/usbd.c.obj
                0x100043d0                usbd_edpt_open
 .text.usbd_open_edpt_pair
                0x1000444c       0xa4 CMakeFiles/MPU+MATRIX.dir/home/satlab/.pico-sdk/sdk/2.0.0/lib/tinyusb/src/device/usbd.c.obj
                0x1000444c                usbd_open_edpt_pair
 .text.usbd_edpt_claim
                0x100044f0       0x28 CMakeFiles/MPU+MATRIX.dir/home/satlab/.pico-sdk/sdk/2.0.0/lib/tinyusb/src/device/usbd.c.obj
                0x100044f0                usbd_edpt_claim
 .text.usbd_edpt_release
                0x10004518       0x28 CMakeFiles/MPU+MATRIX.dir/home/satlab/.pico-sdk/sdk/2.0.0/lib/tinyusb/src/device/usbd.c.obj
                0x10004518                usbd_edpt_release
 .text.usbd_edpt_xfer
                0x10004540       0x90 CMakeFiles/MPU+MATRIX.dir/home/satlab/.pico-sdk/sdk/2.0.0/lib/tinyusb/src/device/usbd.c.obj
                0x10004540                usbd_edpt_xfer
 .text.usbd_edpt_stall
                0x100045d0       0x3c CMakeFiles/MPU+MATRIX.dir/home/satlab/.pico-sdk/sdk/2.0.0/lib/tinyusb/src/device/usbd.c.obj
                0x100045d0                usbd_edpt_stall
 .text.usbd_edpt_clear_stall
                0x1000460c       0x3c CMakeFiles/MPU+MATRIX.dir/home/satlab/.pico-sdk/sdk/2.0.0/lib/tinyusb/src/device/usbd.c.obj
                0x1000460c                usbd_edpt_clear_stall
 .text.usbd_edpt_stalled
                0x10004648       0x1c CMakeFiles/MPU+MATRIX.dir/home/satlab/.pico-sdk/sdk/2.0.0/lib/tinyusb/src/device/usbd.c.obj
                0x10004648                usbd_edpt_stalled
 .text.process_control_request
                0x10004664      0x404 CMakeFiles/MPU+MATRIX.dir/home/satlab/.pico-sdk/sdk/2.0.0/lib/tinyusb/src/device/usbd.c.obj
 .text.tud_task_ext
                0x10004a68      0x238 CMakeFiles/MPU+MATRIX.dir/home/satlab/.pico-sdk/sdk/2.0.0/lib/tinyusb/src/device/usbd.c.obj
                0x10004a68                tud_task_ext
 .text._status_stage_xact
                0x10004ca0       0x1a CMakeFiles/MPU+MATRIX.dir/home/satlab/.pico-sdk/sdk/2.0.0/lib/tinyusb/src/device/usbd_control.c.obj
 *fill*         0x10004cba        0x2 
 .text._data_stage_xact
                0x10004cbc       0x5c CMakeFiles/MPU+MATRIX.dir/home/satlab/.pico-sdk/sdk/2.0.0/lib/tinyusb/src/device/usbd_control.c.obj
 .text.tud_control_status
                0x10004d18       0x28 CMakeFiles/MPU+MATRIX.dir/home/satlab/.pico-sdk/sdk/2.0.0/lib/tinyusb/src/device/usbd_control.c.obj
                0x10004d18                tud_control_status
 .text.tud_control_xfer
                0x10004d40       0xac CMakeFiles/MPU+MATRIX.dir/home/satlab/.pico-sdk/sdk/2.0.0/lib/tinyusb/src/device/usbd_control.c.obj
                0x10004d40                tud_control_xfer
 .text.usbd_control_reset
                0x10004dec       0x14 CMakeFiles/MPU+MATRIX.dir/home/satlab/.pico-sdk/sdk/2.0.0/lib/tinyusb/src/device/usbd_control.c.obj
                0x10004dec                usbd_control_reset
 .text.usbd_control_set_complete_callback
                0x10004e00        0xc CMakeFiles/MPU+MATRIX.dir/home/satlab/.pico-sdk/sdk/2.0.0/lib/tinyusb/src/device/usbd_control.c.obj
                0x10004e00                usbd_control_set_complete_callback
 .text.usbd_control_set_request
                0x10004e0c       0x1c CMakeFiles/MPU+MATRIX.dir/home/satlab/.pico-sdk/sdk/2.0.0/lib/tinyusb/src/device/usbd_control.c.obj
                0x10004e0c                usbd_control_set_request
 .text.usbd_control_xfer_cb
                0x10004e28      0x10c CMakeFiles/MPU+MATRIX.dir/home/satlab/.pico-sdk/sdk/2.0.0/lib/tinyusb/src/device/usbd_control.c.obj
                0x10004e28                usbd_control_xfer_cb
 .text._prep_out_transaction
                0x10004f34       0x6a CMakeFiles/MPU+MATRIX.dir/home/satlab/.pico-sdk/sdk/2.0.0/lib/tinyusb/src/class/cdc/cdc_device.c.obj
 *fill*         0x10004f9e        0x2 
 .text.tud_cdc_n_connected
                0x10004fa0       0x38 CMakeFiles/MPU+MATRIX.dir/home/satlab/.pico-sdk/sdk/2.0.0/lib/tinyusb/src/class/cdc/cdc_device.c.obj
                0x10004fa0                tud_cdc_n_connected
 .text.tud_cdc_n_available
                0x10004fd8       0x1c CMakeFiles/MPU+MATRIX.dir/home/satlab/.pico-sdk/sdk/2.0.0/lib/tinyusb/src/class/cdc/cdc_device.c.obj
                0x10004fd8                tud_cdc_n_available
 .text.tud_cdc_n_read
                0x10004ff4       0x38 CMakeFiles/MPU+MATRIX.dir/home/satlab/.pico-sdk/sdk/2.0.0/lib/tinyusb/src/class/cdc/cdc_device.c.obj
                0x10004ff4                tud_cdc_n_read
 .text.tud_cdc_n_write_flush
                0x1000502c       0xd0 CMakeFiles/MPU+MATRIX.dir/home/satlab/.pico-sdk/sdk/2.0.0/lib/tinyusb/src/class/cdc/cdc_device.c.obj
                0x1000502c                tud_cdc_n_write_flush
 .text.tud_cdc_n_write
                0x100050fc       0x48 CMakeFiles/MPU+MATRIX.dir/home/satlab/.pico-sdk/sdk/2.0.0/lib/tinyusb/src/class/cdc/cdc_device.c.obj
                0x100050fc                tud_cdc_n_write
 .text.tud_cdc_n_write_available
                0x10005144       0x1c CMakeFiles/MPU+MATRIX.dir/home/satlab/.pico-sdk/sdk/2.0.0/lib/tinyusb/src/class/cdc/cdc_device.c.obj
                0x10005144                tud_cdc_n_write_available
 .text.cdcd_init
                0x10005160       0xb0 CMakeFiles/MPU+MATRIX.dir/home/satlab/.pico-sdk/sdk/2.0.0/lib/tinyusb/src/class/cdc/cdc_device.c.obj
                0x10005160                cdcd_init
 .text.cdcd_deinit
                0x10005210       0x48 CMakeFiles/MPU+MATRIX.dir/home/satlab/.pico-sdk/sdk/2.0.0/lib/tinyusb/src/class/cdc/cdc_device.c.obj
                0x10005210                cdcd_deinit
 .text.cdcd_reset
                0x10005258       0x80 CMakeFiles/MPU+MATRIX.dir/home/satlab/.pico-sdk/sdk/2.0.0/lib/tinyusb/src/class/cdc/cdc_device.c.obj
                0x10005258                cdcd_reset
 .text.cdcd_open
                0x100052d8      0x11c CMakeFiles/MPU+MATRIX.dir/home/satlab/.pico-sdk/sdk/2.0.0/lib/tinyusb/src/class/cdc/cdc_device.c.obj
                0x100052d8                cdcd_open
 .text.cdcd_control_xfer_cb
                0x100053f4      0x118 CMakeFiles/MPU+MATRIX.dir/home/satlab/.pico-sdk/sdk/2.0.0/lib/tinyusb/src/class/cdc/cdc_device.c.obj
                0x100053f4                cdcd_control_xfer_cb
 .text.cdcd_xfer_cb
                0x1000550c      0x138 CMakeFiles/MPU+MATRIX.dir/home/satlab/.pico-sdk/sdk/2.0.0/lib/tinyusb/src/class/cdc/cdc_device.c.obj
                0x1000550c                cdcd_xfer_cb
 .text._prep_out_transaction
                0x10005644       0x34 CMakeFiles/MPU+MATRIX.dir/home/satlab/.pico-sdk/sdk/2.0.0/lib/tinyusb/src/class/vendor/vendor_device.c.obj
 .text.tud_vendor_n_write_flush
                0x10005678       0xd0 CMakeFiles/MPU+MATRIX.dir/home/satlab/.pico-sdk/sdk/2.0.0/lib/tinyusb/src/class/vendor/vendor_device.c.obj
                0x10005678                tud_vendor_n_write_flush
 .text.vendord_init
                0x10005748       0x98 CMakeFiles/MPU+MATRIX.dir/home/satlab/.pico-sdk/sdk/2.0.0/lib/tinyusb/src/class/vendor/vendor_device.c.obj
                0x10005748                vendord_init
 .text.vendord_deinit
                0x100057e0       0x48 CMakeFiles/MPU+MATRIX.dir/home/satlab/.pico-sdk/sdk/2.0.0/lib/tinyusb/src/class/vendor/vendor_device.c.obj
                0x100057e0                vendord_deinit
 .text.vendord_reset
                0x10005828       0x34 CMakeFiles/MPU+MATRIX.dir/home/satlab/.pico-sdk/sdk/2.0.0/lib/tinyusb/src/class/vendor/vendor_device.c.obj
                0x10005828                vendord_reset
 .text.vendord_open
                0x1000585c       0xdc CMakeFiles/MPU+MATRIX.dir/home/satlab/.pico-sdk/sdk/2.0.0/lib/tinyusb/src/class/vendor/vendor_device.c.obj
                0x1000585c                vendord_open
 .text.vendord_xfer_cb
                0x10005938       0xb8 CMakeFiles/MPU+MATRIX.dir/home/satlab/.pico-sdk/sdk/2.0.0/lib/tinyusb/src/class/vendor/vendor_device.c.obj
                0x10005938                vendord_xfer_cb
 .text.tusb_init
                0x100059f0       0x34 CMakeFiles/MPU+MATRIX.dir/home/satlab/.pico-sdk/sdk/2.0.0/lib/tinyusb/src/tusb.c.obj
                0x100059f0                tusb_init
 .text.tu_edpt_claim
                0x10005a24       0x50 CMakeFiles/MPU+MATRIX.dir/home/satlab/.pico-sdk/sdk/2.0.0/lib/tinyusb/src/tusb.c.obj
                0x10005a24                tu_edpt_claim
 .text.tu_edpt_release
                0x10005a74       0x3c CMakeFiles/MPU+MATRIX.dir/home/satlab/.pico-sdk/sdk/2.0.0/lib/tinyusb/src/tusb.c.obj
                0x10005a74                tu_edpt_release
 .text.tu_edpt_validate
                0x10005ab0       0xe0 CMakeFiles/MPU+MATRIX.dir/home/satlab/.pico-sdk/sdk/2.0.0/lib/tinyusb/src/tusb.c.obj
                0x10005ab0                tu_edpt_validate
 .text.tu_edpt_bind_driver
                0x10005b90       0x4a CMakeFiles/MPU+MATRIX.dir/home/satlab/.pico-sdk/sdk/2.0.0/lib/tinyusb/src/tusb.c.obj
                0x10005b90                tu_edpt_bind_driver
 .text.advance_index
                0x10005bda       0x1a CMakeFiles/MPU+MATRIX.dir/home/satlab/.pico-sdk/sdk/2.0.0/lib/tinyusb/src/common/tusb_fifo.c.obj
 .text._tu_fifo_peek
                0x10005bf4       0x62 CMakeFiles/MPU+MATRIX.dir/home/satlab/.pico-sdk/sdk/2.0.0/lib/tinyusb/src/common/tusb_fifo.c.obj
 .text._ff_pull_n
                0x10005c56       0x68 CMakeFiles/MPU+MATRIX.dir/home/satlab/.pico-sdk/sdk/2.0.0/lib/tinyusb/src/common/tusb_fifo.c.obj
 .text._tu_fifo_peek_n
                0x10005cbe       0x6a CMakeFiles/MPU+MATRIX.dir/home/satlab/.pico-sdk/sdk/2.0.0/lib/tinyusb/src/common/tusb_fifo.c.obj
 .text._tu_fifo_read_n
                0x10005d28       0x4c CMakeFiles/MPU+MATRIX.dir/home/satlab/.pico-sdk/sdk/2.0.0/lib/tinyusb/src/common/tusb_fifo.c.obj
 .text._ff_push_n
                0x10005d74       0x66 CMakeFiles/MPU+MATRIX.dir/home/satlab/.pico-sdk/sdk/2.0.0/lib/tinyusb/src/common/tusb_fifo.c.obj
 .text._tu_fifo_write_n
                0x10005dda       0xe2 CMakeFiles/MPU+MATRIX.dir/home/satlab/.pico-sdk/sdk/2.0.0/lib/tinyusb/src/common/tusb_fifo.c.obj
 .text.tu_fifo_config
                0x10005ebc       0x62 CMakeFiles/MPU+MATRIX.dir/home/satlab/.pico-sdk/sdk/2.0.0/lib/tinyusb/src/common/tusb_fifo.c.obj
                0x10005ebc                tu_fifo_config
 .text.tu_fifo_count
                0x10005f1e       0x28 CMakeFiles/MPU+MATRIX.dir/home/satlab/.pico-sdk/sdk/2.0.0/lib/tinyusb/src/common/tusb_fifo.c.obj
                0x10005f1e                tu_fifo_count
 .text.tu_fifo_empty
                0x10005f46       0x12 CMakeFiles/MPU+MATRIX.dir/home/satlab/.pico-sdk/sdk/2.0.0/lib/tinyusb/src/common/tusb_fifo.c.obj
                0x10005f46                tu_fifo_empty
 .text.tu_fifo_full
                0x10005f58       0x28 CMakeFiles/MPU+MATRIX.dir/home/satlab/.pico-sdk/sdk/2.0.0/lib/tinyusb/src/common/tusb_fifo.c.obj
                0x10005f58                tu_fifo_full
 .text.tu_fifo_remaining
                0x10005f80       0x2c CMakeFiles/MPU+MATRIX.dir/home/satlab/.pico-sdk/sdk/2.0.0/lib/tinyusb/src/common/tusb_fifo.c.obj
                0x10005f80                tu_fifo_remaining
 .text.tu_fifo_read
                0x10005fac       0x3e CMakeFiles/MPU+MATRIX.dir/home/satlab/.pico-sdk/sdk/2.0.0/lib/tinyusb/src/common/tusb_fifo.c.obj
                0x10005fac                tu_fifo_read
 .text.tu_fifo_read_n
                0x10005fea        0xa CMakeFiles/MPU+MATRIX.dir/home/satlab/.pico-sdk/sdk/2.0.0/lib/tinyusb/src/common/tusb_fifo.c.obj
                0x10005fea                tu_fifo_read_n
 .text.tu_fifo_write
                0x10005ff4       0x5e CMakeFiles/MPU+MATRIX.dir/home/satlab/.pico-sdk/sdk/2.0.0/lib/tinyusb/src/common/tusb_fifo.c.obj
                0x10005ff4                tu_fifo_write
 .text.tu_fifo_write_n
                0x10006052        0xa CMakeFiles/MPU+MATRIX.dir/home/satlab/.pico-sdk/sdk/2.0.0/lib/tinyusb/src/common/tusb_fifo.c.obj
                0x10006052                tu_fifo_write_n
 .text.tu_fifo_clear
                0x1000605c       0x36 CMakeFiles/MPU+MATRIX.dir/home/satlab/.pico-sdk/sdk/2.0.0/lib/tinyusb/src/common/tusb_fifo.c.obj
                0x1000605c                tu_fifo_clear
 .text.tu_fifo_set_overwritable
                0x10006092       0x3a CMakeFiles/MPU+MATRIX.dir/home/satlab/.pico-sdk/sdk/2.0.0/lib/tinyusb/src/common/tusb_fifo.c.obj
                0x10006092                tu_fifo_set_overwritable
 .text.memset   0x100060cc       0xa4 /home/satlab/.pico-sdk/toolchain/13_2_Rel1/bin/../lib/gcc/arm-none-eabi/13.2.1/../../../../arm-none-eabi/lib/thumb/v8-m.main+fp/softfp/libg.a(libc_a-memset.o)
                0x100060cc                memset
 .text          0x10006170       0xec /home/satlab/.pico-sdk/toolchain/13_2_Rel1/bin/../lib/gcc/arm-none-eabi/13.2.1/../../../../arm-none-eabi/lib/thumb/v8-m.main+fp/softfp/libg.a(libc_a-memcpy.o)
                0x10006170                memcpy
 .text.strlen   0x1000625c       0x5c /home/satlab/.pico-sdk/toolchain/13_2_Rel1/bin/../lib/gcc/arm-none-eabi/13.2.1/../../../../arm-none-eabi/lib/thumb/v8-m.main+fp/softfp/libg.a(libc_a-strlen-stub.o)
                0x1000625c                strlen
 *(.fini)
 .fini          0x100062b8        0x4 /home/satlab/.pico-sdk/toolchain/13_2_Rel1/bin/../lib/gcc/arm-none-eabi/13.2.1/thumb/v8-m.main+fp/softfp/crti.o
                0x100062b8                _fini
 *fill*         0x100062bc        0x4 
 .fini.__stub   0x100062c0       0x60 linker stubs
 *crtbegin.o(.ctors)
 *crtbegin?.o(.ctors)
 *(EXCLUDE_FILE(*crtend.o *crtend?.o) .ctors)
 *(SORT_BY_NAME(.ctors.*))
 *(.ctors)
 *crtbegin.o(.dtors)
 *crtbegin?.o(.dtors)
 *(EXCLUDE_FILE(*crtend.o *crtend?.o) .dtors)
 *(SORT_BY_NAME(.dtors.*))
 *(.dtors)
                0x10006320                        . = ALIGN (0x4)
                0x10006320                        PROVIDE (__preinit_array_start = .)
 *(SORT_BY_NAME(.preinit_array.*))
 .preinit_array.00050
                0x10006320        0x4 CMakeFiles/MPU+MATRIX.dir/home/satlab/.pico-sdk/sdk/2.0.0/src/rp2_common/pico_runtime_init/runtime_init.c.obj
                0x10006320                __pre_init_runtime_init_bootrom_reset
 .preinit_array.00100
                0x10006324        0x4 CMakeFiles/MPU+MATRIX.dir/home/satlab/.pico-sdk/sdk/2.0.0/src/rp2_common/pico_runtime_init/runtime_init.c.obj
                0x10006324                __pre_init_runtime_init_early_resets
 .preinit_array.00101
                0x10006328        0x4 CMakeFiles/MPU+MATRIX.dir/home/satlab/.pico-sdk/sdk/2.0.0/src/rp2_common/pico_runtime_init/runtime_init.c.obj
                0x10006328                __pre_init_runtime_init_usb_power_down
 .preinit_array.00500
                0x1000632c        0x4 CMakeFiles/MPU+MATRIX.dir/home/satlab/.pico-sdk/sdk/2.0.0/src/rp2_common/pico_runtime_init/runtime_init.c.obj
                0x1000632c                __pre_init_runtime_init_clocks
 .preinit_array.00600
                0x10006330        0x4 CMakeFiles/MPU+MATRIX.dir/home/satlab/.pico-sdk/sdk/2.0.0/src/rp2_common/pico_runtime_init/runtime_init.c.obj
                0x10006330                __pre_init_runtime_init_post_clock_resets
 .preinit_array.01000
                0x10006334        0x4 CMakeFiles/MPU+MATRIX.dir/home/satlab/.pico-sdk/sdk/2.0.0/src/rp2_common/pico_runtime_init/runtime_init.c.obj
                0x10006334                __pre_init_runtime_init_spin_locks_reset
 .preinit_array.01000
                0x10006338        0x4 CMakeFiles/MPU+MATRIX.dir/home/satlab/.pico-sdk/sdk/2.0.0/src/rp2_common/hardware_boot_lock/boot_lock.c.obj
                0x10006338                __pre_init_runtime_init_boot_locks_reset
 .preinit_array.01010
                0x1000633c        0x4 CMakeFiles/MPU+MATRIX.dir/home/satlab/.pico-sdk/sdk/2.0.0/src/rp2_common/pico_bootrom/bootrom_lock.c.obj
                0x1000633c                __pre_init_runtime_init_bootrom_locking_enable
 .preinit_array.01100
                0x10006340        0x4 CMakeFiles/MPU+MATRIX.dir/home/satlab/.pico-sdk/sdk/2.0.0/src/common/pico_sync/mutex.c.obj
                0x10006340                __pre_init_runtime_init_mutex
 .preinit_array.10080
                0x10006344        0x4 CMakeFiles/MPU+MATRIX.dir/home/satlab/.pico-sdk/sdk/2.0.0/src/rp2_common/pico_runtime_init/runtime_init.c.obj
                0x10006344                __pre_init_runtime_init_install_ram_vector_table
 .preinit_array.11000
                0x10006348        0x4 CMakeFiles/MPU+MATRIX.dir/home/satlab/.pico-sdk/sdk/2.0.0/src/common/pico_time/time.c.obj
                0x10006348                __pre_init_runtime_init_default_alarm_pool
 .preinit_array.YYYYY
                0x1000634c        0x4 CMakeFiles/MPU+MATRIX.dir/home/satlab/.pico-sdk/sdk/2.0.0/src/rp2_common/pico_runtime/runtime.c.obj
                0x1000634c                __pre_init_first_per_core_initializer
 .preinit_array.ZZZZZ.00051
                0x10006350        0x4 CMakeFiles/MPU+MATRIX.dir/home/satlab/.pico-sdk/sdk/2.0.0/src/rp2_common/pico_runtime_init/runtime_init.c.obj
                0x10006350                __pre_init_runtime_init_per_core_bootrom_reset
 .preinit_array.ZZZZZ.00200
                0x10006354        0x4 CMakeFiles/MPU+MATRIX.dir/home/satlab/.pico-sdk/sdk/2.0.0/src/rp2_common/pico_runtime_init/runtime_init.c.obj
                0x10006354                __pre_init_runtime_init_per_core_enable_coprocessors
 .preinit_array.ZZZZZ.01000
                0x10006358        0x4 CMakeFiles/MPU+MATRIX.dir/home/satlab/.pico-sdk/sdk/2.0.0/src/rp2_common/hardware_sync_spin_lock/sync_spin_lock.c.obj
                0x10006358                __pre_init_spinlock_set_extexclall
 .preinit_array.ZZZZZ.01200
                0x1000635c        0x4 CMakeFiles/MPU+MATRIX.dir/home/satlab/.pico-sdk/sdk/2.0.0/src/rp2_common/hardware_irq/irq.c.obj
                0x1000635c                __pre_init_runtime_init_per_core_irq_priorities
 *(.preinit_array)
                0x10006360                        PROVIDE (__preinit_array_end = .)
                0x10006360                        . = ALIGN (0x4)
                0x10006360                        PROVIDE (__init_array_start = .)
 *(SORT_BY_NAME(.init_array.*))
 *(.init_array)
 .init_array    0x10006360        0x4 /home/satlab/.pico-sdk/toolchain/13_2_Rel1/bin/../lib/gcc/arm-none-eabi/13.2.1/thumb/v8-m.main+fp/softfp/crtbegin.o
 .init_array    0x10006364        0x4 CMakeFiles/MPU+MATRIX.dir/home/satlab/.pico-sdk/sdk/2.0.0/src/rp2_common/pico_unique_id/unique_id.c.obj
                0x10006368                        PROVIDE (__init_array_end = .)
                0x10006368                        . = ALIGN (0x4)
                [!provide]                        PROVIDE (__fini_array_start = .)
 *(SORT_BY_NAME(.fini_array.*))
 *(.fini_array)
                [!provide]                        PROVIDE (__fini_array_end = .)
 *(.eh_frame*)
 .eh_frame      0x10006368        0x0 /home/satlab/.pico-sdk/toolchain/13_2_Rel1/bin/../lib/gcc/arm-none-eabi/13.2.1/thumb/v8-m.main+fp/softfp/crtbegin.o
                0x10006368                        . = ALIGN (0x4)

.glue_7         0x10006368        0x0
 .glue_7        0x10006368        0x0 linker stubs

.glue_7t        0x10006368        0x0
 .glue_7t       0x10006368        0x0 linker stubs

.vfp11_veneer   0x10006368        0x0
 .vfp11_veneer  0x10006368        0x0 linker stubs

.v4_bx          0x10006368        0x0
 .v4_bx         0x10006368        0x0 linker stubs

.iplt           0x10006368        0x0
 .iplt          0x10006368        0x0 /home/satlab/.pico-sdk/toolchain/13_2_Rel1/bin/../lib/gcc/arm-none-eabi/13.2.1/thumb/v8-m.main+fp/softfp/crtbegin.o

.boot2          0x10006368        0x0
                0x10006368                        __boot2_start__ = .
 *(.boot2)
                0x10006368                        __boot2_end__ = .
                0x00000001                        ASSERT (((__boot2_end__ - __boot2_start__) <= 0x100), ERROR: Pico second stage bootloader must be no more than 256 bytes in size)

.rodata         0x10006368      0xec8
 *(EXCLUDE_FILE(*libm.a: *libc.a:*lib_a-mem*.o *libgcc.a:) .rodata*)
 .rodata.main.str1.4
                0x10006368      0x953 CMakeFiles/MPU+MATRIX.dir/MPU+MATRIX.cpp.obj
                                 0x6f (size before relaxing)
 .rodata.i2c_set_baudrate.str1.4
                0x10006cbb       0x63 CMakeFiles/MPU+MATRIX.dir/home/satlab/.pico-sdk/sdk/2.0.0/src/rp2_common/hardware_i2c/i2c.c.obj
 *fill*         0x10006cbb        0x1 
 .rodata.__func__.0
                0x10006cbc       0x11 CMakeFiles/MPU+MATRIX.dir/home/satlab/.pico-sdk/sdk/2.0.0/src/rp2_common/hardware_i2c/i2c.c.obj
 .rodata.panic.str1.4
                0x10006ccd       0x12 CMakeFiles/MPU+MATRIX.dir/home/satlab/.pico-sdk/sdk/2.0.0/src/rp2_common/pico_platform_panic/panic.c.obj
 .rodata.spin_lock_claim_unused.str1.4
                0x10006ccd       0x1b CMakeFiles/MPU+MATRIX.dir/home/satlab/.pico-sdk/sdk/2.0.0/src/rp2_common/hardware_sync/sync.c.obj
 .rodata.alarm_pool_irq_handler.str1.4
                0x10006ccd       0x69 CMakeFiles/MPU+MATRIX.dir/home/satlab/.pico-sdk/sdk/2.0.0/src/common/pico_time/time.c.obj
 .rodata.alarm_pool_get_default.str1.4
                0x10006ccd       0x21 CMakeFiles/MPU+MATRIX.dir/home/satlab/.pico-sdk/sdk/2.0.0/src/common/pico_time/time.c.obj
 .rodata.sleep_until.str1.4
                0x10006ccd       0x4d CMakeFiles/MPU+MATRIX.dir/home/satlab/.pico-sdk/sdk/2.0.0/src/common/pico_time/time.c.obj
 *fill*         0x10006ccd        0x3 
 .rodata.__func__.1
                0x10006cd0       0x17 CMakeFiles/MPU+MATRIX.dir/home/satlab/.pico-sdk/sdk/2.0.0/src/common/pico_time/time.c.obj
 *fill*         0x10006ce7        0x1 
 .rodata.__func__.2
                0x10006ce8       0x17 CMakeFiles/MPU+MATRIX.dir/home/satlab/.pico-sdk/sdk/2.0.0/src/common/pico_time/time.c.obj
 .rodata.timer_hardware_alarm_claim.str1.4
                0x10006cff       0x22 CMakeFiles/MPU+MATRIX.dir/home/satlab/.pico-sdk/sdk/2.0.0/src/rp2_common/hardware_timer/timer.c.obj
 .rodata.resolve_j_16.str1.4
                0x10006cff       0x5b CMakeFiles/MPU+MATRIX.dir/home/satlab/.pico-sdk/sdk/2.0.0/src/rp2_common/hardware_irq/irq.c.obj
 .rodata.make_j_16.str1.4
                0x10006cff       0x30 CMakeFiles/MPU+MATRIX.dir/home/satlab/.pico-sdk/sdk/2.0.0/src/rp2_common/hardware_irq/irq.c.obj
 .rodata.irq_set_exclusive_handler.str1.4
                0x10006cff       0x36 CMakeFiles/MPU+MATRIX.dir/home/satlab/.pico-sdk/sdk/2.0.0/src/rp2_common/hardware_irq/irq.c.obj
 .rodata.irq_add_shared_handler.str1.4
                0x10006cff       0xd2 CMakeFiles/MPU+MATRIX.dir/home/satlab/.pico-sdk/sdk/2.0.0/src/rp2_common/hardware_irq/irq.c.obj
 .rodata.irq_add_tail_to_free_list.str1.4
                0x10006cff       0x3a CMakeFiles/MPU+MATRIX.dir/home/satlab/.pico-sdk/sdk/2.0.0/src/rp2_common/hardware_irq/irq.c.obj
 .rodata.user_irq_claim_unused.str1.4
                0x10006cff       0x1b CMakeFiles/MPU+MATRIX.dir/home/satlab/.pico-sdk/sdk/2.0.0/src/rp2_common/hardware_irq/irq.c.obj
 *fill*         0x10006cff        0x1 
 .rodata.__func__.0
                0x10006d00       0x1a CMakeFiles/MPU+MATRIX.dir/home/satlab/.pico-sdk/sdk/2.0.0/src/rp2_common/hardware_irq/irq.c.obj
 *fill*         0x10006d1a        0x2 
 .rodata.__func__.3
                0x10006d1c        0xa CMakeFiles/MPU+MATRIX.dir/home/satlab/.pico-sdk/sdk/2.0.0/src/rp2_common/hardware_irq/irq.c.obj
 *fill*         0x10006d26        0x2 
 .rodata.__func__.4
                0x10006d28        0xd CMakeFiles/MPU+MATRIX.dir/home/satlab/.pico-sdk/sdk/2.0.0/src/rp2_common/hardware_irq/irq.c.obj
 *fill*         0x10006d35        0x3 
 .rodata.__func__.5
                0x10006d38       0x17 CMakeFiles/MPU+MATRIX.dir/home/satlab/.pico-sdk/sdk/2.0.0/src/rp2_common/hardware_irq/irq.c.obj
 *fill*         0x10006d4f        0x1 
 .rodata.__func__.6
                0x10006d50       0x1a CMakeFiles/MPU+MATRIX.dir/home/satlab/.pico-sdk/sdk/2.0.0/src/rp2_common/hardware_irq/irq.c.obj
 .rodata.runtime_init_mutex.str1.4
                0x10006d6a       0x5e CMakeFiles/MPU+MATRIX.dir/home/satlab/.pico-sdk/sdk/2.0.0/src/common/pico_sync/mutex.c.obj
 .rodata.str1.4
                0x10006d6a       0x51 CMakeFiles/MPU+MATRIX.dir/home/satlab/.pico-sdk/sdk/2.0.0/src/common/pico_sync/mutex.c.obj
 *fill*         0x10006d6a        0x2 
 .rodata.__func__.1
                0x10006d6c        0xb CMakeFiles/MPU+MATRIX.dir/home/satlab/.pico-sdk/sdk/2.0.0/src/common/pico_sync/mutex.c.obj
 *fill*         0x10006d77        0x1 
 .rodata.__func__.3
                0x10006d78       0x18 CMakeFiles/MPU+MATRIX.dir/home/satlab/.pico-sdk/sdk/2.0.0/src/common/pico_sync/mutex.c.obj
 .rodata.__func__.6
                0x10006d90       0x13 CMakeFiles/MPU+MATRIX.dir/home/satlab/.pico-sdk/sdk/2.0.0/src/common/pico_sync/mutex.c.obj
 .rodata.pll_init.str1.4
                0x10006da3      0x118 CMakeFiles/MPU+MATRIX.dir/home/satlab/.pico-sdk/sdk/2.0.0/src/rp2_common/hardware_pll/pll.c.obj
 *fill*         0x10006da3        0x1 
 .rodata.__func__.0
                0x10006da4        0x9 CMakeFiles/MPU+MATRIX.dir/home/satlab/.pico-sdk/sdk/2.0.0/src/rp2_common/hardware_pll/pll.c.obj
 .rodata.str1.4
                0x10006dad       0x34 CMakeFiles/MPU+MATRIX.dir/home/satlab/.pico-sdk/sdk/2.0.0/src/rp2_common/pico_standard_binary_info/standard_binary_info.c.obj
 *fill*         0x10006dad        0x3 
 .rodata.__bi_84
                0x10006db0        0xc CMakeFiles/MPU+MATRIX.dir/home/satlab/.pico-sdk/sdk/2.0.0/src/rp2_common/pico_standard_binary_info/standard_binary_info.c.obj
 .rodata.__bi_60
                0x10006dbc        0xc CMakeFiles/MPU+MATRIX.dir/home/satlab/.pico-sdk/sdk/2.0.0/src/rp2_common/pico_standard_binary_info/standard_binary_info.c.obj
 .rodata.__bi_54
                0x10006dc8        0xc CMakeFiles/MPU+MATRIX.dir/home/satlab/.pico-sdk/sdk/2.0.0/src/rp2_common/pico_standard_binary_info/standard_binary_info.c.obj
 .rodata.__bi_48
                0x10006dd4        0xc CMakeFiles/MPU+MATRIX.dir/home/satlab/.pico-sdk/sdk/2.0.0/src/rp2_common/pico_standard_binary_info/standard_binary_info.c.obj
 .rodata.__bi_42
                0x10006de0        0xc CMakeFiles/MPU+MATRIX.dir/home/satlab/.pico-sdk/sdk/2.0.0/src/rp2_common/pico_standard_binary_info/standard_binary_info.c.obj
 .rodata.__bi_34
                0x10006dec        0xc CMakeFiles/MPU+MATRIX.dir/home/satlab/.pico-sdk/sdk/2.0.0/src/rp2_common/pico_standard_binary_info/standard_binary_info.c.obj
 .rodata.__bi_26
                0x10006df8        0xc CMakeFiles/MPU+MATRIX.dir/home/satlab/.pico-sdk/sdk/2.0.0/src/rp2_common/pico_standard_binary_info/standard_binary_info.c.obj
 .rodata._ftoa.str1.4
                0x10006e04       0x15 CMakeFiles/MPU+MATRIX.dir/home/satlab/.pico-sdk/sdk/2.0.0/src/rp2_common/pico_printf/printf.c.obj
 *fill*         0x10006e04        0x4 
 .rodata.pow10.0
                0x10006e08       0x50 CMakeFiles/MPU+MATRIX.dir/home/satlab/.pico-sdk/sdk/2.0.0/src/rp2_common/pico_printf/printf.c.obj
 .rodata.__assert_func.str1.4
                0x10006e58       0x43 CMakeFiles/MPU+MATRIX.dir/home/satlab/.pico-sdk/sdk/2.0.0/src/rp2_common/pico_clib_interface/newlib_interface.c.obj
 .rodata.crlf_str.0
                0x10006e58        0x2 CMakeFiles/MPU+MATRIX.dir/home/satlab/.pico-sdk/sdk/2.0.0/src/rp2_common/pico_stdio/stdio.c.obj
 *fill*         0x10006e5a        0x2 
 .rodata._resetd_driver
                0x10006e5c       0x20 CMakeFiles/MPU+MATRIX.dir/home/satlab/.pico-sdk/sdk/2.0.0/src/rp2_common/pico_stdio_usb/reset_interface.c.obj
 .rodata.desc_ms_os_20
                0x10006e7c       0xa6 CMakeFiles/MPU+MATRIX.dir/home/satlab/.pico-sdk/sdk/2.0.0/src/rp2_common/pico_stdio_usb/reset_interface.c.obj
 *fill*         0x10006f22        0x2 
 .rodata.desc_bos
                0x10006f24       0x21 CMakeFiles/MPU+MATRIX.dir/home/satlab/.pico-sdk/sdk/2.0.0/src/rp2_common/pico_stdio_usb/reset_interface.c.obj
                0x10006f24                desc_bos
 .rodata.stdio_usb_init.str1.4
                0x10006f45       0x53 CMakeFiles/MPU+MATRIX.dir/home/satlab/.pico-sdk/sdk/2.0.0/src/rp2_common/pico_stdio_usb/stdio_usb.c.obj
 .rodata.str1.4
                0x10006f45       0x13 CMakeFiles/MPU+MATRIX.dir/home/satlab/.pico-sdk/sdk/2.0.0/src/rp2_common/pico_stdio_usb/stdio_usb.c.obj
 *fill*         0x10006f45        0x3 
 .rodata.__bi_197.1
                0x10006f48        0xc CMakeFiles/MPU+MATRIX.dir/home/satlab/.pico-sdk/sdk/2.0.0/src/rp2_common/pico_stdio_usb/stdio_usb.c.obj
 .rodata.__func__.2
                0x10006f54        0xf CMakeFiles/MPU+MATRIX.dir/home/satlab/.pico-sdk/sdk/2.0.0/src/rp2_common/pico_stdio_usb/stdio_usb.c.obj
 .rodata.str1.4
                0x10006f63       0x2a CMakeFiles/MPU+MATRIX.dir/home/satlab/.pico-sdk/sdk/2.0.0/src/rp2_common/pico_stdio_usb/stdio_usb_descriptors.c.obj
 *fill*         0x10006f63        0x1 
 .rodata.usbd_desc_str
                0x10006f64       0x18 CMakeFiles/MPU+MATRIX.dir/home/satlab/.pico-sdk/sdk/2.0.0/src/rp2_common/pico_stdio_usb/stdio_usb_descriptors.c.obj
 .rodata.usbd_desc_cfg
                0x10006f7c       0x54 CMakeFiles/MPU+MATRIX.dir/home/satlab/.pico-sdk/sdk/2.0.0/src/rp2_common/pico_stdio_usb/stdio_usb_descriptors.c.obj
 .rodata.usbd_desc_device
                0x10006fd0       0x12 CMakeFiles/MPU+MATRIX.dir/home/satlab/.pico-sdk/sdk/2.0.0/src/rp2_common/pico_stdio_usb/stdio_usb_descriptors.c.obj
 .rodata._retrieve_unique_id_on_boot.str1.4
                0x10006fe2       0x53 CMakeFiles/MPU+MATRIX.dir/home/satlab/.pico-sdk/sdk/2.0.0/src/rp2_common/pico_unique_id/unique_id.c.obj
 .rodata.pico_get_unique_board_id_string.str1.4
                0x10006fe2        0x8 CMakeFiles/MPU+MATRIX.dir/home/satlab/.pico-sdk/sdk/2.0.0/src/rp2_common/pico_unique_id/unique_id.c.obj
 *fill*         0x10006fe2        0x2 
 .rodata.__func__.0
                0x10006fe4       0x20 CMakeFiles/MPU+MATRIX.dir/home/satlab/.pico-sdk/sdk/2.0.0/src/rp2_common/pico_unique_id/unique_id.c.obj
 .rodata.__func__.1
                0x10007004       0x1c CMakeFiles/MPU+MATRIX.dir/home/satlab/.pico-sdk/sdk/2.0.0/src/rp2_common/pico_unique_id/unique_id.c.obj
 .rodata._hw_endpoint_alloc.str1.4
                0x10007020       0xbd CMakeFiles/MPU+MATRIX.dir/home/satlab/.pico-sdk/sdk/2.0.0/lib/tinyusb/src/portable/raspberrypi/rp2040/dcd_rp2040.c.obj
 .rodata.str1.4
                0x10007020       0x14 CMakeFiles/MPU+MATRIX.dir/home/satlab/.pico-sdk/sdk/2.0.0/lib/tinyusb/src/portable/raspberrypi/rp2040/dcd_rp2040.c.obj
 .rodata.dcd_int_enable.str1.4
                0x10007020        0xc CMakeFiles/MPU+MATRIX.dir/home/satlab/.pico-sdk/sdk/2.0.0/lib/tinyusb/src/portable/raspberrypi/rp2040/dcd_rp2040.c.obj
 .rodata.__func__.0
                0x10007020        0xe CMakeFiles/MPU+MATRIX.dir/home/satlab/.pico-sdk/sdk/2.0.0/lib/tinyusb/src/portable/raspberrypi/rp2040/dcd_rp2040.c.obj
 *fill*         0x1000702e        0x2 
 .rodata.__func__.1
                0x10007030        0xe CMakeFiles/MPU+MATRIX.dir/home/satlab/.pico-sdk/sdk/2.0.0/lib/tinyusb/src/portable/raspberrypi/rp2040/dcd_rp2040.c.obj
 *fill*         0x1000703e        0x2 
 .rodata.__func__.3
                0x10007040       0x10 CMakeFiles/MPU+MATRIX.dir/home/satlab/.pico-sdk/sdk/2.0.0/lib/tinyusb/src/portable/raspberrypi/rp2040/dcd_rp2040.c.obj
 .rodata.__func__.5
                0x10007050        0xf CMakeFiles/MPU+MATRIX.dir/home/satlab/.pico-sdk/sdk/2.0.0/lib/tinyusb/src/portable/raspberrypi/rp2040/dcd_rp2040.c.obj
 *fill*         0x1000705f        0x1 
 .rodata.__func__.6
                0x10007060       0x13 CMakeFiles/MPU+MATRIX.dir/home/satlab/.pico-sdk/sdk/2.0.0/lib/tinyusb/src/portable/raspberrypi/rp2040/dcd_rp2040.c.obj
 *fill*         0x10007073        0x1 
 .rodata.__func__.7
                0x10007074        0x9 CMakeFiles/MPU+MATRIX.dir/home/satlab/.pico-sdk/sdk/2.0.0/lib/tinyusb/src/portable/raspberrypi/rp2040/dcd_rp2040.c.obj
 .rodata.str1.4
                0x1000707d       0xe4 CMakeFiles/MPU+MATRIX.dir/home/satlab/.pico-sdk/sdk/2.0.0/lib/tinyusb/src/portable/raspberrypi/rp2040/rp2040_usb.c.obj
 .rodata.hw_endpoint_xfer_start.str1.4
                0x1000707d       0x38 CMakeFiles/MPU+MATRIX.dir/home/satlab/.pico-sdk/sdk/2.0.0/lib/tinyusb/src/portable/raspberrypi/rp2040/rp2040_usb.c.obj
 *fill*         0x1000707d        0x3 
 .rodata.__func__.0
                0x10007080        0xf CMakeFiles/MPU+MATRIX.dir/home/satlab/.pico-sdk/sdk/2.0.0/lib/tinyusb/src/portable/raspberrypi/rp2040/rp2040_usb.c.obj
 .rodata.configuration_reset.str1.4
                0x1000708f       0x17 CMakeFiles/MPU+MATRIX.dir/home/satlab/.pico-sdk/sdk/2.0.0/lib/tinyusb/src/device/usbd.c.obj
 *fill*         0x1000708f        0x1 
 .rodata.__func__.4
                0x10007090        0xf CMakeFiles/MPU+MATRIX.dir/home/satlab/.pico-sdk/sdk/2.0.0/lib/tinyusb/src/device/usbd.c.obj
 *fill*         0x1000709f        0x1 
 .rodata.__func__.5
                0x100070a0        0xf CMakeFiles/MPU+MATRIX.dir/home/satlab/.pico-sdk/sdk/2.0.0/lib/tinyusb/src/device/usbd.c.obj
 *fill*         0x100070af        0x1 
 .rodata.__func__.6
                0x100070b0       0x14 CMakeFiles/MPU+MATRIX.dir/home/satlab/.pico-sdk/sdk/2.0.0/lib/tinyusb/src/device/usbd.c.obj
 .rodata.__func__.7
                0x100070c4        0xc CMakeFiles/MPU+MATRIX.dir/home/satlab/.pico-sdk/sdk/2.0.0/lib/tinyusb/src/device/usbd.c.obj
 .rodata.__func__.8
                0x100070d0       0x17 CMakeFiles/MPU+MATRIX.dir/home/satlab/.pico-sdk/sdk/2.0.0/lib/tinyusb/src/device/usbd.c.obj
 *fill*         0x100070e7        0x1 
 .rodata.__func__.9
                0x100070e8       0x13 CMakeFiles/MPU+MATRIX.dir/home/satlab/.pico-sdk/sdk/2.0.0/lib/tinyusb/src/device/usbd.c.obj
 *fill*         0x100070fb        0x1 
 .rodata.__func__.10
                0x100070fc       0x18 CMakeFiles/MPU+MATRIX.dir/home/satlab/.pico-sdk/sdk/2.0.0/lib/tinyusb/src/device/usbd.c.obj
 .rodata.__func__.11
                0x10007114       0x14 CMakeFiles/MPU+MATRIX.dir/home/satlab/.pico-sdk/sdk/2.0.0/lib/tinyusb/src/device/usbd.c.obj
 .rodata.__func__.12
                0x10007128        0xd CMakeFiles/MPU+MATRIX.dir/home/satlab/.pico-sdk/sdk/2.0.0/lib/tinyusb/src/device/usbd.c.obj
 *fill*         0x10007135        0x3 
 .rodata.__func__.13
                0x10007138        0x9 CMakeFiles/MPU+MATRIX.dir/home/satlab/.pico-sdk/sdk/2.0.0/lib/tinyusb/src/device/usbd.c.obj
 *fill*         0x10007141        0x3 
 .rodata._usbd_driver
                0x10007144       0x40 CMakeFiles/MPU+MATRIX.dir/home/satlab/.pico-sdk/sdk/2.0.0/lib/tinyusb/src/device/usbd.c.obj
 .rodata.tud_control_xfer.str1.4
                0x10007184       0x17 CMakeFiles/MPU+MATRIX.dir/home/satlab/.pico-sdk/sdk/2.0.0/lib/tinyusb/src/device/usbd_control.c.obj
 .rodata.__func__.0
                0x10007184       0x15 CMakeFiles/MPU+MATRIX.dir/home/satlab/.pico-sdk/sdk/2.0.0/lib/tinyusb/src/device/usbd_control.c.obj
 *fill*         0x10007199        0x3 
 .rodata.__func__.1
                0x1000719c       0x11 CMakeFiles/MPU+MATRIX.dir/home/satlab/.pico-sdk/sdk/2.0.0/lib/tinyusb/src/device/usbd_control.c.obj
 .rodata.tud_cdc_n_write_flush.str1.4
                0x100071ad       0x17 CMakeFiles/MPU+MATRIX.dir/home/satlab/.pico-sdk/sdk/2.0.0/lib/tinyusb/src/class/cdc/cdc_device.c.obj
 *fill*         0x100071ad        0x3 
 .rodata.__func__.0
                0x100071b0        0xd CMakeFiles/MPU+MATRIX.dir/home/satlab/.pico-sdk/sdk/2.0.0/lib/tinyusb/src/class/cdc/cdc_device.c.obj
 *fill*         0x100071bd        0x3 
 .rodata.__func__.1
                0x100071c0        0xa CMakeFiles/MPU+MATRIX.dir/home/satlab/.pico-sdk/sdk/2.0.0/lib/tinyusb/src/class/cdc/cdc_device.c.obj
 *fill*         0x100071ca        0x2 
 .rodata.__func__.3
                0x100071cc       0x16 CMakeFiles/MPU+MATRIX.dir/home/satlab/.pico-sdk/sdk/2.0.0/lib/tinyusb/src/class/cdc/cdc_device.c.obj
 .rodata.tud_vendor_n_write_flush.str1.4
                0x100071e2       0x17 CMakeFiles/MPU+MATRIX.dir/home/satlab/.pico-sdk/sdk/2.0.0/lib/tinyusb/src/class/vendor/vendor_device.c.obj
 *fill*         0x100071e2        0x2 
 .rodata.__func__.0
                0x100071e4        0xd CMakeFiles/MPU+MATRIX.dir/home/satlab/.pico-sdk/sdk/2.0.0/lib/tinyusb/src/class/vendor/vendor_device.c.obj
 *fill*         0x100071f1        0x3 
 .rodata.__func__.2
                0x100071f4       0x19 CMakeFiles/MPU+MATRIX.dir/home/satlab/.pico-sdk/sdk/2.0.0/lib/tinyusb/src/class/vendor/vendor_device.c.obj
 .rodata.tusb_init.str1.4
                0x1000720d       0x17 CMakeFiles/MPU+MATRIX.dir/home/satlab/.pico-sdk/sdk/2.0.0/lib/tinyusb/src/tusb.c.obj
 *fill*         0x1000720d        0x3 
 .rodata.__func__.3
                0x10007210       0x11 CMakeFiles/MPU+MATRIX.dir/home/satlab/.pico-sdk/sdk/2.0.0/lib/tinyusb/src/tusb.c.obj
 *fill*         0x10007221        0x3 
 .rodata.__func__.4
                0x10007224        0xa CMakeFiles/MPU+MATRIX.dir/home/satlab/.pico-sdk/sdk/2.0.0/lib/tinyusb/src/tusb.c.obj
 *(.srodata*)
                0x10007230                        . = ALIGN (0x4)
 *fill*         0x1000722e        0x2 
 *(SORT_BY_ALIGNMENT(SORT_BY_NAME(.flashdata*)))
                0x10007230                        . = ALIGN (0x4)

.ARM.extab
 *(.ARM.extab* .gnu.linkonce.armextab.*)
                0x10007230                        __exidx_start = .

.ARM.exidx      0x10007230        0x8
 *(.ARM.exidx* .gnu.linkonce.armexidx.*)
 .ARM.exidx     0x10007230        0x8 /home/satlab/.pico-sdk/toolchain/13_2_Rel1/bin/../lib/gcc/arm-none-eabi/13.2.1/../../../../arm-none-eabi/lib/thumb/v8-m.main+fp/softfp/libg.a(libc_a-memcpy.o)
 .ARM.exidx.text.__udivmoddi4
                0x10007238        0x0 /home/satlab/.pico-sdk/toolchain/13_2_Rel1/bin/../lib/gcc/arm-none-eabi/13.2.1/thumb/v8-m.main+fp/softfp/libgcc.a(_udivmoddi4.o)
                                  0x8 (size before relaxing)
                0x10007238                        __exidx_end = .
                0x10007238                        . = ALIGN (0x4)
                0x10007238                        __binary_info_start = .

.binary_info    0x10007238       0x20
 *(.binary_info.keep.*)
 .binary_info.keep.__bi_ptr84
                0x10007238        0x4 CMakeFiles/MPU+MATRIX.dir/home/satlab/.pico-sdk/sdk/2.0.0/src/rp2_common/pico_standard_binary_info/standard_binary_info.c.obj
 .binary_info.keep.__bi_ptr60
                0x1000723c        0x4 CMakeFiles/MPU+MATRIX.dir/home/satlab/.pico-sdk/sdk/2.0.0/src/rp2_common/pico_standard_binary_info/standard_binary_info.c.obj
 .binary_info.keep.__bi_ptr54
                0x10007240        0x4 CMakeFiles/MPU+MATRIX.dir/home/satlab/.pico-sdk/sdk/2.0.0/src/rp2_common/pico_standard_binary_info/standard_binary_info.c.obj
 .binary_info.keep.__bi_ptr48
                0x10007244        0x4 CMakeFiles/MPU+MATRIX.dir/home/satlab/.pico-sdk/sdk/2.0.0/src/rp2_common/pico_standard_binary_info/standard_binary_info.c.obj
 .binary_info.keep.__bi_ptr42
                0x10007248        0x4 CMakeFiles/MPU+MATRIX.dir/home/satlab/.pico-sdk/sdk/2.0.0/src/rp2_common/pico_standard_binary_info/standard_binary_info.c.obj
 .binary_info.keep.__bi_ptr34
                0x1000724c        0x4 CMakeFiles/MPU+MATRIX.dir/home/satlab/.pico-sdk/sdk/2.0.0/src/rp2_common/pico_standard_binary_info/standard_binary_info.c.obj
 .binary_info.keep.__bi_ptr26
                0x10007250        0x4 CMakeFiles/MPU+MATRIX.dir/home/satlab/.pico-sdk/sdk/2.0.0/src/rp2_common/pico_standard_binary_info/standard_binary_info.c.obj
 *(.binary_info.*)
 .binary_info.__bi_ptr197
                0x10007254        0x4 CMakeFiles/MPU+MATRIX.dir/home/satlab/.pico-sdk/sdk/2.0.0/src/rp2_common/pico_stdio_usb/stdio_usb.c.obj
                0x10007258                        __binary_info_end = .
                0x10007258                        . = ALIGN (0x4)

.ram_vector_table
                0x20000000      0x110
 *(.ram_vector_table)
 .ram_vector_table
                0x20000000      0x110 CMakeFiles/MPU+MATRIX.dir/home/satlab/.pico-sdk/sdk/2.0.0/src/rp2_common/pico_runtime_init/runtime_init.c.obj
                0x20000000                ram_vector_table

.uninitialized_data
                0x20000110        0x0
                0x20000110                        . = ALIGN (0x4)
 *(.uninitialized_data*)

.data           0x20000110     0x109c load address 0x10007258
                0x20000110                        __data_start__ = .
 *(vtable)
 *(.time_critical*)
 .time_critical.mutex_try_enter
                0x20000110       0x58 CMakeFiles/MPU+MATRIX.dir/home/satlab/.pico-sdk/sdk/2.0.0/src/common/pico_sync/mutex.c.obj
                0x20000110                mutex_try_enter
 .time_critical.mutex_enter_block_until
                0x20000168       0x84 CMakeFiles/MPU+MATRIX.dir/home/satlab/.pico-sdk/sdk/2.0.0/src/common/pico_sync/mutex.c.obj
                0x20000168                mutex_enter_block_until
 .time_critical.mutex_try_enter_block_until
                0x200001ec       0x32 CMakeFiles/MPU+MATRIX.dir/home/satlab/.pico-sdk/sdk/2.0.0/src/common/pico_sync/mutex.c.obj
                0x200001ec                mutex_try_enter_block_until
 .time_critical.mutex_enter_timeout_ms
                0x2000021e       0x52 CMakeFiles/MPU+MATRIX.dir/home/satlab/.pico-sdk/sdk/2.0.0/src/common/pico_sync/mutex.c.obj
                0x2000021e                mutex_enter_timeout_ms
 .time_critical.mutex_exit
                0x20000270       0x58 CMakeFiles/MPU+MATRIX.dir/home/satlab/.pico-sdk/sdk/2.0.0/src/common/pico_sync/mutex.c.obj
                0x20000270                mutex_exit
 .time_critical.reset_non_control_endpoints
                0x200002c8       0x40 CMakeFiles/MPU+MATRIX.dir/home/satlab/.pico-sdk/sdk/2.0.0/lib/tinyusb/src/portable/raspberrypi/rp2040/dcd_rp2040.c.obj
 .time_critical.hw_handle_buff_status
                0x20000308       0x90 CMakeFiles/MPU+MATRIX.dir/home/satlab/.pico-sdk/sdk/2.0.0/lib/tinyusb/src/portable/raspberrypi/rp2040/dcd_rp2040.c.obj
 .time_critical.dcd_rp2040_irq
                0x20000398      0x1fc CMakeFiles/MPU+MATRIX.dir/home/satlab/.pico-sdk/sdk/2.0.0/lib/tinyusb/src/portable/raspberrypi/rp2040/dcd_rp2040.c.obj
 .time_critical.prepare_ep_buffer
                0x20000594       0x5a CMakeFiles/MPU+MATRIX.dir/home/satlab/.pico-sdk/sdk/2.0.0/lib/tinyusb/src/portable/raspberrypi/rp2040/rp2040_usb.c.obj
 *fill*         0x200005ee        0x2 
 .time_critical.e15_is_bulkin_ep
                0x200005f0       0x2c CMakeFiles/MPU+MATRIX.dir/home/satlab/.pico-sdk/sdk/2.0.0/lib/tinyusb/src/portable/raspberrypi/rp2040/rp2040_usb.c.obj
 .time_critical.e15_is_critical_frame_period
                0x2000061c       0x28 CMakeFiles/MPU+MATRIX.dir/home/satlab/.pico-sdk/sdk/2.0.0/lib/tinyusb/src/portable/raspberrypi/rp2040/rp2040_usb.c.obj
 .time_critical.sync_ep_buffer
                0x20000644       0x7c CMakeFiles/MPU+MATRIX.dir/home/satlab/.pico-sdk/sdk/2.0.0/lib/tinyusb/src/portable/raspberrypi/rp2040/rp2040_usb.c.obj
 .time_critical._hw_endpoint_xfer_sync
                0x200006c0       0x2a CMakeFiles/MPU+MATRIX.dir/home/satlab/.pico-sdk/sdk/2.0.0/lib/tinyusb/src/portable/raspberrypi/rp2040/rp2040_usb.c.obj
 .time_critical.hw_endpoint_reset_transfer
                0x200006ea        0xc CMakeFiles/MPU+MATRIX.dir/home/satlab/.pico-sdk/sdk/2.0.0/lib/tinyusb/src/portable/raspberrypi/rp2040/rp2040_usb.c.obj
                0x200006ea                hw_endpoint_reset_transfer
 *fill*         0x200006f6        0x2 
 .time_critical._hw_endpoint_buffer_control_update32
                0x200006f8       0x4c CMakeFiles/MPU+MATRIX.dir/home/satlab/.pico-sdk/sdk/2.0.0/lib/tinyusb/src/portable/raspberrypi/rp2040/rp2040_usb.c.obj
                0x200006f8                _hw_endpoint_buffer_control_update32
 .time_critical.hw_endpoint_start_next_buffer
                0x20000744       0x70 CMakeFiles/MPU+MATRIX.dir/home/satlab/.pico-sdk/sdk/2.0.0/lib/tinyusb/src/portable/raspberrypi/rp2040/rp2040_usb.c.obj
                0x20000744                hw_endpoint_start_next_buffer
 .time_critical.hw_endpoint_xfer_continue
                0x200007b4       0x3c CMakeFiles/MPU+MATRIX.dir/home/satlab/.pico-sdk/sdk/2.0.0/lib/tinyusb/src/portable/raspberrypi/rp2040/rp2040_usb.c.obj
                0x200007b4                hw_endpoint_xfer_continue
 .time_critical.tinyusb
                0x200007f0      0x210 CMakeFiles/MPU+MATRIX.dir/home/satlab/.pico-sdk/sdk/2.0.0/lib/tinyusb/src/device/usbd.c.obj
                0x200007f0                dcd_event_handler
 *(.text*)
 .text          0x20000a00      0x378 /home/satlab/.pico-sdk/toolchain/13_2_Rel1/bin/../lib/gcc/arm-none-eabi/13.2.1/thumb/v8-m.main+fp/softfp/libgcc.a(_arm_addsubdf3.o)
                0x20000a00                __aeabi_drsub
                0x20000a08                __aeabi_dsub
                0x20000a08                __subdf3
                0x20000a0c                __adddf3
                0x20000a0c                __aeabi_dadd
                0x20000c84                __aeabi_ui2d
                0x20000c84                __floatunsidf
                0x20000ca4                __floatsidf
                0x20000ca4                __aeabi_i2d
                0x20000cc8                __extendsfdf2
                0x20000cc8                __aeabi_f2d
                0x20000d0c                __aeabi_ul2d
                0x20000d0c                __floatundidf
                0x20000d1c                __floatdidf
                0x20000d1c                __aeabi_l2d
 .text          0x20000d78       0x30 /home/satlab/.pico-sdk/toolchain/13_2_Rel1/bin/../lib/gcc/arm-none-eabi/13.2.1/thumb/v8-m.main+fp/softfp/libgcc.a(_aeabi_uldivmod.o)
                0x20000d78                __aeabi_uldivmod
 .text.__udivmoddi4
                0x20000da8      0x300 /home/satlab/.pico-sdk/toolchain/13_2_Rel1/bin/../lib/gcc/arm-none-eabi/13.2.1/thumb/v8-m.main+fp/softfp/libgcc.a(_udivmoddi4.o)
                0x20000da8                __udivmoddi4
 .text          0x200010a8        0x4 /home/satlab/.pico-sdk/toolchain/13_2_Rel1/bin/../lib/gcc/arm-none-eabi/13.2.1/thumb/v8-m.main+fp/softfp/libgcc.a(_dvmd_tls.o)
                0x200010a8                __aeabi_ldiv0
                0x200010a8                __aeabi_idiv0
 *fill*         0x200010ac        0x4 
 .text.__stub   0x200010b0       0x50 linker stubs
                0x20001100                        . = ALIGN (0x4)
 *(.rodata*)
                0x20001100                        . = ALIGN (0x4)
 *(.data*)
 .data.i2c0_inst
                0x20001100        0x8 CMakeFiles/MPU+MATRIX.dir/home/satlab/.pico-sdk/sdk/2.0.0/src/rp2_common/hardware_i2c/i2c.c.obj
                0x20001100                i2c0_inst
 .data.striped_spin_lock_num
                0x20001108        0x1 CMakeFiles/MPU+MATRIX.dir/home/satlab/.pico-sdk/sdk/2.0.0/src/rp2_common/hardware_sync/sync.c.obj