Archive member included to satisfy reference by file (symbol)

/opt/gcc-arm-none-eabi-9-2020-q2-update/bin/../lib/gcc/arm-none-eabi/9.3.1/thumb/v6-m/nofp/libgcc.a(_dvmd_tls.o)
                              CMakeFiles/hello_serial.dir/home/satlab/.pico-sdk/sdk/2.0.0/src/rp2_common/pico_divider/divider_hardware.S.obj (__aeabi_idiv0)
/opt/gcc-arm-none-eabi-9-2020-q2-update/bin/../lib/gcc/arm-none-eabi/9.3.1/../../../../arm-none-eabi/lib/thumb/v6-m/nofp/libg.a(lib_a-calloc.o)
                              CMakeFiles/hello_serial.dir/home/satlab/.pico-sdk/sdk/2.0.0/src/rp2_common/pico_malloc/malloc.c.obj (calloc)
/opt/gcc-arm-none-eabi-9-2020-q2-update/bin/../lib/gcc/arm-none-eabi/9.3.1/../../../../arm-none-eabi/lib/thumb/v6-m/nofp/libg.a(lib_a-callocr.o)
                              /opt/gcc-arm-none-eabi-9-2020-q2-update/bin/../lib/gcc/arm-none-eabi/9.3.1/../../../../arm-none-eabi/lib/thumb/v6-m/nofp/libg.a(lib_a-calloc.o) (_calloc_r)
/opt/gcc-arm-none-eabi-9-2020-q2-update/bin/../lib/gcc/arm-none-eabi/9.3.1/../../../../arm-none-eabi/lib/thumb/v6-m/nofp/libg.a(lib_a-impure.o)
                              /opt/gcc-arm-none-eabi-9-2020-q2-update/bin/../lib/gcc/arm-none-eabi/9.3.1/../../../../arm-none-eabi/lib/thumb/v6-m/nofp/libg.a(lib_a-calloc.o) (_impure_ptr)
/opt/gcc-arm-none-eabi-9-2020-q2-update/bin/../lib/gcc/arm-none-eabi/9.3.1/../../../../arm-none-eabi/lib/thumb/v6-m/nofp/libg.a(lib_a-init.o)
                              /opt/gcc-arm-none-eabi-9-2020-q2-update/bin/../lib/gcc/arm-none-eabi/9.3.1/../../../../arm-none-eabi/lib/thumb/v6-m/nofp/crt0.o (__libc_init_array)
/opt/gcc-arm-none-eabi-9-2020-q2-update/bin/../lib/gcc/arm-none-eabi/9.3.1/../../../../arm-none-eabi/lib/thumb/v6-m/nofp/libg.a(lib_a-lcltime_r.o)
                              CMakeFiles/hello_serial.dir/home/satlab/.pico-sdk/sdk/2.0.0/src/common/pico_util/datetime.c.obj (localtime_r)
/opt/gcc-arm-none-eabi-9-2020-q2-update/bin/../lib/gcc/arm-none-eabi/9.3.1/../../../../arm-none-eabi/lib/thumb/v6-m/nofp/libg.a(lib_a-malloc.o)
                              CMakeFiles/hello_serial.dir/home/satlab/.pico-sdk/sdk/2.0.0/src/rp2_common/pico_malloc/malloc.c.obj (malloc)
/opt/gcc-arm-none-eabi-9-2020-q2-update/bin/../lib/gcc/arm-none-eabi/9.3.1/../../../../arm-none-eabi/lib/thumb/v6-m/nofp/libg.a(lib_a-mallocr.o)
                              /opt/gcc-arm-none-eabi-9-2020-q2-update/bin/../lib/gcc/arm-none-eabi/9.3.1/../../../../arm-none-eabi/lib/thumb/v6-m/nofp/libg.a(lib_a-callocr.o) (_malloc_r)
/opt/gcc-arm-none-eabi-9-2020-q2-update/bin/../lib/gcc/arm-none-eabi/9.3.1/../../../../arm-none-eabi/lib/thumb/v6-m/nofp/libg.a(lib_a-memcmp.o)
                              CMakeFiles/hello_serial.dir/home/satlab/.pico-sdk/sdk/2.0.0/src/rp2_common/pico_atomic/atomic.c.obj (memcmp)
/opt/gcc-arm-none-eabi-9-2020-q2-update/bin/../lib/gcc/arm-none-eabi/9.3.1/../../../../arm-none-eabi/lib/thumb/v6-m/nofp/libg.a(lib_a-mktime.o)
                              CMakeFiles/hello_serial.dir/home/satlab/.pico-sdk/sdk/2.0.0/src/common/pico_util/datetime.c.obj (mktime)
/opt/gcc-arm-none-eabi-9-2020-q2-update/bin/../lib/gcc/arm-none-eabi/9.3.1/../../../../arm-none-eabi/lib/thumb/v6-m/nofp/libg.a(lib_a-mlock.o)
                              /opt/gcc-arm-none-eabi-9-2020-q2-update/bin/../lib/gcc/arm-none-eabi/9.3.1/../../../../arm-none-eabi/lib/thumb/v6-m/nofp/libg.a(lib_a-mallocr.o) (__malloc_lock)
/opt/gcc-arm-none-eabi-9-2020-q2-update/bin/../lib/gcc/arm-none-eabi/9.3.1/../../../../arm-none-eabi/lib/thumb/v6-m/nofp/libg.a(lib_a-month_lengths.o)
                              /opt/gcc-arm-none-eabi-9-2020-q2-update/bin/../lib/gcc/arm-none-eabi/9.3.1/../../../../arm-none-eabi/lib/thumb/v6-m/nofp/libg.a(lib_a-lcltime_r.o) (__month_lengths)
/opt/gcc-arm-none-eabi-9-2020-q2-update/bin/../lib/gcc/arm-none-eabi/9.3.1/../../../../arm-none-eabi/lib/thumb/v6-m/nofp/libg.a(lib_a-realloc.o)
                              CMakeFiles/hello_serial.dir/home/satlab/.pico-sdk/sdk/2.0.0/src/rp2_common/pico_malloc/malloc.c.obj (realloc)
/opt/gcc-arm-none-eabi-9-2020-q2-update/bin/../lib/gcc/arm-none-eabi/9.3.1/../../../../arm-none-eabi/lib/thumb/v6-m/nofp/libg.a(lib_a-reallocr.o)
                              /opt/gcc-arm-none-eabi-9-2020-q2-update/bin/../lib/gcc/arm-none-eabi/9.3.1/../../../../arm-none-eabi/lib/thumb/v6-m/nofp/libg.a(lib_a-realloc.o) (_realloc_r)
/opt/gcc-arm-none-eabi-9-2020-q2-update/bin/../lib/gcc/arm-none-eabi/9.3.1/../../../../arm-none-eabi/lib/thumb/v6-m/nofp/libg.a(lib_a-sbrkr.o)
                              /opt/gcc-arm-none-eabi-9-2020-q2-update/bin/../lib/gcc/arm-none-eabi/9.3.1/../../../../arm-none-eabi/lib/thumb/v6-m/nofp/libg.a(lib_a-mallocr.o) (_sbrk_r)
/opt/gcc-arm-none-eabi-9-2020-q2-update/bin/../lib/gcc/arm-none-eabi/9.3.1/../../../../arm-none-eabi/lib/thumb/v6-m/nofp/libg.a(lib_a-strlen-stub.o)
                              CMakeFiles/hello_serial.dir/home/satlab/.pico-sdk/sdk/2.0.0/src/rp2_common/pico_stdio/stdio.c.obj (strlen)
[...]
Memory Configuration

Name             Origin             Length             Attributes
FLASH            0x0000000010000000 0x0000000000200000 xr
RAM              0x0000000020000000 0x0000000000040000 xrw
SCRATCH_X        0x0000000020040000 0x0000000000001000 xrw
SCRATCH_Y        0x0000000020041000 0x0000000000001000 xrw
*default*        0x0000000000000000 0xffffffffffffffff

Linker script and memory map

LOAD /opt/gcc-arm-none-eabi-9-2020-q2-update/bin/../lib/gcc/arm-none-eabi/9.3.1/thumb/v6-m/nofp/crti.o
LOAD /opt/gcc-arm-none-eabi-9-2020-q2-update/bin/../lib/gcc/arm-none-eabi/9.3.1/thumb/v6-m/nofp/crtbegin.o
LOAD /opt/gcc-arm-none-eabi-9-2020-q2-update/bin/../lib/gcc/arm-none-eabi/9.3.1/../../../../arm-none-eabi/lib/thumb/v6-m/nofp/crt0.o

.flash_begin    0x0000000010000000        0x0
                0x0000000010000000                __flash_binary_start = .

.boot2          0x0000000010000000      0x100
                0x0000000010000000                __boot2_start__ = .
 *(.boot2)
 .boot2         0x0000000010000000      0x100 /tmp/ccQOnlUR.o
                0x0000000010000100                __boot2_end__ = .
                0x0000000000000001                ASSERT (((__boot2_end__ - __boot2_start__) == 0x100), ERROR: Pico second stage bootloader must be 256 bytes in size)

.text           0x0000000010000100     0x3b20
                0x0000000010000100                __logical_binary_start = .
 *(.vectors)
 .vectors       0x0000000010000100       0xd4 CMakeFiles/hello_serial.dir/home/satlab/.pico-sdk/sdk/2.0.0/src/rp2_common/pico_crt0/crt0.S.obj
                0x0000000010000100                __vectors
                0x0000000010000100                __VECTOR_TABLE
                0x00000000100001c0                isr_invalid
                0x00000000100001c0                __default_isrs_start
                0x00000000100001c2                isr_nmi
                0x00000000100001c4                isr_hardfault
                0x00000000100001c6                isr_svcall
                0x00000000100001c8                isr_pendsv
                0x00000000100001ca                isr_systick
                0x00000000100001cc                isr_irq30
                0x00000000100001cc                __unhandled_user_irq
                0x00000000100001cc                isr_irq13
                0x00000000100001cc                isr_irq27
                0x00000000100001cc                isr_irq31
                0x00000000100001cc                isr_irq5
                0x00000000100001cc                isr_irq11
                0x00000000100001cc                isr_irq23
                0x00000000100001cc                isr_irq18
                0x00000000100001cc                isr_irq28
                0x00000000100001cc                isr_irq19
                0x00000000100001cc                isr_irq0
                0x00000000100001cc                isr_irq6
                0x00000000100001cc                isr_irq22
                0x00000000100001cc                isr_irq17
                0x00000000100001cc                isr_irq14
                0x00000000100001cc                isr_irq2
                0x00000000100001cc                isr_irq10
                0x00000000100001cc                isr_irq8
                0x00000000100001cc                isr_irq24
                0x00000000100001cc                isr_irq1
                0x00000000100001cc                isr_irq7
                0x00000000100001cc                isr_irq21
                0x00000000100001cc                isr_irq20
                0x00000000100001cc                isr_irq15
                0x00000000100001cc                isr_irq25
                0x00000000100001cc                isr_irq4
                0x00000000100001cc                isr_irq16
                0x00000000100001cc                isr_irq29
                0x00000000100001cc                isr_irq26
                0x00000000100001cc                __default_isrs_end
                0x00000000100001cc                isr_irq3
                0x00000000100001cc                isr_irq12
                0x00000000100001cc                isr_irq9
                0x00000000100001d2                unhandled_user_irq_num_in_r0
 *(.binary_info_header)
 .binary_info_header
                0x00000000100001d4       0x14 CMakeFiles/hello_serial.dir/home/satlab/.pico-sdk/sdk/2.0.0/src/rp2_common/pico_crt0/crt0.S.obj
                0x00000000100001e8                __binary_info_header_end = .
 *(.embedded_block)
                0x00000000100001e8                __embedded_block_end = .
 *(.reset)
 .reset         0x00000000100001e8       0x9c CMakeFiles/hello_serial.dir/home/satlab/.pico-sdk/sdk/2.0.0/src/rp2_common/pico_crt0/crt0.S.obj
                0x00000000100001e8                _entry_point
 *(.init)
 .init          0x0000000010000284        0x4 /opt/gcc-arm-none-eabi-9-2020-q2-update/bin/../lib/gcc/arm-none-eabi/9.3.1/thumb/v6-m/nofp/crti.o
                0x0000000010000284                _init
 *(EXCLUDE_FILE(*libm.a: *libc.a:*lib_a-mem*.o *libgcc.a:) .text*)
 .text          0x0000000010000288       0x48 /opt/gcc-arm-none-eabi-9-2020-q2-update/bin/../lib/gcc/arm-none-eabi/9.3.1/thumb/v6-m/nofp/crtbegin.o
 .text.main     0x00000000100002d0       0x1c CMakeFiles/hello_serial.dir/hello_serial.c.obj
                0x00000000100002d0                main
 .text.gpio_set_function
                0x00000000100002ec       0x34 CMakeFiles/hello_serial.dir/home/satlab/.pico-sdk/sdk/2.0.0/src/rp2_common/hardware_gpio/gpio.c.obj
                0x00000000100002ec                gpio_set_function
 .text.panic    0x0000000010000320       0x30 CMakeFiles/hello_serial.dir/home/satlab/.pico-sdk/sdk/2.0.0/src/rp2_common/pico_platform_panic/panic.c.obj
                0x0000000010000320                panic
 .text.hw_claim_lock
                0x0000000010000350       0x18 CMakeFiles/hello_serial.dir/home/satlab/.pico-sdk/sdk/2.0.0/src/common/hardware_claim/claim.c.obj
                0x0000000010000350                hw_claim_lock
 .text.hw_claim_unlock
                0x0000000010000368       0x14 CMakeFiles/hello_serial.dir/home/satlab/.pico-sdk/sdk/2.0.0/src/common/hardware_claim/claim.c.obj
                0x0000000010000368                hw_claim_unlock
 .text.hw_claim_or_assert
                0x000000001000037c       0x32 CMakeFiles/hello_serial.dir/home/satlab/.pico-sdk/sdk/2.0.0/src/common/hardware_claim/claim.c.obj
                0x000000001000037c                hw_claim_or_assert
 *fill*         0x00000000100003ae        0x2 
 .text.next_striped_spin_lock_num
                0x00000000100003b0       0x1c CMakeFiles/hello_serial.dir/home/satlab/.pico-sdk/sdk/2.0.0/src/rp2_common/hardware_sync/sync.c.obj
                0x00000000100003b0                next_striped_spin_lock_num
 .text.spin_locks_reset
                0x00000000100003cc       0x20 CMakeFiles/hello_serial.dir/home/satlab/.pico-sdk/sdk/2.0.0/src/rp2_common/hardware_sync_spin_lock/sync_spin_lock.c.obj
                0x00000000100003cc                spin_locks_reset
 .text.set_raw_irq_handler_and_unlock
                0x00000000100003ec       0x28 CMakeFiles/hello_serial.dir/home/satlab/.pico-sdk/sdk/2.0.0/src/rp2_common/hardware_irq/irq.c.obj
 .text.nvic_ipr0
                0x0000000010000414        0x8 CMakeFiles/hello_serial.dir/home/satlab/.pico-sdk/sdk/2.0.0/src/rp2_common/hardware_irq/irq.c.obj
 .text.runtime_init_per_core_irq_priorities
                0x000000001000041c       0x1c CMakeFiles/hello_serial.dir/home/satlab/.pico-sdk/sdk/2.0.0/src/rp2_common/hardware_irq/irq.c.obj
                0x000000001000041c                runtime_init_per_core_irq_priorities
 .text.make_j_16
                0x0000000010000438       0x4c CMakeFiles/hello_serial.dir/home/satlab/.pico-sdk/sdk/2.0.0/src/rp2_common/hardware_irq/irq.c.obj
 .text.insert_bl_32
                0x0000000010000484       0x40 CMakeFiles/hello_serial.dir/home/satlab/.pico-sdk/sdk/2.0.0/src/rp2_common/hardware_irq/irq.c.obj
 .text.irq_is_enabled
                0x00000000100004c4       0x18 CMakeFiles/hello_serial.dir/home/satlab/.pico-sdk/sdk/2.0.0/src/rp2_common/hardware_irq/irq.c.obj
                0x00000000100004c4                irq_is_enabled
 .text.irq_set_mask_n_enabled
                0x00000000100004dc       0x1c CMakeFiles/hello_serial.dir/home/satlab/.pico-sdk/sdk/2.0.0/src/rp2_common/hardware_irq/irq.c.obj
                0x00000000100004dc                irq_set_mask_n_enabled
 .text.irq_set_enabled
                0x00000000100004f8       0x14 CMakeFiles/hello_serial.dir/home/satlab/.pico-sdk/sdk/2.0.0/src/rp2_common/hardware_irq/irq.c.obj
                0x00000000100004f8                irq_set_enabled
 .text.irq_get_vtable_handler
                0x000000001000050c       0x10 CMakeFiles/hello_serial.dir/home/satlab/.pico-sdk/sdk/2.0.0/src/rp2_common/hardware_irq/irq.c.obj
                0x000000001000050c                irq_get_vtable_handler
 .text.irq_set_exclusive_handler
                0x000000001000051c       0x54 CMakeFiles/hello_serial.dir/home/satlab/.pico-sdk/sdk/2.0.0/src/rp2_common/hardware_irq/irq.c.obj
                0x000000001000051c                irq_set_exclusive_handler
 .text.irq_remove_handler
                0x0000000010000570      0x1b0 CMakeFiles/hello_serial.dir/home/satlab/.pico-sdk/sdk/2.0.0/src/rp2_common/hardware_irq/irq.c.obj
                0x0000000010000570                irq_remove_handler
 .text.irq_add_tail_to_free_list
                0x0000000010000720       0xf4 CMakeFiles/hello_serial.dir/home/satlab/.pico-sdk/sdk/2.0.0/src/rp2_common/hardware_irq/irq.c.obj
                0x0000000010000720                irq_add_tail_to_free_list
 .text.lock_init
                0x0000000010000814       0x10 CMakeFiles/hello_serial.dir/home/satlab/.pico-sdk/sdk/2.0.0/src/common/pico_sync/lock_core.c.obj
                0x0000000010000814                lock_init
 .text.mutex_init
                0x0000000010000824       0x1a CMakeFiles/hello_serial.dir/home/satlab/.pico-sdk/sdk/2.0.0/src/common/pico_sync/mutex.c.obj
                0x0000000010000824                mutex_init
 .text.recursive_mutex_init
                0x000000001000083e       0x1e CMakeFiles/hello_serial.dir/home/satlab/.pico-sdk/sdk/2.0.0/src/common/pico_sync/mutex.c.obj
                0x000000001000083e                recursive_mutex_init
 .text.runtime_init_mutex
                0x000000001000085c       0x4c CMakeFiles/hello_serial.dir/home/satlab/.pico-sdk/sdk/2.0.0/src/common/pico_sync/mutex.c.obj
                0x000000001000085c                runtime_init_mutex
 .text.make_alarm_id
                0x00000000100008a8        0x6 CMakeFiles/hello_serial.dir/home/satlab/.pico-sdk/sdk/2.0.0/src/common/pico_time/time.c.obj
 *fill*         0x00000000100008ae        0x2 
 .text.sleep_until_callback
                0x00000000100008b0       0x30 CMakeFiles/hello_serial.dir/home/satlab/.pico-sdk/sdk/2.0.0/src/common/pico_time/time.c.obj
 .text.alarm_pool_irq_handler
                0x00000000100008e0      0x2e4 CMakeFiles/hello_serial.dir/home/satlab/.pico-sdk/sdk/2.0.0/src/common/pico_time/time.c.obj
 .text.alarm_pool_post_alloc_init
                0x0000000010000bc4       0x94 CMakeFiles/hello_serial.dir/home/satlab/.pico-sdk/sdk/2.0.0/src/common/pico_time/time.c.obj
 .text.alarm_pool_get_default
                0x0000000010000c58       0x2c CMakeFiles/hello_serial.dir/home/satlab/.pico-sdk/sdk/2.0.0/src/common/pico_time/time.c.obj
                0x0000000010000c58                alarm_pool_get_default
 .text.alarm_pool_add_alarm_at_force_in_context
                0x0000000010000c84       0xa8 CMakeFiles/hello_serial.dir/home/satlab/.pico-sdk/sdk/2.0.0/src/common/pico_time/time.c.obj
                0x0000000010000c84                alarm_pool_add_alarm_at_force_in_context
 .text.alarm_pool_add_alarm_at
                0x0000000010000d2c       0x3c CMakeFiles/hello_serial.dir/home/satlab/.pico-sdk/sdk/2.0.0/src/common/pico_time/time.c.obj
                0x0000000010000d2c                alarm_pool_add_alarm_at
 .text.alarm_pool_cancel_alarm
                0x0000000010000d68       0x78 CMakeFiles/hello_serial.dir/home/satlab/.pico-sdk/sdk/2.0.0/src/common/pico_time/time.c.obj
                0x0000000010000d68                alarm_pool_cancel_alarm
 .text.sleep_until
                0x0000000010000de0       0xc8 CMakeFiles/hello_serial.dir/home/satlab/.pico-sdk/sdk/2.0.0/src/common/pico_time/time.c.obj
                0x0000000010000de0                sleep_until
 .text.sleep_us
                0x0000000010000ea8       0x24 CMakeFiles/hello_serial.dir/home/satlab/.pico-sdk/sdk/2.0.0/src/common/pico_time/time.c.obj
                0x0000000010000ea8                sleep_us
 .text.sleep_ms
                0x0000000010000ecc       0x14 CMakeFiles/hello_serial.dir/home/satlab/.pico-sdk/sdk/2.0.0/src/common/pico_time/time.c.obj
                0x0000000010000ecc                sleep_ms
 .text.best_effort_wfe_or_timeout
                0x0000000010000ee0       0xd8 CMakeFiles/hello_serial.dir/home/satlab/.pico-sdk/sdk/2.0.0/src/common/pico_time/time.c.obj
                0x0000000010000ee0                best_effort_wfe_or_timeout
 .text.alarm_pool_get_default_timer
                0x0000000010000fb8        0x8 CMakeFiles/hello_serial.dir/home/satlab/.pico-sdk/sdk/2.0.0/src/common/pico_time/time.c.obj
                0x0000000010000fb8                alarm_pool_get_default_timer
 .text.runtime_init_default_alarm_pool
                0x0000000010000fc0       0x38 CMakeFiles/hello_serial.dir/home/satlab/.pico-sdk/sdk/2.0.0/src/common/pico_time/time.c.obj
                0x0000000010000fc0                runtime_init_default_alarm_pool
 .text.timer_hardware_alarm_claim
                0x0000000010000ff8       0x14 CMakeFiles/hello_serial.dir/home/satlab/.pico-sdk/sdk/2.0.0/src/rp2_common/hardware_timer/timer.c.obj
                0x0000000010000ff8                timer_hardware_alarm_claim
 .text.timer_time_us_64
                0x000000001000100c       0x10 CMakeFiles/hello_serial.dir/home/satlab/.pico-sdk/sdk/2.0.0/src/rp2_common/hardware_timer/timer.c.obj
                0x000000001000100c                timer_time_us_64
 .text.timer_busy_wait_until
                0x000000001000101c       0x18 CMakeFiles/hello_serial.dir/home/satlab/.pico-sdk/sdk/2.0.0/src/rp2_common/hardware_timer/timer.c.obj
                0x000000001000101c                timer_busy_wait_until
 .text.timer_busy_wait_us
                0x0000000010001034       0x38 CMakeFiles/hello_serial.dir/home/satlab/.pico-sdk/sdk/2.0.0/src/rp2_common/hardware_timer/timer.c.obj
                0x0000000010001034                timer_busy_wait_us
 .text.time_us_64
                0x000000001000106c       0x10 CMakeFiles/hello_serial.dir/home/satlab/.pico-sdk/sdk/2.0.0/src/rp2_common/hardware_timer/timer.c.obj
                0x000000001000106c                time_us_64
 .text.busy_wait_us
                0x000000001000107c       0x14 CMakeFiles/hello_serial.dir/home/satlab/.pico-sdk/sdk/2.0.0/src/rp2_common/hardware_timer/timer.c.obj
                0x000000001000107c                busy_wait_us
 .text.busy_wait_until
                0x0000000010001090       0x14 CMakeFiles/hello_serial.dir/home/satlab/.pico-sdk/sdk/2.0.0/src/rp2_common/hardware_timer/timer.c.obj
                0x0000000010001090                busy_wait_until
 .text.uart_disable_before_lcr_write
                0x00000000100010a4       0x48 CMakeFiles/hello_serial.dir/home/satlab/.pico-sdk/sdk/2.0.0/src/rp2_common/hardware_uart/uart.c.obj
 .text.uart_write_lcr_bits_masked
                0x00000000100010ec       0x20 CMakeFiles/hello_serial.dir/home/satlab/.pico-sdk/sdk/2.0.0/src/rp2_common/hardware_uart/uart.c.obj
 .text.uart_set_baudrate
                0x000000001000110c       0x5c CMakeFiles/hello_serial.dir/home/satlab/.pico-sdk/sdk/2.0.0/src/rp2_common/hardware_uart/uart.c.obj
                0x000000001000110c                uart_set_baudrate
 .text.uart_set_translate_crlf
                0x0000000010001168       0x28 CMakeFiles/hello_serial.dir/home/satlab/.pico-sdk/sdk/2.0.0/src/rp2_common/hardware_uart/uart.c.obj
                0x0000000010001168                uart_set_translate_crlf
 .text.uart_init
                0x0000000010001190       0x74 CMakeFiles/hello_serial.dir/home/satlab/.pico-sdk/sdk/2.0.0/src/rp2_common/hardware_uart/uart.c.obj
                0x0000000010001190                uart_init
 .text.clock_configure_internal
                0x0000000010001204       0xc4 CMakeFiles/hello_serial.dir/home/satlab/.pico-sdk/sdk/2.0.0/src/rp2_common/hardware_clocks/clocks.c.obj
 .text.clock_configure_int_divider
                0x00000000100012c8       0x28 CMakeFiles/hello_serial.dir/home/satlab/.pico-sdk/sdk/2.0.0/src/rp2_common/hardware_clocks/clocks.c.obj
                0x00000000100012c8                clock_configure_int_divider
 .text.clock_configure_undivided
                0x00000000100012f0       0x12 CMakeFiles/hello_serial.dir/home/satlab/.pico-sdk/sdk/2.0.0/src/rp2_common/hardware_clocks/clocks.c.obj
                0x00000000100012f0                clock_configure_undivided
 *fill*         0x0000000010001302        0x2 
 .text.clock_get_hz
                0x0000000010001304        0xc CMakeFiles/hello_serial.dir/home/satlab/.pico-sdk/sdk/2.0.0/src/rp2_common/hardware_clocks/clocks.c.obj
                0x0000000010001304                clock_get_hz
 .text.pll_init
                0x0000000010001310      0x124 CMakeFiles/hello_serial.dir/home/satlab/.pico-sdk/sdk/2.0.0/src/rp2_common/hardware_pll/pll.c.obj
                0x0000000010001310                pll_init
 .text.tick_start
                0x0000000010001434       0x10 CMakeFiles/hello_serial.dir/home/satlab/.pico-sdk/sdk/2.0.0/src/rp2_common/hardware_ticks/ticks.c.obj
                0x0000000010001434                tick_start
 .text.xosc_init
                0x0000000010001444       0x28 CMakeFiles/hello_serial.dir/home/satlab/.pico-sdk/sdk/2.0.0/src/rp2_common/hardware_xosc/xosc.c.obj
                0x0000000010001444                xosc_init
 .text.runtime_run_initializers_from
                0x000000001000146c       0x18 CMakeFiles/hello_serial.dir/home/satlab/.pico-sdk/sdk/2.0.0/src/rp2_common/pico_runtime/runtime.c.obj
 .text.first_per_core_initializer
                0x0000000010001484        0x2 CMakeFiles/hello_serial.dir/home/satlab/.pico-sdk/sdk/2.0.0/src/rp2_common/pico_runtime/runtime.c.obj
 *fill*         0x0000000010001486        0x2 
 .text.runtime_run_initializers
                0x0000000010001488       0x10 CMakeFiles/hello_serial.dir/home/satlab/.pico-sdk/sdk/2.0.0/src/rp2_common/pico_runtime/runtime.c.obj
                0x0000000010001488                runtime_run_initializers
 .text.runtime_init_early_resets
                0x0000000010001498       0x2c CMakeFiles/hello_serial.dir/home/satlab/.pico-sdk/sdk/2.0.0/src/rp2_common/pico_runtime_init/runtime_init.c.obj
                0x0000000010001498                runtime_init_early_resets
 .text.runtime_init_usb_power_down
                0x00000000100014c4       0x1c CMakeFiles/hello_serial.dir/home/satlab/.pico-sdk/sdk/2.0.0/src/rp2_common/pico_runtime_init/runtime_init.c.obj
                0x00000000100014c4                runtime_init_usb_power_down
 .text.runtime_init_post_clock_resets
                0x00000000100014e0       0x20 CMakeFiles/hello_serial.dir/home/satlab/.pico-sdk/sdk/2.0.0/src/rp2_common/pico_runtime_init/runtime_init.c.obj
                0x00000000100014e0                runtime_init_post_clock_resets
 .text.runtime_init_rp2040_gpio_ie_disable
                0x0000000010001500       0x14 CMakeFiles/hello_serial.dir/home/satlab/.pico-sdk/sdk/2.0.0/src/rp2_common/pico_runtime_init/runtime_init.c.obj
                0x0000000010001500                runtime_init_rp2040_gpio_ie_disable
 .text.runtime_init_spin_locks_reset
                0x0000000010001514        0x8 CMakeFiles/hello_serial.dir/home/satlab/.pico-sdk/sdk/2.0.0/src/rp2_common/pico_runtime_init/runtime_init.c.obj
                0x0000000010001514                runtime_init_spin_locks_reset
 .text.runtime_init_install_ram_vector_table
                0x000000001000151c       0x1c CMakeFiles/hello_serial.dir/home/satlab/.pico-sdk/sdk/2.0.0/src/rp2_common/pico_runtime_init/runtime_init.c.obj
                0x000000001000151c                runtime_init_install_ram_vector_table
 .text.start_all_ticks
                0x0000000010001538       0x28 CMakeFiles/hello_serial.dir/home/satlab/.pico-sdk/sdk/2.0.0/src/rp2_common/pico_runtime_init/runtime_init_clocks.c.obj
 .text.runtime_init_clocks
                0x0000000010001560       0xcc CMakeFiles/hello_serial.dir/home/satlab/.pico-sdk/sdk/2.0.0/src/rp2_common/pico_runtime_init/runtime_init_clocks.c.obj
                0x0000000010001560                runtime_init_clocks
 .text          0x000000001000162c       0x10 CMakeFiles/hello_serial.dir/home/satlab/.pico-sdk/sdk/2.0.0/src/rp2_common/pico_bit_ops/bit_ops_aeabi.S.obj
 .text.rom_func_lookup
                0x000000001000163c       0x10 CMakeFiles/hello_serial.dir/home/satlab/.pico-sdk/sdk/2.0.0/src/rp2_common/pico_bootrom/bootrom.c.obj
                0x000000001000163c                rom_func_lookup
 .text.rom_data_lookup
                0x000000001000164c       0x10 CMakeFiles/hello_serial.dir/home/satlab/.pico-sdk/sdk/2.0.0/src/rp2_common/pico_bootrom/bootrom.c.obj
                0x000000001000164c                rom_data_lookup
 .text.rom_funcs_lookup
                0x000000001000165c       0x36 CMakeFiles/hello_serial.dir/home/satlab/.pico-sdk/sdk/2.0.0/src/rp2_common/pico_bootrom/bootrom.c.obj
                0x000000001000165c                rom_funcs_lookup
 *fill*         0x0000000010001692        0x2 
 .text.__wrap___aeabi_idiv
                0x0000000010001694       0x50 CMakeFiles/hello_serial.dir/home/satlab/.pico-sdk/sdk/2.0.0/src/rp2_common/pico_divider/divider_hardware.S.obj
                0x0000000010001694                __wrap___aeabi_idivmod
                0x0000000010001694                divmod_s32s32
                0x0000000010001694                div_s32s32
                0x0000000010001694                __wrap___aeabi_idiv
                0x000000001000169c                divmod_s32s32_unsafe
                0x00000000100016c8                divmod_s32s32_savestate
 .text.__wrap___aeabi_uidiv
                0x00000000100016e4       0x4c CMakeFiles/hello_serial.dir/home/satlab/.pico-sdk/sdk/2.0.0/src/rp2_common/pico_divider/divider_hardware.S.obj
                0x00000000100016e4                __wrap___aeabi_uidiv
                0x00000000100016e4                __wrap___aeabi_uidivmod
                0x00000000100016e4                div_u32u32
                0x00000000100016e4                divmod_u32u32
                0x00000000100016ec                divmod_u32u32_unsafe
                0x0000000010001714                divmod_u32u32_savestate
 .text.__wrap___aeabi_ldiv
                0x0000000010001730      0x424 CMakeFiles/hello_serial.dir/home/satlab/.pico-sdk/sdk/2.0.0/src/rp2_common/pico_divider/divider_hardware.S.obj
                0x0000000010001730                div_s64s64
                0x0000000010001730                divmod_s64s64
                0x0000000010001730                __wrap___aeabi_ldivmod
                0x0000000010001760                div_u64u64
                0x0000000010001760                divmod_u64u64
                0x0000000010001760                __wrap___aeabi_uldivmod
                0x0000000010001770                divmod_u64u64_savestate
                0x0000000010001790                divmod_s64s64_unsafe
                0x0000000010001818                divmod_u64u64_unsafe
 .text.__wrap___aeabi_darithmetic
                0x0000000010001b54       0x80 CMakeFiles/hello_serial.dir/home/satlab/.pico-sdk/sdk/2.0.0/src/rp2_common/pico_double/double_aeabi_rp2040.S.obj
                0x0000000010001b54                __wrap___aeabi_drsub
                0x0000000010001b5a                __wrap___aeabi_dsub
                0x0000000010001b6c                __wrap___aeabi_dadd
                0x0000000010001b7e                __wrap___aeabi_ddiv
                0x0000000010001bba                __wrap___aeabi_dmul
 .text.__wrap___aeabi_cdcmple
                0x0000000010001bd4       0x6c CMakeFiles/hello_serial.dir/home/satlab/.pico-sdk/sdk/2.0.0/src/rp2_common/pico_double/double_aeabi_rp2040.S.obj
                0x0000000010001bd4                __wrap___aeabi_cdrcmple
                0x0000000010001be4                __wrap___aeabi_cdcmple
                0x0000000010001be4                __wrap___aeabi_cdcmpeq
 .text.__wrap___aeabi_dcmplt
                0x0000000010001c40        0xc CMakeFiles/hello_serial.dir/home/satlab/.pico-sdk/sdk/2.0.0/src/rp2_common/pico_double/double_aeabi_rp2040.S.obj
                0x0000000010001c40                __wrap___aeabi_dcmplt
 .text.__wrap___aeabi_dcmple
                0x0000000010001c4c       0x10 CMakeFiles/hello_serial.dir/home/satlab/.pico-sdk/sdk/2.0.0/src/rp2_common/pico_double/double_aeabi_rp2040.S.obj
                0x0000000010001c4c                __wrap___aeabi_dcmple
 .text.__wrap___aeabi_dcmpge
                0x0000000010001c5c       0x10 CMakeFiles/hello_serial.dir/home/satlab/.pico-sdk/sdk/2.0.0/src/rp2_common/pico_double/double_aeabi_rp2040.S.obj
                0x0000000010001c5c                __wrap___aeabi_dcmpge
 .text.__wrap___aeabi_dcmpgt
                0x0000000010001c6c        0xa CMakeFiles/hello_serial.dir/home/satlab/.pico-sdk/sdk/2.0.0/src/rp2_common/pico_double/double_aeabi_rp2040.S.obj
                0x0000000010001c6c                __wrap___aeabi_dcmpgt
 .text.__wrap___aeabi_dcmpun
                0x0000000010001c76       0x18 CMakeFiles/hello_serial.dir/home/satlab/.pico-sdk/sdk/2.0.0/src/rp2_common/pico_double/double_aeabi_rp2040.S.obj
                0x0000000010001c76                __wrap___aeabi_dcmpun
 *fill*         0x0000000010001c8e        0x2 
 .text.__wrap___aeabi_i2d
                0x0000000010001c90       0x38 CMakeFiles/hello_serial.dir/home/satlab/.pico-sdk/sdk/2.0.0/src/rp2_common/pico_double/double_aeabi_rp2040.S.obj
                0x0000000010001c90                __wrap___aeabi_ui2d
                0x0000000010001c98                __wrap___aeabi_i2d
 .text.__wrap___aeabi_d2iz
                0x0000000010001cc8       0x48 CMakeFiles/hello_serial.dir/home/satlab/.pico-sdk/sdk/2.0.0/src/rp2_common/pico_double/double_aeabi_rp2040.S.obj
                0x0000000010001cc8                __wrap___aeabi_d2iz
                0x0000000010001cc8                double2int_z
 .text.__wrap___aeabi_d2uiz
                0x0000000010001d10       0x18 CMakeFiles/hello_serial.dir/home/satlab/.pico-sdk/sdk/2.0.0/src/rp2_common/pico_double/double_aeabi_rp2040.S.obj
                0x0000000010001d10                double2uint
                0x0000000010001d10                __wrap___aeabi_d2uiz
 .text.__aeabi_double_init
                0x0000000010001d28       0xc8 CMakeFiles/hello_serial.dir/home/satlab/.pico-sdk/sdk/2.0.0/src/rp2_common/pico_double/double_init_rom_rp2040.c.obj
                0x0000000010001d28                __aeabi_double_init
 .text.double_table_shim_on_use_helper
                0x0000000010001df0       0x34 CMakeFiles/hello_serial.dir/home/satlab/.pico-sdk/sdk/2.0.0/src/rp2_common/pico_double/double_v1_rom_shim_rp2040.S.obj
                0x0000000010001df0                double_table_shim_on_use_helper
 .text.__wrap___aeabi_dsub
                0x0000000010001e24       0x10 CMakeFiles/hello_serial.dir/home/satlab/.pico-sdk/sdk/2.0.0/src/rp2_common/pico_double/double_v1_rom_shim_rp2040.S.obj
                0x0000000010001e24                drsub_shim
                0x0000000010001e2a                dsub_shim
 .text.dadd_shim
                0x0000000010001e34      0x15c CMakeFiles/hello_serial.dir/home/satlab/.pico-sdk/sdk/2.0.0/src/rp2_common/pico_double/double_v1_rom_shim_rp2040.S.obj
                0x0000000010001e34                dadd_shim
 .text.dmul_shim
                0x0000000010001f90      0x15c CMakeFiles/hello_serial.dir/home/satlab/.pico-sdk/sdk/2.0.0/src/rp2_common/pico_double/double_v1_rom_shim_rp2040.S.obj
                0x0000000010001f90                dmul_shim
 .text.ddiv_shim
                0x00000000100020ec      0x1b0 CMakeFiles/hello_serial.dir/home/satlab/.pico-sdk/sdk/2.0.0/src/rp2_common/pico_double/double_v1_rom_shim_rp2040.S.obj
                0x00000000100020ec                ddiv_shim
 .text.double2uint_shim
                0x000000001000229c        0xe CMakeFiles/hello_serial.dir/home/satlab/.pico-sdk/sdk/2.0.0/src/rp2_common/pico_double/double_v1_rom_shim_rp2040.S.obj
                0x000000001000229c                double2uint_shim
                0x000000001000229e                double2ufix_shim
 *fill*         0x00000000100022aa        0x2 
 .text.double2uint64_shim
                0x00000000100022ac       0x70 CMakeFiles/hello_serial.dir/home/satlab/.pico-sdk/sdk/2.0.0/src/rp2_common/pico_double/double_v1_rom_shim_rp2040.S.obj
                0x00000000100022ac                double2uint64_shim
                0x00000000100022ae                double2ufix64_shim
                0x00000000100022ce                d2fix_a
 .text.dunpacks
                0x000000001000231c       0x3c CMakeFiles/hello_serial.dir/home/satlab/.pico-sdk/sdk/2.0.0/src/rp2_common/pico_double/double_v1_rom_shim_rp2040.S.obj
                0x000000001000231c                dunpacks
 .text.__aeabi_lmul
                0x0000000010002358       0x32 CMakeFiles/hello_serial.dir/home/satlab/.pico-sdk/sdk/2.0.0/src/rp2_common/pico_int64_ops/pico_int64_ops_aeabi.S.obj
                0x0000000010002358                __wrap___aeabi_lmul
 *fill*         0x000000001000238a        0x2 
 .text.__aeabi_float_init
                0x000000001000238c       0xfc CMakeFiles/hello_serial.dir/home/satlab/.pico-sdk/sdk/2.0.0/src/rp2_common/pico_float/float_init_rom_rp2040.c.obj
                0x000000001000238c                __aeabi_float_init
 .text.float_table_shim_on_use_helper
                0x0000000010002488       0x34 CMakeFiles/hello_serial.dir/home/satlab/.pico-sdk/sdk/2.0.0/src/rp2_common/pico_float/float_v1_rom_shim_rp2040.S.obj
                0x0000000010002488                float_table_shim_on_use_helper
 .text          0x00000000100024bc       0x10 CMakeFiles/hello_serial.dir/home/satlab/.pico-sdk/sdk/2.0.0/src/rp2_common/pico_mem_ops/mem_ops_aeabi.S.obj
                0x00000000100024bc                __aeabi_mem_init
 .text.memcpy   0x00000000100024cc        0xc CMakeFiles/hello_serial.dir/home/satlab/.pico-sdk/sdk/2.0.0/src/rp2_common/pico_mem_ops/mem_ops_aeabi.S.obj
                0x00000000100024cc                __wrap___aeabi_memcpy
                0x00000000100024cc                __wrap_memcpy
 .text._out_null
                0x00000000100024d8        0x2 CMakeFiles/hello_serial.dir/home/satlab/.pico-sdk/sdk/2.0.0/src/rp2_common/pico_printf/printf.c.obj
 .text._out_fct
                0x00000000100024da        0xe CMakeFiles/hello_serial.dir/home/satlab/.pico-sdk/sdk/2.0.0/src/rp2_common/pico_printf/printf.c.obj
 .text._atoi    0x00000000100024e8       0x24 CMakeFiles/hello_serial.dir/home/satlab/.pico-sdk/sdk/2.0.0/src/rp2_common/pico_printf/printf.c.obj
 .text._out_rev
                0x000000001000250c       0xae CMakeFiles/hello_serial.dir/home/satlab/.pico-sdk/sdk/2.0.0/src/rp2_common/pico_printf/printf.c.obj
 .text._ntoa_format
                0x00000000100025ba      0x110 CMakeFiles/hello_serial.dir/home/satlab/.pico-sdk/sdk/2.0.0/src/rp2_common/pico_printf/printf.c.obj
 .text._ntoa_long
                0x00000000100026ca       0xbc CMakeFiles/hello_serial.dir/home/satlab/.pico-sdk/sdk/2.0.0/src/rp2_common/pico_printf/printf.c.obj
 .text._ntoa_long_long
                0x0000000010002786       0xe2 CMakeFiles/hello_serial.dir/home/satlab/.pico-sdk/sdk/2.0.0/src/rp2_common/pico_printf/printf.c.obj
 .text._etoa    0x0000000010002868      0x40c CMakeFiles/hello_serial.dir/home/satlab/.pico-sdk/sdk/2.0.0/src/rp2_common/pico_printf/printf.c.obj
 .text._ftoa    0x0000000010002c74      0x354 CMakeFiles/hello_serial.dir/home/satlab/.pico-sdk/sdk/2.0.0/src/rp2_common/pico_printf/printf.c.obj
 .text._vsnprintf
                0x0000000010002fc8      0x628 CMakeFiles/hello_serial.dir/home/satlab/.pico-sdk/sdk/2.0.0/src/rp2_common/pico_printf/printf.c.obj
 .text.vfctprintf
                0x00000000100035f0       0x20 CMakeFiles/hello_serial.dir/home/satlab/.pico-sdk/sdk/2.0.0/src/rp2_common/pico_printf/printf.c.obj
                0x00000000100035f0                vfctprintf
 .text._exit    0x0000000010003610        0x4 CMakeFiles/hello_serial.dir/home/satlab/.pico-sdk/sdk/2.0.0/src/rp2_common/pico_clib_interface/newlib_interface.c.obj
                0x0000000010003610                _exit
 .text.exit     0x0000000010003614        0x6 CMakeFiles/hello_serial.dir/home/satlab/.pico-sdk/sdk/2.0.0/src/rp2_common/pico_clib_interface/newlib_interface.c.obj
                0x0000000010003614                exit
 *fill*         0x000000001000361a        0x2 
 .text.__assert_func
                0x000000001000361c       0x3c CMakeFiles/hello_serial.dir/home/satlab/.pico-sdk/sdk/2.0.0/src/rp2_common/pico_clib_interface/newlib_interface.c.obj
                0x000000001000361c                __assert_func
 .text.runtime_init
                0x0000000010003658       0x28 CMakeFiles/hello_serial.dir/home/satlab/.pico-sdk/sdk/2.0.0/src/rp2_common/pico_clib_interface/newlib_interface.c.obj
                0x0000000010003658                runtime_init
 .text.stdio_out_chars_no_crlf
                0x0000000010003680        0xe CMakeFiles/hello_serial.dir/home/satlab/.pico-sdk/sdk/2.0.0/src/rp2_common/pico_stdio/stdio.c.obj
 *fill*         0x000000001000368e        0x2 
 .text.stdio_out_chars_crlf
                0x0000000010003690       0x80 CMakeFiles/hello_serial.dir/home/satlab/.pico-sdk/sdk/2.0.0/src/rp2_common/pico_stdio/stdio.c.obj
 .text.stdio_stack_buffer_flush
                0x0000000010003710       0x44 CMakeFiles/hello_serial.dir/home/satlab/.pico-sdk/sdk/2.0.0/src/rp2_common/pico_stdio/stdio.c.obj
 .text.stdio_buffered_printer
                0x0000000010003754       0x20 CMakeFiles/hello_serial.dir/home/satlab/.pico-sdk/sdk/2.0.0/src/rp2_common/pico_stdio/stdio.c.obj
 .text.stdout_serialize_begin
                0x0000000010003774       0x30 CMakeFiles/hello_serial.dir/home/satlab/.pico-sdk/sdk/2.0.0/src/rp2_common/pico_stdio/stdio.c.obj
                0x0000000010003774                stdout_serialize_begin
 .text.stdout_serialize_end
                0x00000000100037a4       0x10 CMakeFiles/hello_serial.dir/home/satlab/.pico-sdk/sdk/2.0.0/src/rp2_common/pico_stdio/stdio.c.obj
                0x00000000100037a4                stdout_serialize_end
 .text.stdio_put_string
                0x00000000100037b4       0x94 CMakeFiles/hello_serial.dir/home/satlab/.pico-sdk/sdk/2.0.0/src/rp2_common/pico_stdio/stdio.c.obj
                0x00000000100037b4                stdio_put_string
 .text.stdio_set_driver_enabled
                0x0000000010003848       0x2c CMakeFiles/hello_serial.dir/home/satlab/.pico-sdk/sdk/2.0.0/src/rp2_common/pico_stdio/stdio.c.obj
                0x0000000010003848                stdio_set_driver_enabled
 .text.stdio_flush
                0x0000000010003874       0x20 CMakeFiles/hello_serial.dir/home/satlab/.pico-sdk/sdk/2.0.0/src/rp2_common/pico_stdio/stdio.c.obj
                0x0000000010003874                stdio_flush
 .text.stdio_init_all
                0x0000000010003894        0xa CMakeFiles/hello_serial.dir/home/satlab/.pico-sdk/sdk/2.0.0/src/rp2_common/pico_stdio/stdio.c.obj
                0x0000000010003894                stdio_init_all
 .text.__wrap_puts
                0x000000001000389e       0x1e CMakeFiles/hello_serial.dir/home/satlab/.pico-sdk/sdk/2.0.0/src/rp2_common/pico_stdio/stdio.c.obj
                0x000000001000389e                __wrap_puts
                0x000000001000389e                stdio_puts
 .text.__wrap_vprintf
                0x00000000100038bc       0x40 CMakeFiles/hello_serial.dir/home/satlab/.pico-sdk/sdk/2.0.0/src/rp2_common/pico_stdio/stdio.c.obj
                0x00000000100038bc                __wrap_vprintf
                0x00000000100038bc                stdio_vprintf
 .text.__wrap_printf
                0x00000000100038fc       0x18 CMakeFiles/hello_serial.dir/home/satlab/.pico-sdk/sdk/2.0.0/src/rp2_common/pico_stdio/stdio.c.obj
                0x00000000100038fc                stdio_printf
                0x00000000100038fc                __wrap_printf
 .text.stdio_uart_out_chars
                0x0000000010003914       0x74 CMakeFiles/hello_serial.dir/home/satlab/.pico-sdk/sdk/2.0.0/src/rp2_common/pico_stdio_uart/stdio_uart.c.obj
 .text.stdio_uart_in_chars
                0x0000000010003988       0x7c CMakeFiles/hello_serial.dir/home/satlab/.pico-sdk/sdk/2.0.0/src/rp2_common/pico_stdio_uart/stdio_uart.c.obj
                0x0000000010003988                stdio_uart_in_chars
 .text.on_uart_rx
                0x0000000010003a04       0x28 CMakeFiles/hello_serial.dir/home/satlab/.pico-sdk/sdk/2.0.0/src/rp2_common/pico_stdio_uart/stdio_uart.c.obj
 .text.stdio_uart_out_flush
                0x0000000010003a2c       0x10 CMakeFiles/hello_serial.dir/home/satlab/.pico-sdk/sdk/2.0.0/src/rp2_common/pico_stdio_uart/stdio_uart.c.obj
 .text.stdio_uart_set_chars_available_callback
                0x0000000010003a3c       0x90 CMakeFiles/hello_serial.dir/home/satlab/.pico-sdk/sdk/2.0.0/src/rp2_common/pico_stdio_uart/stdio_uart.c.obj
 .text.stdio_uart_init_full
                0x0000000010003acc       0x44 CMakeFiles/hello_serial.dir/home/satlab/.pico-sdk/sdk/2.0.0/src/rp2_common/pico_stdio_uart/stdio_uart.c.obj
                0x0000000010003acc                stdio_uart_init_full
 .text.stdio_uart_init
                0x0000000010003b10       0x30 CMakeFiles/hello_serial.dir/home/satlab/.pico-sdk/sdk/2.0.0/src/rp2_common/pico_stdio_uart/stdio_uart.c.obj
                0x0000000010003b10                stdio_uart_init
 .text.strlen   0x0000000010003b40       0x5c /opt/gcc-arm-none-eabi-9-2020-q2-update/bin/../lib/gcc/arm-none-eabi/9.3.1/../../../../arm-none-eabi/lib/thumb/v6-m/nofp/libg.a(lib_a-strlen-stub.o)
                0x0000000010003b40                strlen
 *(.fini)
 .fini          0x0000000010003b9c        0x4 /opt/gcc-arm-none-eabi-9-2020-q2-update/bin/../lib/gcc/arm-none-eabi/9.3.1/thumb/v6-m/nofp/crti.o
                0x0000000010003b9c                _fini
 .fini.__stub   0x0000000010003ba0       0x40 linker stubs
 *crtbegin.o(.ctors)
 *crtbegin?.o(.ctors)
 *(EXCLUDE_FILE(*crtend.o *crtend?.o) .ctors)
 *(SORT_BY_NAME(.ctors.*))
 *(.ctors)
 *crtbegin.o(.dtors)
 *crtbegin?.o(.dtors)
 *(EXCLUDE_FILE(*crtend.o *crtend?.o) .dtors)
 *(SORT_BY_NAME(.dtors.*))
 *(.dtors)
                0x0000000010003be0                . = ALIGN (0x4)
                0x0000000010003be0                PROVIDE (__preinit_array_start = .)
 *(SORT_BY_NAME(.preinit_array.*))
 .preinit_array.00100
                0x0000000010003be0        0x4 CMakeFiles/hello_serial.dir/home/satlab/.pico-sdk/sdk/2.0.0/src/rp2_common/pico_runtime_init/runtime_init.c.obj
                0x0000000010003be0                __pre_init_runtime_init_early_resets
 .preinit_array.00101
                0x0000000010003be4        0x4 CMakeFiles/hello_serial.dir/home/satlab/.pico-sdk/sdk/2.0.0/src/rp2_common/pico_runtime_init/runtime_init.c.obj
                0x0000000010003be4                __pre_init_runtime_init_usb_power_down
 .preinit_array.00275
                0x0000000010003be8        0x4 CMakeFiles/hello_serial.dir/home/satlab/.pico-sdk/sdk/2.0.0/src/rp2_common/pico_bit_ops/bit_ops_aeabi.S.obj
 .preinit_array.00300
                0x0000000010003bec        0x4 CMakeFiles/hello_serial.dir/home/satlab/.pico-sdk/sdk/2.0.0/src/rp2_common/pico_mem_ops/mem_ops_aeabi.S.obj
 .preinit_array.00350
                0x0000000010003bf0        0x4 CMakeFiles/hello_serial.dir/home/satlab/.pico-sdk/sdk/2.0.0/src/rp2_common/pico_double/double_aeabi_rp2040.S.obj
 .preinit_array.00350
                0x0000000010003bf4        0x4 CMakeFiles/hello_serial.dir/home/satlab/.pico-sdk/sdk/2.0.0/src/rp2_common/pico_float/float_aeabi_rp2040.S.obj
 .preinit_array.00500
                0x0000000010003bf8        0x4 CMakeFiles/hello_serial.dir/home/satlab/.pico-sdk/sdk/2.0.0/src/rp2_common/pico_runtime_init/runtime_init.c.obj
                0x0000000010003bf8                __pre_init_runtime_init_clocks
 .preinit_array.00600
                0x0000000010003bfc        0x4 CMakeFiles/hello_serial.dir/home/satlab/.pico-sdk/sdk/2.0.0/src/rp2_common/pico_runtime_init/runtime_init.c.obj
                0x0000000010003bfc                __pre_init_runtime_init_post_clock_resets
 .preinit_array.00700
                0x0000000010003c00        0x4 CMakeFiles/hello_serial.dir/home/satlab/.pico-sdk/sdk/2.0.0/src/rp2_common/pico_runtime_init/runtime_init.c.obj
                0x0000000010003c00                __pre_init_runtime_init_rp2040_gpio_ie_disable
 .preinit_array.01000
                0x0000000010003c04        0x4 CMakeFiles/hello_serial.dir/home/satlab/.pico-sdk/sdk/2.0.0/src/rp2_common/pico_runtime_init/runtime_init.c.obj
                0x0000000010003c04                __pre_init_runtime_init_spin_locks_reset
 .preinit_array.01100
                0x0000000010003c08        0x4 CMakeFiles/hello_serial.dir/home/satlab/.pico-sdk/sdk/2.0.0/src/common/pico_sync/mutex.c.obj
                0x0000000010003c08                __pre_init_runtime_init_mutex
 .preinit_array.10080
                0x0000000010003c0c        0x4 CMakeFiles/hello_serial.dir/home/satlab/.pico-sdk/sdk/2.0.0/src/rp2_common/pico_runtime_init/runtime_init.c.obj
                0x0000000010003c0c                __pre_init_runtime_init_install_ram_vector_table
 .preinit_array.11000
                0x0000000010003c10        0x4 CMakeFiles/hello_serial.dir/home/satlab/.pico-sdk/sdk/2.0.0/src/common/pico_time/time.c.obj
                0x0000000010003c10                __pre_init_runtime_init_default_alarm_pool
 .preinit_array.YYYYY
                0x0000000010003c14        0x4 CMakeFiles/hello_serial.dir/home/satlab/.pico-sdk/sdk/2.0.0/src/rp2_common/pico_runtime/runtime.c.obj
                0x0000000010003c14                __pre_init_first_per_core_initializer
 .preinit_array.ZZZZZ.01200
                0x0000000010003c18        0x4 CMakeFiles/hello_serial.dir/home/satlab/.pico-sdk/sdk/2.0.0/src/rp2_common/hardware_irq/irq.c.obj
                0x0000000010003c18                __pre_init_runtime_init_per_core_irq_priorities
 *(.preinit_array)
                0x0000000010003c1c                PROVIDE (__preinit_array_end = .)
                0x0000000010003c1c                . = ALIGN (0x4)
                0x0000000010003c1c                PROVIDE (__init_array_start = .)
 *(SORT_BY_NAME(.init_array.*))
 *(.init_array)
 .init_array    0x0000000010003c1c        0x4 /opt/gcc-arm-none-eabi-9-2020-q2-update/bin/../lib/gcc/arm-none-eabi/9.3.1/thumb/v6-m/nofp/crtbegin.o
                0x0000000010003c20                PROVIDE (__init_array_end = .)
                0x0000000010003c20                . = ALIGN (0x4)
                [!provide]                        PROVIDE (__fini_array_start = .)
 *(SORT_BY_NAME(.fini_array.*))
 *(.fini_array)
                [!provide]                        PROVIDE (__fini_array_end = .)
 *(.eh_frame*)
 .eh_frame      0x0000000010003c20        0x0 /opt/gcc-arm-none-eabi-9-2020-q2-update/bin/../lib/gcc/arm-none-eabi/9.3.1/thumb/v6-m/nofp/crtbegin.o
                0x0000000010003c20                . = ALIGN (0x4)

.glue_7         0x0000000010003c20        0x0
 .glue_7        0x0000000010003c20        0x0 linker stubs

.glue_7t        0x0000000010003c20        0x0
 .glue_7t       0x0000000010003c20        0x0 linker stubs

.vfp11_veneer   0x0000000010003c20        0x0
 .vfp11_veneer  0x0000000010003c20        0x0 linker stubs

.v4_bx          0x0000000010003c20        0x0
 .v4_bx         0x0000000010003c20        0x0 linker stubs

.iplt           0x0000000010003c20        0x0
 .iplt          0x0000000010003c20        0x0 /opt/gcc-arm-none-eabi-9-2020-q2-update/bin/../lib/gcc/arm-none-eabi/9.3.1/thumb/v6-m/nofp/crtbegin.o

.rodata         0x0000000010003c20      0xa9c
 *(EXCLUDE_FILE(*libm.a: *libc.a:*lib_a-mem*.o *libgcc.a:) .rodata*)
 .rodata.main.str1.4
                0x0000000010003c20        0xe CMakeFiles/hello_serial.dir/hello_serial.c.obj
 *fill*         0x0000000010003c2e        0x2 
 .rodata.panic.str1.4
                0x0000000010003c30       0x12 CMakeFiles/hello_serial.dir/home/satlab/.pico-sdk/sdk/2.0.0/src/rp2_common/pico_platform_panic/panic.c.obj
 *fill*         0x0000000010003c42        0x2 
 .rodata.make_j_16.str1.4
                0x0000000010003c44       0x73 CMakeFiles/hello_serial.dir/home/satlab/.pico-sdk/sdk/2.0.0/src/rp2_common/hardware_irq/irq.c.obj
 *fill*         0x0000000010003cb7        0x1 
 .rodata.insert_bl_32.str1.4
                0x0000000010003cb8       0x10 CMakeFiles/hello_serial.dir/home/satlab/.pico-sdk/sdk/2.0.0/src/rp2_common/hardware_irq/irq.c.obj
 .rodata.irq_set_exclusive_handler.str1.4
                0x0000000010003cc8       0x36 CMakeFiles/hello_serial.dir/home/satlab/.pico-sdk/sdk/2.0.0/src/rp2_common/hardware_irq/irq.c.obj
 *fill*         0x0000000010003cfe        0x2 
 .rodata.irq_add_shared_handler.str1.4
                0x0000000010003d00       0xe9 CMakeFiles/hello_serial.dir/home/satlab/.pico-sdk/sdk/2.0.0/src/rp2_common/hardware_irq/irq.c.obj
 *fill*         0x0000000010003de9        0x3 
 .rodata.irq_remove_handler.str1.4
                0x0000000010003dec       0x3a CMakeFiles/hello_serial.dir/home/satlab/.pico-sdk/sdk/2.0.0/src/rp2_common/hardware_irq/irq.c.obj
 *fill*         0x0000000010003e26        0x2 
 .rodata.irq_add_tail_to_free_list.str1.4
                0x0000000010003e28       0x3a CMakeFiles/hello_serial.dir/home/satlab/.pico-sdk/sdk/2.0.0/src/rp2_common/hardware_irq/irq.c.obj
 *fill*         0x0000000010003e62        0x2 
 .rodata.__func__.5056
                0x0000000010003e64       0x1a CMakeFiles/hello_serial.dir/home/satlab/.pico-sdk/sdk/2.0.0/src/rp2_common/hardware_irq/irq.c.obj
 *fill*         0x0000000010003e7e        0x2 
 .rodata.__func__.5070
                0x0000000010003e80        0xa CMakeFiles/hello_serial.dir/home/satlab/.pico-sdk/sdk/2.0.0/src/rp2_common/hardware_irq/irq.c.obj
 *fill*         0x0000000010003e8a        0x2 
 .rodata.__func__.5078
                0x0000000010003e8c        0xd CMakeFiles/hello_serial.dir/home/satlab/.pico-sdk/sdk/2.0.0/src/rp2_common/hardware_irq/irq.c.obj
 *fill*         0x0000000010003e99        0x3 
 .rodata.__func__.5082
                0x0000000010003e9c        0xd CMakeFiles/hello_serial.dir/home/satlab/.pico-sdk/sdk/2.0.0/src/rp2_common/hardware_irq/irq.c.obj
 *fill*         0x0000000010003ea9        0x3 
 .rodata.__func__.5125
                0x0000000010003eac       0x13 CMakeFiles/hello_serial.dir/home/satlab/.pico-sdk/sdk/2.0.0/src/rp2_common/hardware_irq/irq.c.obj
 *fill*         0x0000000010003ebf        0x1 
 .rodata.__func__.5150
                0x0000000010003ec0       0x1a CMakeFiles/hello_serial.dir/home/satlab/.pico-sdk/sdk/2.0.0/src/rp2_common/hardware_irq/irq.c.obj
 *fill*         0x0000000010003eda        0x2 
 .rodata.runtime_init_mutex.str1.4
                0x0000000010003edc       0x5e CMakeFiles/hello_serial.dir/home/satlab/.pico-sdk/sdk/2.0.0/src/common/pico_sync/mutex.c.obj
 *fill*         0x0000000010003f3a        0x2 
 .rodata.str1.4
                0x0000000010003f3c       0x51 CMakeFiles/hello_serial.dir/home/satlab/.pico-sdk/sdk/2.0.0/src/common/pico_sync/mutex.c.obj
 *fill*         0x0000000010003f8d        0x3 
 .rodata.__func__.4852
                0x0000000010003f90       0x13 CMakeFiles/hello_serial.dir/home/satlab/.pico-sdk/sdk/2.0.0/src/common/pico_sync/mutex.c.obj
 *fill*         0x0000000010003fa3        0x1 
 .rodata.__func__.4923
                0x0000000010003fa4       0x18 CMakeFiles/hello_serial.dir/home/satlab/.pico-sdk/sdk/2.0.0/src/common/pico_sync/mutex.c.obj
 .rodata.__func__.4942
                0x0000000010003fbc        0xb CMakeFiles/hello_serial.dir/home/satlab/.pico-sdk/sdk/2.0.0/src/common/pico_sync/mutex.c.obj
 *fill*         0x0000000010003fc7        0x1 
 .rodata.alarm_pool_irq_handler.str1.4
                0x0000000010003fc8       0x69 CMakeFiles/hello_serial.dir/home/satlab/.pico-sdk/sdk/2.0.0/src/common/pico_time/time.c.obj
 *fill*         0x0000000010004031        0x3 
 .rodata.alarm_pool_get_default.str1.4
                0x0000000010004034       0x21 CMakeFiles/hello_serial.dir/home/satlab/.pico-sdk/sdk/2.0.0/src/common/pico_time/time.c.obj
 *fill*         0x0000000010004055        0x3 
 .rodata.sleep_until.str1.4
                0x0000000010004058       0x4d CMakeFiles/hello_serial.dir/home/satlab/.pico-sdk/sdk/2.0.0/src/common/pico_time/time.c.obj
 *fill*         0x00000000100040a5        0x3 
 .rodata.__func__.5723
                0x00000000100040a8       0x17 CMakeFiles/hello_serial.dir/home/satlab/.pico-sdk/sdk/2.0.0/src/common/pico_time/time.c.obj
 *fill*         0x00000000100040bf        0x1 
 .rodata.__func__.6084
                0x00000000100040c0       0x17 CMakeFiles/hello_serial.dir/home/satlab/.pico-sdk/sdk/2.0.0/src/common/pico_time/time.c.obj
 *fill*         0x00000000100040d7        0x1 
 .rodata.timer_hardware_alarm_claim.str1.4
                0x00000000100040d8       0x22 CMakeFiles/hello_serial.dir/home/satlab/.pico-sdk/sdk/2.0.0/src/rp2_common/hardware_timer/timer.c.obj
 *fill*         0x00000000100040fa        0x2 
 .rodata.pll_init.str1.4
                0x00000000100040fc      0x118 CMakeFiles/hello_serial.dir/home/satlab/.pico-sdk/sdk/2.0.0/src/rp2_common/hardware_pll/pll.c.obj
 .rodata.__func__.4619
                0x0000000010004214        0x9 CMakeFiles/hello_serial.dir/home/satlab/.pico-sdk/sdk/2.0.0/src/rp2_common/hardware_pll/pll.c.obj
 *fill*         0x000000001000421d        0x3 
 .rodata.__aeabi_double_init.str1.4
                0x0000000010004220       0x99 CMakeFiles/hello_serial.dir/home/satlab/.pico-sdk/sdk/2.0.0/src/rp2_common/pico_double/double_init_rom_rp2040.c.obj
 *fill*         0x00000000100042b9        0x3 
 .rodata.__func__.4828
                0x00000000100042bc       0x14 CMakeFiles/hello_serial.dir/home/satlab/.pico-sdk/sdk/2.0.0/src/rp2_common/pico_double/double_init_rom_rp2040.c.obj
 .rodata.__aeabi_float_init.str1.4
                0x00000000100042d0       0x87 CMakeFiles/hello_serial.dir/home/satlab/.pico-sdk/sdk/2.0.0/src/rp2_common/pico_float/float_init_rom_rp2040.c.obj
                                         0x8b (size before relaxing)
 *fill*         0x0000000010004357        0x1 
 .rodata.__func__.4828
                0x0000000010004358       0x13 CMakeFiles/hello_serial.dir/home/satlab/.pico-sdk/sdk/2.0.0/src/rp2_common/pico_float/float_init_rom_rp2040.c.obj
 *fill*         0x000000001000436b        0x1 
 .rodata.str1.4
                0x000000001000436c       0x34 CMakeFiles/hello_serial.dir/home/satlab/.pico-sdk/sdk/2.0.0/src/rp2_common/pico_standard_binary_info/standard_binary_info.c.obj
 .rodata.__bi_26
                0x00000000100043a0        0xc CMakeFiles/hello_serial.dir/home/satlab/.pico-sdk/sdk/2.0.0/src/rp2_common/pico_standard_binary_info/standard_binary_info.c.obj
 .rodata.__bi_34
                0x00000000100043ac        0xc CMakeFiles/hello_serial.dir/home/satlab/.pico-sdk/sdk/2.0.0/src/rp2_common/pico_standard_binary_info/standard_binary_info.c.obj
 .rodata.__bi_42
                0x00000000100043b8        0xc CMakeFiles/hello_serial.dir/home/satlab/.pico-sdk/sdk/2.0.0/src/rp2_common/pico_standard_binary_info/standard_binary_info.c.obj
 .rodata.__bi_48
                0x00000000100043c4        0xc CMakeFiles/hello_serial.dir/home/satlab/.pico-sdk/sdk/2.0.0/src/rp2_common/pico_standard_binary_info/standard_binary_info.c.obj
 .rodata.__bi_54
                0x00000000100043d0        0xc CMakeFiles/hello_serial.dir/home/satlab/.pico-sdk/sdk/2.0.0/src/rp2_common/pico_standard_binary_info/standard_binary_info.c.obj
 .rodata.__bi_84
                0x00000000100043dc        0xc CMakeFiles/hello_serial.dir/home/satlab/.pico-sdk/sdk/2.0.0/src/rp2_common/pico_standard_binary_info/standard_binary_info.c.obj
 .rodata._ftoa.str1.4
                0x00000000100043e8       0x15 CMakeFiles/hello_serial.dir/home/satlab/.pico-sdk/sdk/2.0.0/src/rp2_common/pico_printf/printf.c.obj
 *fill*         0x00000000100043fd        0x3 
 .rodata._vsnprintf
                0x0000000010004400      0x1e0 CMakeFiles/hello_serial.dir/home/satlab/.pico-sdk/sdk/2.0.0/src/rp2_common/pico_printf/printf.c.obj
 .rodata.pow10.5451
                0x00000000100045e0       0x50 CMakeFiles/hello_serial.dir/home/satlab/.pico-sdk/sdk/2.0.0/src/rp2_common/pico_printf/printf.c.obj
 .rodata.__assert_func.str1.4
                0x0000000010004630       0x3f CMakeFiles/hello_serial.dir/home/satlab/.pico-sdk/sdk/2.0.0/src/rp2_common/pico_clib_interface/newlib_interface.c.obj
                                         0x43 (size before relaxing)
 *fill*         0x000000001000466f        0x1 
 .rodata.crlf_str.6429
                0x0000000010004670        0x2 CMakeFiles/hello_serial.dir/home/satlab/.pico-sdk/sdk/2.0.0/src/rp2_common/pico_stdio/stdio.c.obj
 *fill*         0x0000000010004672        0x2 
 .rodata.str1.4
                0x0000000010004674       0x2c CMakeFiles/hello_serial.dir/home/satlab/.pico-sdk/sdk/2.0.0/src/rp2_common/pico_stdio_uart/stdio_uart.c.obj
 .rodata.__bi_45.5266
                0x00000000100046a0        0xc CMakeFiles/hello_serial.dir/home/satlab/.pico-sdk/sdk/2.0.0/src/rp2_common/pico_stdio_uart/stdio_uart.c.obj
 .rodata.__bi_49.5270
                0x00000000100046ac        0x8 CMakeFiles/hello_serial.dir/home/satlab/.pico-sdk/sdk/2.0.0/src/rp2_common/pico_stdio_uart/stdio_uart.c.obj
 .rodata.__bi_50.5274
                0x00000000100046b4        0x8 CMakeFiles/hello_serial.dir/home/satlab/.pico-sdk/sdk/2.0.0/src/rp2_common/pico_stdio_uart/stdio_uart.c.obj
                0x00000000100046bc                . = ALIGN (0x4)
 *(SORT_BY_ALIGNMENT(SORT_BY_NAME(.flashdata*)))
                0x00000000100046bc                . = ALIGN (0x4)

.ARM.extab
 *(.ARM.extab* .gnu.linkonce.armextab.*)
                0x00000000100046bc                __exidx_start = .

.ARM.exidx
 *(.ARM.exidx* .gnu.linkonce.armexidx.*)
                0x00000000100046bc                __exidx_end = .
                0x00000000100046bc                . = ALIGN (0x4)
                0x00000000100046bc                __binary_info_start = .

.binary_info    0x00000000100046bc       0x24
 *(.binary_info.keep.*)
 .binary_info.keep.__bi_ptr26
                0x00000000100046bc        0x4 CMakeFiles/hello_serial.dir/home/satlab/.pico-sdk/sdk/2.0.0/src/rp2_common/pico_standard_binary_info/standard_binary_info.c.obj
 .binary_info.keep.__bi_ptr34
                0x00000000100046c0        0x4 CMakeFiles/hello_serial.dir/home/satlab/.pico-sdk/sdk/2.0.0/src/rp2_common/pico_standard_binary_info/standard_binary_info.c.obj
 .binary_info.keep.__bi_ptr42
                0x00000000100046c4        0x4 CMakeFiles/hello_serial.dir/home/satlab/.pico-sdk/sdk/2.0.0/src/rp2_common/pico_standard_binary_info/standard_binary_info.c.obj
 .binary_info.keep.__bi_ptr48
                0x00000000100046c8        0x4 CMakeFiles/hello_serial.dir/home/satlab/.pico-sdk/sdk/2.0.0/src/rp2_common/pico_standard_binary_info/standard_binary_info.c.obj
 .binary_info.keep.__bi_ptr54
                0x00000000100046cc        0x4 CMakeFiles/hello_serial.dir/home/satlab/.pico-sdk/sdk/2.0.0/src/rp2_common/pico_standard_binary_info/standard_binary_info.c.obj
 .binary_info.keep.__bi_ptr84
                0x00000000100046d0        0x4 CMakeFiles/hello_serial.dir/home/satlab/.pico-sdk/sdk/2.0.0/src/rp2_common/pico_standard_binary_info/standard_binary_info.c.obj
 *(.binary_info.*)
 .binary_info.__bi_ptr45
                0x00000000100046d4        0x4 CMakeFiles/hello_serial.dir/home/satlab/.pico-sdk/sdk/2.0.0/src/rp2_common/pico_stdio_uart/stdio_uart.c.obj
 .binary_info.__bi_ptr49
                0x00000000100046d8        0x4 CMakeFiles/hello_serial.dir/home/satlab/.pico-sdk/sdk/2.0.0/src/rp2_common/pico_stdio_uart/stdio_uart.c.obj
 .binary_info.__bi_ptr50
                0x00000000100046dc        0x4 CMakeFiles/hello_serial.dir/home/satlab/.pico-sdk/sdk/2.0.0/src/rp2_common/pico_stdio_uart/stdio_uart.c.obj
                0x00000000100046e0                __binary_info_end = .

.rel.dyn        0x00000000100046e0        0x0
 .rel.iplt      0x00000000100046e0        0x0 /opt/gcc-arm-none-eabi-9-2020-q2-update/bin/../lib/gcc/arm-none-eabi/9.3.1/thumb/v6-m/nofp/crtbegin.o
                0x00000000100046e0                . = ALIGN (0x4)

.ram_vector_table
                0x0000000020000000       0xc0
 *(.ram_vector_table)
 .ram_vector_table
                0x0000000020000000       0xc0 CMakeFiles/hello_serial.dir/home/satlab/.pico-sdk/sdk/2.0.0/src/rp2_common/pico_runtime_init/runtime_init.c.obj
                0x0000000020000000                ram_vector_table

.uninitialized_data
                0x00000000200000c0        0x0
                0x00000000200000c0                . = ALIGN (0x4)
 *(.uninitialized_data*)

.data           0x00000000200000c0      0x220 load address 0x00000000100046e0
                0x00000000200000c0                __data_start__ = .
 *(vtable)
 *(.time_critical*)
 .time_critical.mutex_try_enter
                0x00000000200000c0       0x48 CMakeFiles/hello_serial.dir/home/satlab/.pico-sdk/sdk/2.0.0/src/common/pico_sync/mutex.c.obj
                0x00000000200000c0                mutex_try_enter
 .time_critical.mutex_enter_block_until
                0x0000000020000108       0x88 CMakeFiles/hello_serial.dir/home/satlab/.pico-sdk/sdk/2.0.0/src/common/pico_sync/mutex.c.obj
                0x0000000020000108                mutex_enter_block_until
 .time_critical.mutex_try_enter_block_until
                0x0000000020000190       0x34 CMakeFiles/hello_serial.dir/home/satlab/.pico-sdk/sdk/2.0.0/src/common/pico_sync/mutex.c.obj
                0x0000000020000190                mutex_try_enter_block_until
 .time_critical.mutex_exit
                0x00000000200001c4       0x4c CMakeFiles/hello_serial.dir/home/satlab/.pico-sdk/sdk/2.0.0/src/common/pico_sync/mutex.c.obj
                0x00000000200001c4                mutex_exit
 *(.text*)
 .text          0x0000000020000210        0x4 /opt/gcc-arm-none-eabi-9-2020-q2-update/bin/../lib/gcc/arm-none-eabi/9.3.1/thumb/v6-m/nofp/libgcc.a(_dvmd_tls.o)
                0x0000000020000210                __aeabi_ldiv0
                0x0000000020000210                __aeabi_idiv0
 *fill*         0x0000000020000214        0x4 
 .text.__stub   0x0000000020000218       0x20 linker stubs
                0x0000000020000238                . = ALIGN (0x4)
 *(.rodata*)
                0x0000000020000238                . = ALIGN (0x4)
 *(.data*)
 .data.striped_spin_lock_num
                0x0000000020000238        0x1 CMakeFiles/hello_serial.dir/home/satlab/.pico-sdk/sdk/2.0.0/src/rp2_common/hardware_sync/sync.c.obj
 *fill*         0x0000000020000239        0x3 
 .data          0x000000002000023c       0x48 CMakeFiles/hello_serial.dir/home/satlab/.pico-sdk/sdk/2.0.0/src/rp2_common/hardware_irq/irq_handler_chain.S.obj
                0x000000002000023c                irq_handler_chain_slots
                0x000000002000026c                irq_handler_chain_first_slot
                0x0000000020000276                irq_handler_chain_remove_tail
 .data.default_alarm_pool
                0x0000000020000284       0x18 CMakeFiles/hello_serial.dir/home/satlab/.pico-sdk/sdk/2.0.0/src/common/pico_time/time.c.obj
 *fill*         0x000000002000029c        0x4 
 .data.aeabi_bits_funcs
                0x00000000200002a0       0x10 CMakeFiles/hello_serial.dir/home/satlab/.pico-sdk/sdk/2.0.0/src/rp2_common/pico_bit_ops/bit_ops_aeabi.S.obj
                0x00000000200002a0                aeabi_bits_funcs
                0x00000000200002b0                aeabi_bits_funcs_end
 .data.aeabi_mem_funcs
                0x00000000200002b0       0x10 CMakeFiles/hello_serial.dir/home/satlab/.pico-sdk/sdk/2.0.0/src/rp2_common/pico_mem_ops/mem_ops_aeabi.S.obj
                0x00000000200002b0                aeabi_mem_funcs
                0x00000000200002c0                aeabi_mem_funcs_end
 .data.stdio_uart
                0x00000000200002c0       0x18 CMakeFiles/hello_serial.dir/home/satlab/.pico-sdk/sdk/2.0.0/src/rp2_common/pico_stdio_uart/stdio_uart.c.obj
                0x00000000200002c0                stdio_uart
                0x00000000200002d8                . = ALIGN (0x4)
 *(.after_data.*)
                0x00000000200002d8                . = ALIGN (0x4)
                0x00000000200002d8                PROVIDE (__mutex_array_start = .)
 *(SORT_BY_NAME(.mutex_array.*))
 *(.mutex_array)
 .mutex_array   0x00000000200002d8        0x8 CMakeFiles/hello_serial.dir/home/satlab/.pico-sdk/sdk/2.0.0/src/rp2_common/pico_stdio/stdio.c.obj
                0x00000000200002e0                PROVIDE (__mutex_array_end = .)
                0x00000000200002e0                . = ALIGN (0x4)
 *(.jcr)
                0x00000000200002e0                . = ALIGN (0x4)

.igot.plt       0x00000000200002e0        0x0 load address 0x0000000010004900
 .igot.plt      0x00000000200002e0        0x0 /opt/gcc-arm-none-eabi-9-2020-q2-update/bin/../lib/gcc/arm-none-eabi/9.3.1/thumb/v6-m/nofp/crtbegin.o

.tdata          0x00000000200002e0        0x0 load address 0x0000000010004900
                0x00000000200002e0                . = ALIGN (0x4)
 *(.tdata .tdata.* .gnu.linkonce.td.*)
                0x00000000200002e0                __tdata_end = .
                0x00000000200002e0                PROVIDE (__data_end__ = .)
                0x00000000100046e0                __etext = LOADADDR (.data)

.tbss           0x00000000200002e0        0x0 load address 0x0000000010004900
                0x00000000200002e0                . = ALIGN (0x4)
                0x00000000200002e0                __bss_start__ = .
                0x00000000200002e0                __tls_base = .
 *(.tbss .tbss.* .gnu.linkonce.tb.*)
 *(.tcommon)
                0x00000000200002e0                __tls_end = .

.bss            0x00000000200002e0      0x3fc load address 0x0000000010004900
                0x00000000200002e0                . = ALIGN (0x4)
                0x00000000200002e0                __tbss_end = .
 *(SORT_BY_ALIGNMENT(SORT_BY_NAME(.bss*)))
 .bss.default_alarm_pool_entries
                0x00000000200002e0      0x180 CMakeFiles/hello_serial.dir/home/satlab/.pico-sdk/sdk/2.0.0/src/common/pico_time/time.c.obj
 .bss           0x0000000020000460       0x1c /opt/gcc-arm-none-eabi-9-2020-q2-update/bin/../lib/gcc/arm-none-eabi/9.3.1/thumb/v6-m/nofp/crtbegin.o
 .bss.chars_available_callback
                0x000000002000047c        0x4 CMakeFiles/hello_serial.dir/home/satlab/.pico-sdk/sdk/2.0.0/src/rp2_common/pico_stdio_uart/stdio_uart.c.obj
 .bss.chars_available_param
                0x0000000020000480        0x4 CMakeFiles/hello_serial.dir/home/satlab/.pico-sdk/sdk/2.0.0/src/rp2_common/pico_stdio_uart/stdio_uart.c.obj
 .bss.claimed   0x0000000020000484        0x1 CMakeFiles/hello_serial.dir/home/satlab/.pico-sdk/sdk/2.0.0/src/rp2_common/hardware_timer/timer.c.obj
 *fill*         0x0000000020000485        0x3 
 .bss.configured_freq
                0x0000000020000488       0x28 CMakeFiles/hello_serial.dir/home/satlab/.pico-sdk/sdk/2.0.0/src/rp2_common/hardware_clocks/clocks.c.obj
 .bss.drivers   0x00000000200004b0        0x4 CMakeFiles/hello_serial.dir/home/satlab/.pico-sdk/sdk/2.0.0/src/rp2_common/pico_stdio/stdio.c.obj
 .bss.filter    0x00000000200004b4        0x4 CMakeFiles/hello_serial.dir/home/satlab/.pico-sdk/sdk/2.0.0/src/rp2_common/pico_stdio/stdio.c.obj
 .bss.pools     0x00000000200004b8       0x10 CMakeFiles/hello_serial.dir/home/satlab/.pico-sdk/sdk/2.0.0/src/common/pico_time/time.c.obj
 .bss.sf_clz_func
                0x00000000200004c8        0x4 CMakeFiles/hello_serial.dir/home/satlab/.pico-sdk/sdk/2.0.0/src/rp2_common/pico_double/double_init_rom_rp2040.c.obj
                0x00000000200004c8                sf_clz_func
 .bss.sleep_notifier
                0x00000000200004cc        0x4 CMakeFiles/hello_serial.dir/home/satlab/.pico-sdk/sdk/2.0.0/src/common/pico_time/time.c.obj
 .bss.uart_instance
                0x00000000200004d0        0x4 CMakeFiles/hello_serial.dir/home/satlab/.pico-sdk/sdk/2.0.0/src/rp2_common/pico_stdio_uart/stdio_uart.c.obj
 .bss.irq_handler_chain_free_slot_head
                0x00000000200004d4        0x1 CMakeFiles/hello_serial.dir/home/satlab/.pico-sdk/sdk/2.0.0/src/rp2_common/hardware_irq/irq.c.obj
 *(COMMON)
 *fill*         0x00000000200004d5        0x3 
 COMMON         0x00000000200004d8        0x4 CMakeFiles/hello_serial.dir/home/satlab/.pico-sdk/sdk/2.0.0/src/rp2_common/hardware_uart/uart.c.obj
                0x00000000200004d8                uart_char_to_line_feed
 COMMON         0x00000000200004dc      0x100 CMakeFiles/hello_serial.dir/home/satlab/.pico-sdk/sdk/2.0.0/src/rp2_common/pico_double/double_init_rom_rp2040.c.obj
                0x00000000200004dc                sd_table
 COMMON         0x00000000200005dc      0x100 CMakeFiles/hello_serial.dir/home/satlab/.pico-sdk/sdk/2.0.0/src/rp2_common/pico_float/float_init_rom_rp2040.c.obj
                0x00000000200005dc                sf_table
                0x00000000200006dc                . = ALIGN (0x4)
                0x00000000200006dc                __bss_end__ = .

.heap           0x00000000200006dc    0x3f924 load address 0x0000000010004900
                0x00000000200006dc                __end__ = .
                0x00000000200006dc                end = __end__
 *(.heap*)
 .heap          0x00000000200006dc      0x800 CMakeFiles/hello_serial.dir/home/satlab/.pico-sdk/sdk/2.0.0/src/rp2_common/pico_crt0/crt0.S.obj
                0x0000000020040000                . = (ORIGIN (RAM) + LENGTH (RAM))
 *fill*         0x0000000020000edc    0x3f124 
                0x0000000020040000                __HeapLimit = .

.scratch_x      0x0000000020040000        0x0 load address 0x0000000010004900
                0x0000000020040000                __scratch_x_start__ = .
 *(.scratch_x.*)
                0x0000000020040000                . = ALIGN (0x4)
                0x0000000020040000                __scratch_x_end__ = .
                0x0000000010004900                __scratch_x_source__ = LOADADDR (.scratch_x)

.scratch_y      0x0000000020041000        0x0 load address 0x0000000010004900
                0x0000000020041000                __scratch_y_start__ = .
 *(.scratch_y.*)
                0x0000000020041000                . = ALIGN (0x4)
                0x0000000020041000                __scratch_y_end__ = .
                0x0000000010004900                __scratch_y_source__ = LOADADDR (.scratch_y)

.stack1_dummy   0x0000000020040000        0x0
 *(.stack1*)

.stack_dummy    0x0000000020041000      0x800
 *(.stack*)
 .stack         0x0000000020041000      0x800 CMakeFiles/hello_serial.dir/home/satlab/.pico-sdk/sdk/2.0.0/src/rp2_common/pico_crt0/crt0.S.obj

.flash_end      0x0000000010004900        0x0
 *(.embedded_end_block*)
                0x0000000010004900                PROVIDE (__flash_binary_end = .)
                0x0000000020040000                __StackLimit = (ORIGIN (RAM) + LENGTH (RAM))
                0x0000000020041000                __StackOneTop = (ORIGIN (SCRATCH_X) + LENGTH (SCRATCH_X))
                0x0000000020042000                __StackTop = (ORIGIN (SCRATCH_Y) + LENGTH (SCRATCH_Y))
                0x0000000020041000                __StackOneBottom = (__StackOneTop - SIZEOF (.stack1_dummy))
                0x0000000020041800                __StackBottom = (__StackTop - SIZEOF (.stack_dummy))
                0x0000000020042000                PROVIDE (__stack = __StackTop)
                [!provide]                        PROVIDE (__heap_start = __end__)
                [!provide]                        PROVIDE (__heap_end = __HeapLimit)
                [!provide]                        PROVIDE (__tls_align = MAX (ALIGNOF (.tdata), ALIGNOF (.tbss)))
                [!provide]                        PROVIDE (__tls_size_align = (((__tls_size + __tls_align) - 0x1) & ~ ((__tls_align - 0x1))))
                [!provide]                        PROVIDE (__arm32_tls_tcb_offset = MAX (0x8, __tls_align))
                [!provide]                        PROVIDE (_end = __end__)
                [!provide]                        PROVIDE (__llvm_libc_heap_limit = __HeapLimit)
                0x0000000000000001                ASSERT ((__StackLimit >= __HeapLimit), region RAM overflowed)
                0x0000000000000001                ASSERT (((__binary_info_header_end - __logical_binary_start) <= 0x100), Binary info must be in first 256 bytes of the binary)
LOAD CMakeFiles/hello_serial.dir/hello_serial.c.obj
LOAD CMakeFiles/hello_serial.dir/home/satlab/.pico-sdk/sdk/2.0.0/src/rp2_common/pico_stdlib/stdlib.c.obj
LOAD CMakeFiles/hello_serial.dir/home/satlab/.pico-sdk/sdk/2.0.0/src/rp2_common/hardware_gpio/gpio.c.obj
LOAD CMakeFiles/hello_serial.dir/home/satlab/.pico-sdk/sdk/2.0.0/src/rp2040/pico_platform/platform.c.obj
LOAD CMakeFiles/hello_serial.dir/home/satlab/.pico-sdk/sdk/2.0.0/src/rp2_common/pico_platform_panic/panic.c.obj
LOAD CMakeFiles/hello_serial.dir/home/satlab/.pico-sdk/sdk/2.0.0/src/common/hardware_claim/claim.c.obj
LOAD CMakeFiles/hello_serial.dir/home/satlab/.pico-sdk/sdk/2.0.0/src/rp2_common/hardware_sync/sync.c.obj
LOAD CMakeFiles/hello_serial.dir/home/satlab/.pico-sdk/sdk/2.0.0/src/rp2_common/hardware_sync_spin_lock/sync_spin_lock.c.obj
LOAD CMakeFiles/hello_serial.dir/home/satlab/.pico-sdk/sdk/2.0.0/src/rp2_common/hardware_irq/irq.c.obj
LOAD CMakeFiles/hello_serial.dir/home/satlab/.pico-sdk/sdk/2.0.0/src/rp2_common/hardware_irq/irq_handler_chain.S.obj
LOAD CMakeFiles/hello_serial.dir/home/satlab/.pico-sdk/sdk/2.0.0/src/common/pico_sync/sem.c.obj
LOAD CMakeFiles/hello_serial.dir/home/satlab/.pico-sdk/sdk/2.0.0/src/common/pico_sync/lock_core.c.obj
LOAD CMakeFiles/hello_serial.dir/home/satlab/.pico-sdk/sdk/2.0.0/src/common/pico_sync/mutex.c.obj
LOAD CMakeFiles/hello_serial.dir/home/satlab/.pico-sdk/sdk/2.0.0/src/common/pico_sync/critical_section.c.obj
LOAD CMakeFiles/hello_serial.dir/home/satlab/.pico-sdk/sdk/2.0.0/src/common/pico_time/time.c.obj
LOAD CMakeFiles/hello_serial.dir/home/satlab/.pico-sdk/sdk/2.0.0/src/common/pico_time/timeout_helper.c.obj
LOAD CMakeFiles/hello_serial.dir/home/satlab/.pico-sdk/sdk/2.0.0/src/rp2_common/hardware_timer/timer.c.obj
LOAD CMakeFiles/hello_serial.dir/home/satlab/.pico-sdk/sdk/2.0.0/src/common/pico_util/datetime.c.obj
LOAD CMakeFiles/hello_serial.dir/home/satlab/.pico-sdk/sdk/2.0.0/src/common/pico_util/pheap.c.obj
LOAD CMakeFiles/hello_serial.dir/home/satlab/.pico-sdk/sdk/2.0.0/src/common/pico_util/queue.c.obj
LOAD CMakeFiles/hello_serial.dir/home/satlab/.pico-sdk/sdk/2.0.0/src/rp2_common/hardware_uart/uart.c.obj
LOAD CMakeFiles/hello_serial.dir/home/satlab/.pico-sdk/sdk/2.0.0/src/rp2_common/hardware_clocks/clocks.c.obj
LOAD CMakeFiles/hello_serial.dir/home/satlab/.pico-sdk/sdk/2.0.0/src/rp2_common/hardware_pll/pll.c.obj
LOAD CMakeFiles/hello_serial.dir/home/satlab/.pico-sdk/sdk/2.0.0/src/rp2_common/hardware_vreg/vreg.c.obj
LOAD CMakeFiles/hello_serial.dir/home/satlab/.pico-sdk/sdk/2.0.0/src/rp2_common/hardware_watchdog/watchdog.c.obj
LOAD CMakeFiles/hello_serial.dir/home/satlab/.pico-sdk/sdk/2.0.0/src/rp2_common/hardware_ticks/ticks.c.obj
LOAD CMakeFiles/hello_serial.dir/home/satlab/.pico-sdk/sdk/2.0.0/src/rp2_common/hardware_xosc/xosc.c.obj
LOAD CMakeFiles/hello_serial.dir/home/satlab/.pico-sdk/sdk/2.0.0/src/rp2_common/hardware_divider/divider.S.obj
LOAD CMakeFiles/hello_serial.dir/home/satlab/.pico-sdk/sdk/2.0.0/src/rp2_common/pico_runtime/runtime.c.obj
LOAD CMakeFiles/hello_serial.dir/home/satlab/.pico-sdk/sdk/2.0.0/src/rp2_common/pico_runtime_init/runtime_init.c.obj
LOAD CMakeFiles/hello_serial.dir/home/satlab/.pico-sdk/sdk/2.0.0/src/rp2_common/pico_runtime_init/runtime_init_clocks.c.obj
LOAD CMakeFiles/hello_serial.dir/home/satlab/.pico-sdk/sdk/2.0.0/src/rp2_common/pico_runtime_init/runtime_init_stack_guard.c.obj
LOAD CMakeFiles/hello_serial.dir/home/satlab/.pico-sdk/sdk/2.0.0/src/rp2_common/pico_bit_ops/bit_ops_aeabi.S.obj
LOAD CMakeFiles/hello_serial.dir/home/satlab/.pico-sdk/sdk/2.0.0/src/rp2_common/pico_bootrom/bootrom.c.obj
LOAD CMakeFiles/hello_serial.dir/home/satlab/.pico-sdk/sdk/2.0.0/src/rp2_common/pico_bootrom/bootrom_lock.c.obj
LOAD CMakeFiles/hello_serial.dir/home/satlab/.pico-sdk/sdk/2.0.0/src/rp2_common/hardware_boot_lock/boot_lock.c.obj
LOAD CMakeFiles/hello_serial.dir/home/satlab/.pico-sdk/sdk/2.0.0/src/rp2_common/pico_divider/divider_hardware.S.obj
LOAD CMakeFiles/hello_serial.dir/home/satlab/.pico-sdk/sdk/2.0.0/src/rp2_common/pico_double/double_aeabi_rp2040.S.obj
LOAD CMakeFiles/hello_serial.dir/home/satlab/.pico-sdk/sdk/2.0.0/src/rp2_common/pico_double/double_init_rom_rp2040.c.obj
LOAD CMakeFiles/hello_serial.dir/home/satlab/.pico-sdk/sdk/2.0.0/src/rp2_common/pico_double/double_math.c.obj
LOAD CMakeFiles/hello_serial.dir/home/satlab/.pico-sdk/sdk/2.0.0/src/rp2_common/pico_double/double_v1_rom_shim_rp2040.S.obj
LOAD CMakeFiles/hello_serial.dir/home/satlab/.pico-sdk/sdk/2.0.0/src/rp2_common/pico_int64_ops/pico_int64_ops_aeabi.S.obj
LOAD CMakeFiles/hello_serial.dir/home/satlab/.pico-sdk/sdk/2.0.0/src/rp2_common/pico_float/float_aeabi_rp2040.S.obj
LOAD CMakeFiles/hello_serial.dir/home/satlab/.pico-sdk/sdk/2.0.0/src/rp2_common/pico_float/float_init_rom_rp2040.c.obj
LOAD CMakeFiles/hello_serial.dir/home/satlab/.pico-sdk/sdk/2.0.0/src/rp2_common/pico_float/float_math.c.obj
LOAD CMakeFiles/hello_serial.dir/home/satlab/.pico-sdk/sdk/2.0.0/src/rp2_common/pico_float/float_v1_rom_shim_rp2040.S.obj
LOAD CMakeFiles/hello_serial.dir/home/satlab/.pico-sdk/sdk/2.0.0/src/rp2_common/pico_malloc/malloc.c.obj
LOAD CMakeFiles/hello_serial.dir/home/satlab/.pico-sdk/sdk/2.0.0/src/rp2_common/pico_mem_ops/mem_ops_aeabi.S.obj
LOAD CMakeFiles/hello_serial.dir/home/satlab/.pico-sdk/sdk/2.0.0/src/rp2_common/pico_atomic/atomic.c.obj
LOAD CMakeFiles/hello_serial.dir/home/satlab/.pico-sdk/sdk/2.0.0/src/rp2_common/pico_cxx_options/new_delete.cpp.obj
LOAD CMakeFiles/hello_serial.dir/home/satlab/.pico-sdk/sdk/2.0.0/src/rp2_common/pico_standard_binary_info/standard_binary_info.c.obj
LOAD CMakeFiles/hello_serial.dir/home/satlab/.pico-sdk/sdk/2.0.0/src/rp2_common/pico_printf/printf.c.obj
LOAD CMakeFiles/hello_serial.dir/home/satlab/.pico-sdk/sdk/2.0.0/src/rp2_common/pico_crt0/crt0.S.obj
LOAD CMakeFiles/hello_serial.dir/home/satlab/.pico-sdk/sdk/2.0.0/src/rp2_common/pico_clib_interface/newlib_interface.c.obj
LOAD CMakeFiles/hello_serial.dir/home/satlab/.pico-sdk/sdk/2.0.0/src/rp2_common/pico_stdio/stdio.c.obj
LOAD CMakeFiles/hello_serial.dir/home/satlab/.pico-sdk/sdk/2.0.0/src/rp2_common/pico_stdio_uart/stdio_uart.c.obj
LOAD /tmp/ccQOnlUR.o
LOAD /opt/gcc-arm-none-eabi-9-2020-q2-update/bin/../lib/gcc/arm-none-eabi/9.3.1/../../../../arm-none-eabi/lib/thumb/v6-m/nofp/libstdc++.a
LOAD /opt/gcc-arm-none-eabi-9-2020-q2-update/bin/../lib/gcc/arm-none-eabi/9.3.1/../../../../arm-none-eabi/lib/thumb/v6-m/nofp/libm.a
START GROUP
LOAD /opt/gcc-arm-none-eabi-9-2020-q2-update/bin/../lib/gcc/arm-none-eabi/9.3.1/thumb/v6-m/nofp/libgcc.a
LOAD /opt/gcc-arm-none-eabi-9-2020-q2-update/bin/../lib/gcc/arm-none-eabi/9.3.1/../../../../arm-none-eabi/lib/thumb/v6-m/nofp/libg.a
LOAD /opt/gcc-arm-none-eabi-9-2020-q2-update/bin/../lib/gcc/arm-none-eabi/9.3.1/../../../../arm-none-eabi/lib/thumb/v6-m/nofp/libc.a
END GROUP
START GROUP
LOAD /opt/gcc-arm-none-eabi-9-2020-q2-update/bin/../lib/gcc/arm-none-eabi/9.3.1/thumb/v6-m/nofp/libgcc.a
LOAD /opt/gcc-arm-none-eabi-9-2020-q2-update/bin/../lib/gcc/arm-none-eabi/9.3.1/../../../../arm-none-eabi/lib/thumb/v6-m/nofp/libc.a
LOAD /opt/gcc-arm-none-eabi-9-2020-q2-update/bin/../lib/gcc/arm-none-eabi/9.3.1/../../../../arm-none-eabi/lib/thumb/v6-m/nofp/libnosys.a
END GROUP
LOAD /opt/gcc-arm-none-eabi-9-2020-q2-update/bin/../lib/gcc/arm-none-eabi/9.3.1/thumb/v6-m/nofp/crtend.o
LOAD /opt/gcc-arm-none-eabi-9-2020-q2-update/bin/../lib/gcc/arm-none-eabi/9.3.1/thumb/v6-m/nofp/crtn.o
OUTPUT(hello_serial.elf elf32-littlearm)
LOAD linker stubs

.ARM.attributes
                0x0000000000000000       0x28
 .ARM.attributes
                0x0000000000000000       0x1e /opt/gcc-arm-none-eabi-9-2020-q2-update/bin/../lib/gcc/arm-none-eabi/9.3.1/thumb/v6-m/nofp/crti.o
 .ARM.attributes
                0x000000000000001e       0x2c /opt/gcc-arm-none-eabi-9-2020-q2-update/bin/../lib/gcc/arm-none-eabi/9.3.1/thumb/v6-m/nofp/crtbegin.o
 .ARM.attributes
                0x000000000000004a       0x2c CMakeFiles/hello_serial.dir/hello_serial.c.obj
 .ARM.attributes
                0x0000000000000076       0x2c CMakeFiles/hello_serial.dir/home/satlab/.pico-sdk/sdk/2.0.0/src/rp2_common/hardware_gpio/gpio.c.obj
 .ARM.attributes
                0x00000000000000a2       0x2c CMakeFiles/hello_serial.dir/home/satlab/.pico-sdk/sdk/2.0.0/src/rp2_common/pico_platform_panic/panic.c.obj
 .ARM.attributes
                0x00000000000000ce       0x2c CMakeFiles/hello_serial.dir/home/satlab/.pico-sdk/sdk/2.0.0/src/common/hardware_claim/claim.c.obj
 .ARM.attributes
                0x00000000000000fa       0x2c CMakeFiles/hello_serial.dir/home/satlab/.pico-sdk/sdk/2.0.0/src/rp2_common/hardware_sync/sync.c.obj
 .ARM.attributes
                0x0000000000000126       0x2c CMakeFiles/hello_serial.dir/home/satlab/.pico-sdk/sdk/2.0.0/src/rp2_common/hardware_sync_spin_lock/sync_spin_lock.c.obj
 .ARM.attributes
                0x0000000000000152       0x2c CMakeFiles/hello_serial.dir/home/satlab/.pico-sdk/sdk/2.0.0/src/rp2_common/hardware_irq/irq.c.obj
 .ARM.attributes
                0x000000000000017e       0x22 CMakeFiles/hello_serial.dir/home/satlab/.pico-sdk/sdk/2.0.0/src/rp2_common/hardware_irq/irq_handler_chain.S.obj
 .ARM.attributes
                0x00000000000001a0       0x2c CMakeFiles/hello_serial.dir/home/satlab/.pico-sdk/sdk/2.0.0/src/common/pico_sync/lock_core.c.obj
 .ARM.attributes
                0x00000000000001cc       0x2c CMakeFiles/hello_serial.dir/home/satlab/.pico-sdk/sdk/2.0.0/src/common/pico_sync/mutex.c.obj
 .ARM.attributes
                0x00000000000001f8       0x2c CMakeFiles/hello_serial.dir/home/satlab/.pico-sdk/sdk/2.0.0/src/common/pico_time/time.c.obj
 .ARM.attributes
                0x0000000000000224       0x2c CMakeFiles/hello_serial.dir/home/satlab/.pico-sdk/sdk/2.0.0/src/rp2_common/hardware_timer/timer.c.obj
 .ARM.attributes
                0x0000000000000250       0x2c CMakeFiles/hello_serial.dir/home/satlab/.pico-sdk/sdk/2.0.0/src/rp2_common/hardware_uart/uart.c.obj
 .ARM.attributes
                0x000000000000027c       0x2c CMakeFiles/hello_serial.dir/home/satlab/.pico-sdk/sdk/2.0.0/src/rp2_common/hardware_clocks/clocks.c.obj
 .ARM.attributes
                0x00000000000002a8       0x2c CMakeFiles/hello_serial.dir/home/satlab/.pico-sdk/sdk/2.0.0/src/rp2_common/hardware_pll/pll.c.obj
 .ARM.attributes
                0x00000000000002d4       0x2c CMakeFiles/hello_serial.dir/home/satlab/.pico-sdk/sdk/2.0.0/src/rp2_common/hardware_ticks/ticks.c.obj
 .ARM.attributes
                0x0000000000000300       0x2c CMakeFiles/hello_serial.dir/home/satlab/.pico-sdk/sdk/2.0.0/src/rp2_common/hardware_xosc/xosc.c.obj
 .ARM.attributes
                0x000000000000032c       0x2c CMakeFiles/hello_serial.dir/home/satlab/.pico-sdk/sdk/2.0.0/src/rp2_common/pico_runtime/runtime.c.obj
 .ARM.attributes
                0x0000000000000358       0x2c CMakeFiles/hello_serial.dir/home/satlab/.pico-sdk/sdk/2.0.0/src/rp2_common/pico_runtime_init/runtime_init.c.obj
 .ARM.attributes
                0x0000000000000384       0x2c CMakeFiles/hello_serial.dir/home/satlab/.pico-sdk/sdk/2.0.0/src/rp2_common/pico_runtime_init/runtime_init_clocks.c.obj
 .ARM.attributes
                0x00000000000003b0       0x22 CMakeFiles/hello_serial.dir/home/satlab/.pico-sdk/sdk/2.0.0/src/rp2_common/pico_bit_ops/bit_ops_aeabi.S.obj
 .ARM.attributes
                0x00000000000003d2       0x2c CMakeFiles/hello_serial.dir/home/satlab/.pico-sdk/sdk/2.0.0/src/rp2_common/pico_bootrom/bootrom.c.obj
 .ARM.attributes
                0x00000000000003fe       0x22 CMakeFiles/hello_serial.dir/home/satlab/.pico-sdk/sdk/2.0.0/src/rp2_common/pico_divider/divider_hardware.S.obj
 .ARM.attributes
                0x0000000000000420       0x22 CMakeFiles/hello_serial.dir/home/satlab/.pico-sdk/sdk/2.0.0/src/rp2_common/pico_double/double_aeabi_rp2040.S.obj
 .ARM.attributes
                0x0000000000000442       0x2c CMakeFiles/hello_serial.dir/home/satlab/.pico-sdk/sdk/2.0.0/src/rp2_common/pico_double/double_init_rom_rp2040.c.obj
 .ARM.attributes
                0x000000000000046e       0x22 CMakeFiles/hello_serial.dir/home/satlab/.pico-sdk/sdk/2.0.0/src/rp2_common/pico_double/double_v1_rom_shim_rp2040.S.obj
 .ARM.attributes
                0x0000000000000490       0x22 CMakeFiles/hello_serial.dir/home/satlab/.pico-sdk/sdk/2.0.0/src/rp2_common/pico_int64_ops/pico_int64_ops_aeabi.S.obj
 .ARM.attributes
                0x00000000000004b2       0x22 CMakeFiles/hello_serial.dir/home/satlab/.pico-sdk/sdk/2.0.0/src/rp2_common/pico_float/float_aeabi_rp2040.S.obj
 .ARM.attributes
                0x00000000000004d4       0x2c CMakeFiles/hello_serial.dir/home/satlab/.pico-sdk/sdk/2.0.0/src/rp2_common/pico_float/float_init_rom_rp2040.c.obj
 .ARM.attributes
                0x0000000000000500       0x22 CMakeFiles/hello_serial.dir/home/satlab/.pico-sdk/sdk/2.0.0/src/rp2_common/pico_float/float_v1_rom_shim_rp2040.S.obj
 .ARM.attributes
                0x0000000000000522       0x22 CMakeFiles/hello_serial.dir/home/satlab/.pico-sdk/sdk/2.0.0/src/rp2_common/pico_mem_ops/mem_ops_aeabi.S.obj
 .ARM.attributes
                0x0000000000000544       0x32 CMakeFiles/hello_serial.dir/home/satlab/.pico-sdk/sdk/2.0.0/src/rp2_common/pico_standard_binary_info/standard_binary_info.c.obj
 .ARM.attributes
                0x0000000000000576       0x2c CMakeFiles/hello_serial.dir/home/satlab/.pico-sdk/sdk/2.0.0/src/rp2_common/pico_printf/printf.c.obj
 .ARM.attributes
                0x00000000000005a2       0x22 CMakeFiles/hello_serial.dir/home/satlab/.pico-sdk/sdk/2.0.0/src/rp2_common/pico_crt0/crt0.S.obj
 .ARM.attributes
                0x00000000000005c4       0x2c CMakeFiles/hello_serial.dir/home/satlab/.pico-sdk/sdk/2.0.0/src/rp2_common/pico_clib_interface/newlib_interface.c.obj
 .ARM.attributes
                0x00000000000005f0       0x2c CMakeFiles/hello_serial.dir/home/satlab/.pico-sdk/sdk/2.0.0/src/rp2_common/pico_stdio/stdio.c.obj
 .ARM.attributes
                0x000000000000061c       0x2c CMakeFiles/hello_serial.dir/home/satlab/.pico-sdk/sdk/2.0.0/src/rp2_common/pico_stdio_uart/stdio_uart.c.obj
 .ARM.attributes
                0x0000000000000648       0x22 /tmp/ccQOnlUR.o
 .ARM.attributes
                0x000000000000066a       0x1e /opt/gcc-arm-none-eabi-9-2020-q2-update/bin/../lib/gcc/arm-none-eabi/9.3.1/thumb/v6-m/nofp/libgcc.a(_dvmd_tls.o)
 .ARM.attributes
                0x0000000000000688       0x2c /opt/gcc-arm-none-eabi-9-2020-q2-update/bin/../lib/gcc/arm-none-eabi/9.3.1/../../../../arm-none-eabi/lib/thumb/v6-m/nofp/libg.a(lib_a-strlen-stub.o)

.comment        0x0000000000000000       0x4c
 .comment       0x0000000000000000       0x4c CMakeFiles/hello_serial.dir/hello_serial.c.obj
                                         0x4d (size before relaxing)
 .comment       0x000000000000004c       0x4d CMakeFiles/hello_serial.dir/home/satlab/.pico-sdk/sdk/2.0.0/src/rp2_common/hardware_gpio/gpio.c.obj
 .comment       0x000000000000004c       0x4d CMakeFiles/hello_serial.dir/home/satlab/.pico-sdk/sdk/2.0.0/src/rp2_common/pico_platform_panic/panic.c.obj
 .comment       0x000000000000004c       0x4d CMakeFiles/hello_serial.dir/home/satlab/.pico-sdk/sdk/2.0.0/src/common/hardware_claim/claim.c.obj
 .comment       0x000000000000004c       0x4d CMakeFiles/hello_serial.dir/home/satlab/.pico-sdk/sdk/2.0.0/src/rp2_common/hardware_sync/sync.c.obj
 .comment       0x000000000000004c       0x4d CMakeFiles/hello_serial.dir/home/satlab/.pico-sdk/sdk/2.0.0/src/rp2_common/hardware_sync_spin_lock/sync_spin_lock.c.obj
 .comment       0x000000000000004c       0x4d CMakeFiles/hello_serial.dir/home/satlab/.pico-sdk/sdk/2.0.0/src/rp2_common/hardware_irq/irq.c.obj
 .comment       0x000000000000004c       0x4d CMakeFiles/hello_serial.dir/home/satlab/.pico-sdk/sdk/2.0.0/src/common/pico_sync/lock_core.c.obj
 .comment       0x000000000000004c       0x4d CMakeFiles/hello_serial.dir/home/satlab/.pico-sdk/sdk/2.0.0/src/common/pico_sync/mutex.c.obj
 .comment       0x000000000000004c       0x4d CMakeFiles/hello_serial.dir/home/satlab/.pico-sdk/sdk/2.0.0/src/common/pico_time/time.c.obj
 .comment       0x000000000000004c       0x4d CMakeFiles/hello_serial.dir/home/satlab/.pico-sdk/sdk/2.0.0/src/rp2_common/hardware_timer/timer.c.obj
 .comment       0x000000000000004c       0x4d CMakeFiles/hello_serial.dir/home/satlab/.pico-sdk/sdk/2.0.0/src/rp2_common/hardware_uart/uart.c.obj
 .comment       0x000000000000004c       0x4d CMakeFiles/hello_serial.dir/home/satlab/.pico-sdk/sdk/2.0.0/src/rp2_common/hardware_clocks/clocks.c.obj
 .comment       0x000000000000004c       0x4d CMakeFiles/hello_serial.dir/home/satlab/.pico-sdk/sdk/2.0.0/src/rp2_common/hardware_pll/pll.c.obj
 .comment       0x000000000000004c       0x4d CMakeFiles/hello_serial.dir/home/satlab/.pico-sdk/sdk/2.0.0/src/rp2_common/hardware_ticks/ticks.c.obj
 .comment       0x000000000000004c       0x4d CMakeFiles/hello_serial.dir/home/satlab/.pico-sdk/sdk/2.0.0/src/rp2_common/hardware_xosc/xosc.c.obj
 .comment       0x000000000000004c       0x4d CMakeFiles/hello_serial.dir/home/satlab/.pico-sdk/sdk/2.0.0/src/rp2_common/pico_runtime/runtime.c.obj
 .comment       0x000000000000004c       0x4d CMakeFiles/hello_serial.dir/home/satlab/.pico-sdk/sdk/2.0.0/src/rp2_common/pico_runtime_init/runtime_init.c.obj
 .comment       0x000000000000004c       0x4d CMakeFiles/hello_serial.dir/home/satlab/.pico-sdk/sdk/2.0.0/src/rp2_common/pico_runtime_init/runtime_init_clocks.c.obj
 .comment       0x000000000000004c       0x4d CMakeFiles/hello_serial.dir/home/satlab/.pico-sdk/sdk/2.0.0/src/rp2_common/pico_bootrom/bootrom.c.obj
 .comment       0x000000000000004c       0x4d CMakeFiles/hello_serial.dir/home/satlab/.pico-sdk/sdk/2.0.0/src/rp2_common/pico_double/double_init_rom_rp2040.c.obj
 .comment       0x000000000000004c       0x4d CMakeFiles/hello_serial.dir/home/satlab/.pico-sdk/sdk/2.0.0/src/rp2_common/pico_float/float_init_rom_rp2040.c.obj
 .comment       0x000000000000004c       0x4d CMakeFiles/hello_serial.dir/home/satlab/.pico-sdk/sdk/2.0.0/src/rp2_common/pico_standard_binary_info/standard_binary_info.c.obj
 .comment       0x000000000000004c       0x4d CMakeFiles/hello_serial.dir/home/satlab/.pico-sdk/sdk/2.0.0/src/rp2_common/pico_printf/printf.c.obj
 .comment       0x000000000000004c       0x4d CMakeFiles/hello_serial.dir/home/satlab/.pico-sdk/sdk/2.0.0/src/rp2_common/pico_clib_interface/newlib_interface.c.obj
 .comment       0x000000000000004c       0x4d CMakeFiles/hello_serial.dir/home/satlab/.pico-sdk/sdk/2.0.0/src/rp2_common/pico_stdio/stdio.c.obj
 .comment       0x000000000000004c       0x4d CMakeFiles/hello_serial.dir/home/satlab/.pico-sdk/sdk/2.0.0/src/rp2_common/pico_stdio_uart/stdio_uart.c.obj

.debug_info     0x0000000000000000    0x1a666
 .debug_info    0x0000000000000000      0x9ea CMakeFiles/hello_serial.dir/hello_serial.c.obj
 .debug_info    0x00000000000009ea     0x1d56 CMakeFiles/hello_serial.dir/home/satlab/.pico-sdk/sdk/2.0.0/src/rp2_common/hardware_gpio/gpio.c.obj
 .debug_info    0x0000000000002740      0xa78 CMakeFiles/hello_serial.dir/home/satlab/.pico-sdk/sdk/2.0.0/src/rp2_common/pico_platform_panic/panic.c.obj
 .debug_info    0x00000000000031b8      0x6d2 CMakeFiles/hello_serial.dir/home/satlab/.pico-sdk/sdk/2.0.0/src/common/hardware_claim/claim.c.obj
 .debug_info    0x000000000000388a      0x409 CMakeFiles/hello_serial.dir/home/satlab/.pico-sdk/sdk/2.0.0/src/rp2_common/hardware_sync/sync.c.obj
 .debug_info    0x0000000000003c93      0x2de CMakeFiles/hello_serial.dir/home/satlab/.pico-sdk/sdk/2.0.0/src/rp2_common/hardware_sync_spin_lock/sync_spin_lock.c.obj
 .debug_info    0x0000000000003f71     0x2039 CMakeFiles/hello_serial.dir/home/satlab/.pico-sdk/sdk/2.0.0/src/rp2_common/hardware_irq/irq.c.obj
 .debug_info    0x0000000000005faa      0x1f1 CMakeFiles/hello_serial.dir/home/satlab/.pico-sdk/sdk/2.0.0/src/common/pico_sync/lock_core.c.obj
 .debug_info    0x000000000000619b     0x1f80 CMakeFiles/hello_serial.dir/home/satlab/.pico-sdk/sdk/2.0.0/src/common/pico_sync/mutex.c.obj
 .debug_info    0x000000000000811b     0x3c40 CMakeFiles/hello_serial.dir/home/satlab/.pico-sdk/sdk/2.0.0/src/common/pico_time/time.c.obj
 .debug_info    0x000000000000bd5b     0x196d CMakeFiles/hello_serial.dir/home/satlab/.pico-sdk/sdk/2.0.0/src/rp2_common/hardware_timer/timer.c.obj
 .debug_info    0x000000000000d6c8     0x12b7 CMakeFiles/hello_serial.dir/home/satlab/.pico-sdk/sdk/2.0.0/src/rp2_common/hardware_uart/uart.c.obj
 .debug_info    0x000000000000e97f     0x147d CMakeFiles/hello_serial.dir/home/satlab/.pico-sdk/sdk/2.0.0/src/rp2_common/hardware_clocks/clocks.c.obj
 .debug_info    0x000000000000fdfc      0x648 CMakeFiles/hello_serial.dir/home/satlab/.pico-sdk/sdk/2.0.0/src/rp2_common/hardware_pll/pll.c.obj
 .debug_info    0x0000000000010444      0x2c4 CMakeFiles/hello_serial.dir/home/satlab/.pico-sdk/sdk/2.0.0/src/rp2_common/hardware_ticks/ticks.c.obj
 .debug_info    0x0000000000010708      0x1e1 CMakeFiles/hello_serial.dir/home/satlab/.pico-sdk/sdk/2.0.0/src/rp2_common/hardware_xosc/xosc.c.obj
 .debug_info    0x00000000000108e9      0x1b2 CMakeFiles/hello_serial.dir/home/satlab/.pico-sdk/sdk/2.0.0/src/rp2_common/pico_runtime/runtime.c.obj
 .debug_info    0x0000000000010a9b      0x7e4 CMakeFiles/hello_serial.dir/home/satlab/.pico-sdk/sdk/2.0.0/src/rp2_common/pico_runtime_init/runtime_init.c.obj
 .debug_info    0x000000000001127f      0x6e7 CMakeFiles/hello_serial.dir/home/satlab/.pico-sdk/sdk/2.0.0/src/rp2_common/pico_runtime_init/runtime_init_clocks.c.obj
 .debug_info    0x0000000000011966       0x23 CMakeFiles/hello_serial.dir/home/satlab/.pico-sdk/sdk/2.0.0/src/rp2_common/pico_bit_ops/bit_ops_aeabi.S.obj
 .debug_info    0x0000000000011989      0xbbe CMakeFiles/hello_serial.dir/home/satlab/.pico-sdk/sdk/2.0.0/src/rp2_common/pico_bootrom/bootrom.c.obj
 .debug_info    0x0000000000012547       0x23 CMakeFiles/hello_serial.dir/home/satlab/.pico-sdk/sdk/2.0.0/src/rp2_common/pico_divider/divider_hardware.S.obj
 .debug_info    0x000000000001256a       0x23 CMakeFiles/hello_serial.dir/home/satlab/.pico-sdk/sdk/2.0.0/src/rp2_common/pico_double/double_aeabi_rp2040.S.obj
 .debug_info    0x000000000001258d      0xb77 CMakeFiles/hello_serial.dir/home/satlab/.pico-sdk/sdk/2.0.0/src/rp2_common/pico_double/double_init_rom_rp2040.c.obj
 .debug_info    0x0000000000013104       0x23 CMakeFiles/hello_serial.dir/home/satlab/.pico-sdk/sdk/2.0.0/src/rp2_common/pico_double/double_v1_rom_shim_rp2040.S.obj
 .debug_info    0x0000000000013127       0x24 CMakeFiles/hello_serial.dir/home/satlab/.pico-sdk/sdk/2.0.0/src/rp2_common/pico_int64_ops/pico_int64_ops_aeabi.S.obj
 .debug_info    0x000000000001314b       0x23 CMakeFiles/hello_serial.dir/home/satlab/.pico-sdk/sdk/2.0.0/src/rp2_common/pico_float/float_aeabi_rp2040.S.obj
 .debug_info    0x000000000001316e      0xb7d CMakeFiles/hello_serial.dir/home/satlab/.pico-sdk/sdk/2.0.0/src/rp2_common/pico_float/float_init_rom_rp2040.c.obj
 .debug_info    0x0000000000013ceb       0x23 CMakeFiles/hello_serial.dir/home/satlab/.pico-sdk/sdk/2.0.0/src/rp2_common/pico_float/float_v1_rom_shim_rp2040.S.obj
 .debug_info    0x0000000000013d0e       0x23 CMakeFiles/hello_serial.dir/home/satlab/.pico-sdk/sdk/2.0.0/src/rp2_common/pico_mem_ops/mem_ops_aeabi.S.obj
 .debug_info    0x0000000000013d31      0x2ca CMakeFiles/hello_serial.dir/home/satlab/.pico-sdk/sdk/2.0.0/src/rp2_common/pico_standard_binary_info/standard_binary_info.c.obj
 .debug_info    0x0000000000013ffb     0x1fe1 CMakeFiles/hello_serial.dir/home/satlab/.pico-sdk/sdk/2.0.0/src/rp2_common/pico_printf/printf.c.obj
 .debug_info    0x0000000000015fdc       0x23 CMakeFiles/hello_serial.dir/home/satlab/.pico-sdk/sdk/2.0.0/src/rp2_common/pico_crt0/crt0.S.obj
 .debug_info    0x0000000000015fff     0x1482 CMakeFiles/hello_serial.dir/home/satlab/.pico-sdk/sdk/2.0.0/src/rp2_common/pico_clib_interface/newlib_interface.c.obj
 .debug_info    0x0000000000017481     0x1db9 CMakeFiles/hello_serial.dir/home/satlab/.pico-sdk/sdk/2.0.0/src/rp2_common/pico_stdio/stdio.c.obj
 .debug_info    0x000000000001923a     0x142c CMakeFiles/hello_serial.dir/home/satlab/.pico-sdk/sdk/2.0.0/src/rp2_common/pico_stdio_uart/stdio_uart.c.obj

.debug_abbrev   0x0000000000000000     0x523b
 .debug_abbrev  0x0000000000000000      0x237 CMakeFiles/hello_serial.dir/hello_serial.c.obj
 .debug_abbrev  0x0000000000000237      0x402 CMakeFiles/hello_serial.dir/home/satlab/.pico-sdk/sdk/2.0.0/src/rp2_common/hardware_gpio/gpio.c.obj
 .debug_abbrev  0x0000000000000639      0x259 CMakeFiles/hello_serial.dir/home/satlab/.pico-sdk/sdk/2.0.0/src/rp2_common/pico_platform_panic/panic.c.obj
 .debug_abbrev  0x0000000000000892      0x2d6 CMakeFiles/hello_serial.dir/home/satlab/.pico-sdk/sdk/2.0.0/src/common/hardware_claim/claim.c.obj
 .debug_abbrev  0x0000000000000b68      0x1df CMakeFiles/hello_serial.dir/home/satlab/.pico-sdk/sdk/2.0.0/src/rp2_common/hardware_sync/sync.c.obj
 .debug_abbrev  0x0000000000000d47      0x1f0 CMakeFiles/hello_serial.dir/home/satlab/.pico-sdk/sdk/2.0.0/src/rp2_common/hardware_sync_spin_lock/sync_spin_lock.c.obj
 .debug_abbrev  0x0000000000000f37      0x59d CMakeFiles/hello_serial.dir/home/satlab/.pico-sdk/sdk/2.0.0/src/rp2_common/hardware_irq/irq.c.obj
 .debug_abbrev  0x00000000000014d4      0x129 CMakeFiles/hello_serial.dir/home/satlab/.pico-sdk/sdk/2.0.0/src/common/pico_sync/lock_core.c.obj