Archive member included to satisfy reference by file (symbol)

c:/progra~2/gnuarm~1/102021~1.10/bin/../lib/gcc/arm-none-eabi/10.3.1/thumb/v6-m/nofp\libgcc.a(_dvmd_tls.o)
                              CMakeFiles/qmc.dir/C_/Users/ashis/.pico-sdk/sdk/2.0.0/src/rp2_common/pico_divider/divider_hardware.S.obj (__aeabi_idiv0)
c:/progra~2/gnuarm~1/102021~1.10/bin/../lib/gcc/arm-none-eabi/10.3.1/thumb/v6-m/nofp\libgcc.a(unwind-arm.o)
                              CMakeFiles/qmc.dir/qmc.cpp.obj (__aeabi_unwind_cpp_pr1)
c:/progra~2/gnuarm~1/102021~1.10/bin/../lib/gcc/arm-none-eabi/10.3.1/thumb/v6-m/nofp\libgcc.a(libunwind.o)
                              c:/progra~2/gnuarm~1/102021~1.10/bin/../lib/gcc/arm-none-eabi/10.3.1/thumb/v6-m/nofp\libgcc.a(unwind-arm.o) (restore_core_regs)
c:/progra~2/gnuarm~1/102021~1.10/bin/../lib/gcc/arm-none-eabi/10.3.1/thumb/v6-m/nofp\libgcc.a(pr-support.o)
                              c:/progra~2/gnuarm~1/102021~1.10/bin/../lib/gcc/arm-none-eabi/10.3.1/thumb/v6-m/nofp\libgcc.a(unwind-arm.o) (__gnu_unwind_execute)
c:/progra~2/gnuarm~1/102021~1.10/bin/../lib/gcc/arm-none-eabi/10.3.1/../../../../arm-none-eabi/lib/thumb/v6-m/nofp\libg.a(lib_a-abort.o)
                              c:/progra~2/gnuarm~1/102021~1.10/bin/../lib/gcc/arm-none-eabi/10.3.1/thumb/v6-m/nofp\libgcc.a(unwind-arm.o) (abort)
c:/progra~2/gnuarm~1/102021~1.10/bin/../lib/gcc/arm-none-eabi/10.3.1/../../../../arm-none-eabi/lib/thumb/v6-m/nofp\libg.a(lib_a-calloc.o)
                              CMakeFiles/qmc.dir/C_/Users/ashis/.pico-sdk/sdk/2.0.0/src/rp2_common/pico_malloc/malloc.c.obj (calloc)
c:/progra~2/gnuarm~1/102021~1.10/bin/../lib/gcc/arm-none-eabi/10.3.1/../../../../arm-none-eabi/lib/thumb/v6-m/nofp\libg.a(lib_a-callocr.o)
                              c:/progra~2/gnuarm~1/102021~1.10/bin/../lib/gcc/arm-none-eabi/10.3.1/../../../../arm-none-eabi/lib/thumb/v6-m/nofp\libg.a(lib_a-calloc.o) (_calloc_r)
c:/progra~2/gnuarm~1/102021~1.10/bin/../lib/gcc/arm-none-eabi/10.3.1/../../../../arm-none-eabi/lib/thumb/v6-m/nofp\libg.a(lib_a-errno.o)
                              c:/progra~2/gnuarm~1/102021~1.10/bin/../lib/gcc/arm-none-eabi/10.3.1/../../../../arm-none-eabi/lib/thumb/v6-m/nofp\libg.a(lib_a-callocr.o) (__errno)
c:/progra~2/gnuarm~1/102021~1.10/bin/../lib/gcc/arm-none-eabi/10.3.1/../../../../arm-none-eabi/lib/thumb/v6-m/nofp\libg.a(lib_a-impure.o)
                              c:/progra~2/gnuarm~1/102021~1.10/bin/../lib/gcc/arm-none-eabi/10.3.1/../../../../arm-none-eabi/lib/thumb/v6-m/nofp\libg.a(lib_a-calloc.o) (_impure_ptr)
c:/progra~2/gnuarm~1/102021~1.10/bin/../lib/gcc/arm-none-eabi/10.3.1/../../../../arm-none-eabi/lib/thumb/v6-m/nofp\libg.a(lib_a-init.o)
                              c:/progra~2/gnuarm~1/102021~1.10/bin/../lib/gcc/arm-none-eabi/10.3.1/../../../../arm-none-eabi/lib/thumb/v6-m/nofp/crt0.o (__libc_init_array)
c:/progra~2/gnuarm~1/102021~1.10/bin/../lib/gcc/arm-none-eabi/10.3.1/../../../../arm-none-eabi/lib/thumb/v6-m/nofp\libg.a(lib_a-lcltime_r.o)
                              CMakeFiles/qmc.dir/C_/Users/ashis/.pico-sdk/sdk/2.0.0/src/common/pico_util/datetime.c.obj (localtime_r)
c:/progra~2/gnuarm~1/102021~1.10/bin/../lib/gcc/arm-none-eabi/10.3.1/../../../../arm-none-eabi/lib/thumb/v6-m/nofp\libg.a(lib_a-malloc.o)
                              CMakeFiles/qmc.dir/C_/Users/ashis/.pico-sdk/sdk/2.0.0/src/rp2_common/pico_malloc/malloc.c.obj (malloc)
c:/progra~2/gnuarm~1/102021~1.10/bin/../lib/gcc/arm-none-eabi/10.3.1/../../../../arm-none-eabi/lib/thumb/v6-m/nofp\libg.a(lib_a-mallocr.o)
                              c:/progra~2/gnuarm~1/102021~1.10/bin/../lib/gcc/arm-none-eabi/10.3.1/../../../../arm-none-eabi/lib/thumb/v6-m/nofp\libg.a(lib_a-callocr.o) (_malloc_r)
c:/progra~2/gnuarm~1/102021~1.10/bin/../lib/gcc/arm-none-eabi/10.3.1/../../../../arm-none-eabi/lib/thumb/v6-m/nofp\libg.a(lib_a-memcmp.o)
                              CMakeFiles/qmc.dir/C_/Users/ashis/.pico-sdk/sdk/2.0.0/src/rp2_common/pico_atomic/atomic.c.obj (memcmp)
c:/progra~2/gnuarm~1/102021~1.10/bin/../lib/gcc/arm-none-eabi/10.3.1/../../../../arm-none-eabi/lib/thumb/v6-m/nofp\libg.a(lib_a-mktime.o)
                              CMakeFiles/qmc.dir/C_/Users/ashis/.pico-sdk/sdk/2.0.0/src/common/pico_util/datetime.c.obj (mktime)
c:/progra~2/gnuarm~1/102021~1.10/bin/../lib/gcc/arm-none-eabi/10.3.1/../../../../arm-none-eabi/lib/thumb/v6-m/nofp\libg.a(lib_a-mlock.o)
                              c:/progra~2/gnuarm~1/102021~1.10/bin/../lib/gcc/arm-none-eabi/10.3.1/../../../../arm-none-eabi/lib/thumb/v6-m/nofp\libg.a(lib_a-mallocr.o) (__malloc_lock)
c:/progra~2/gnuarm~1/102021~1.10/bin/../lib/gcc/arm-none-eabi/10.3.1/../../../../arm-none-eabi/lib/thumb/v6-m/nofp\libg.a(lib_a-month_lengths.o)
                              c:/progra~2/gnuarm~1/102021~1.10/bin/../lib/gcc/arm-none-eabi/10.3.1/../../../../arm-none-eabi/lib/thumb/v6-m/nofp\libg.a(lib_a-lcltime_r.o) (__month_lengths)
[...]
Memory Configuration

Name             Origin             Length             Attributes
FLASH            0x10000000         0x00200000         xr
RAM              0x20000000         0x00040000         xrw
SCRATCH_X        0x20040000         0x00001000         xrw
SCRATCH_Y        0x20041000         0x00001000         xrw
*default*        0x00000000         0xffffffff

Linker script and memory map

LOAD c:/progra~2/gnuarm~1/102021~1.10/bin/../lib/gcc/arm-none-eabi/10.3.1/thumb/v6-m/nofp/crti.o
LOAD c:/progra~2/gnuarm~1/102021~1.10/bin/../lib/gcc/arm-none-eabi/10.3.1/thumb/v6-m/nofp/crtbegin.o
LOAD c:/progra~2/gnuarm~1/102021~1.10/bin/../lib/gcc/arm-none-eabi/10.3.1/../../../../arm-none-eabi/lib/thumb/v6-m/nofp/crt0.o

.flash_begin    0x10000000        0x0
                0x10000000                __flash_binary_start = .

.boot2          0x10000000      0x100
                0x10000000                __boot2_start__ = .
 *(.boot2)
 .boot2         0x10000000      0x100 C:\Users\ashis\AppData\Local\Temp\ccsQBwzu.o
                0x10000100                __boot2_end__ = .
                0x00000001                ASSERT (((__boot2_end__ - __boot2_start__) == 0x100), ERROR: Pico second stage bootloader must be 256 bytes in size)

.text           0x10000100     0x697c
                0x10000100                __logical_binary_start = .
 *(.vectors)
 .vectors       0x10000100       0xd4 CMakeFiles/qmc.dir/C_/Users/ashis/.pico-sdk/sdk/2.0.0/src/rp2_common/pico_crt0/crt0.S.obj
                0x10000100                __VECTOR_TABLE
                0x10000100                __vectors
                0x100001c0                isr_invalid
                0x100001c0                __default_isrs_start
                0x100001c2                isr_nmi
                0x100001c4                isr_hardfault
                0x100001c6                isr_svcall
                0x100001c8                isr_pendsv
                0x100001ca                isr_systick
                0x100001cc                isr_irq23
                0x100001cc                isr_irq18
                0x100001cc                isr_irq11
                0x100001cc                isr_irq28
                0x100001cc                isr_irq19
                0x100001cc                isr_irq0
                0x100001cc                isr_irq6
                0x100001cc                isr_irq5
                0x100001cc                isr_irq12
                0x100001cc                isr_irq22
                0x100001cc                isr_irq31
                0x100001cc                isr_irq17
                0x100001cc                isr_irq27
                0x100001cc                isr_irq30
                0x100001cc                isr_irq2
                0x100001cc                isr_irq10
                0x100001cc                isr_irq8
                0x100001cc                isr_irq24
                0x100001cc                isr_irq1
                0x100001cc                isr_irq7
                0x100001cc                isr_irq21
                0x100001cc                isr_irq20
                0x100001cc                isr_irq15
                0x100001cc                isr_irq25
                0x100001cc                isr_irq13
                0x100001cc                __unhandled_user_irq
                0x100001cc                isr_irq4
                0x100001cc                isr_irq16
                0x100001cc                isr_irq29
                0x100001cc                isr_irq26
                0x100001cc                __default_isrs_end
                0x100001cc                isr_irq3
                0x100001cc                isr_irq14
                0x100001cc                isr_irq9
                0x100001d2                unhandled_user_irq_num_in_r0
 *(.binary_info_header)
 .binary_info_header
                0x100001d4       0x14 CMakeFiles/qmc.dir/C_/Users/ashis/.pico-sdk/sdk/2.0.0/src/rp2_common/pico_crt0/crt0.S.obj
                0x100001e8                __binary_info_header_end = .
 *(.embedded_block)
                0x100001e8                __embedded_block_end = .
 *(.reset)
 .reset         0x100001e8       0x9c CMakeFiles/qmc.dir/C_/Users/ashis/.pico-sdk/sdk/2.0.0/src/rp2_common/pico_crt0/crt0.S.obj
                0x100001e8                _entry_point
 *(.init)
 .init          0x10000284        0x4 c:/progra~2/gnuarm~1/102021~1.10/bin/../lib/gcc/arm-none-eabi/10.3.1/thumb/v6-m/nofp/crti.o
                0x10000284                _init
 *(EXCLUDE_FILE(*libm.a: *libc.a:*lib_a-mem*.o *libgcc.a:) .text*)
 .text          0x10000288       0x48 c:/progra~2/gnuarm~1/102021~1.10/bin/../lib/gcc/arm-none-eabi/10.3.1/thumb/v6-m/nofp/crtbegin.o
 .text._ZN8QMC5883L4initEv
                0x100002d0       0x90 CMakeFiles/qmc.dir/qmc.cpp.obj
                0x100002d0                QMC5883L::init()
 .text.startup.main
                0x10000360       0xe4 CMakeFiles/qmc.dir/qmc.cpp.obj
                0x10000360                main
 .text.gpio_set_function
                0x10000444       0x34 CMakeFiles/qmc.dir/C_/Users/ashis/.pico-sdk/sdk/2.0.0/src/rp2_common/hardware_gpio/gpio.c.obj
                0x10000444                gpio_set_function
 .text.gpio_set_pulls
                0x10000478       0x34 CMakeFiles/qmc.dir/C_/Users/ashis/.pico-sdk/sdk/2.0.0/src/rp2_common/hardware_gpio/gpio.c.obj
                0x10000478                gpio_set_pulls
 .text.rp2040_chip_version
                0x100004ac        0xc CMakeFiles/qmc.dir/C_/Users/ashis/.pico-sdk/sdk/2.0.0/src/rp2040/pico_platform/platform.c.obj
                0x100004ac                rp2040_chip_version
 .text.panic    0x100004b8       0x30 CMakeFiles/qmc.dir/C_/Users/ashis/.pico-sdk/sdk/2.0.0/src/rp2_common/pico_platform_panic/panic.c.obj
                0x100004b8                panic
 .text.hw_claim_or_assert
                0x100004e8       0x44 CMakeFiles/qmc.dir/C_/Users/ashis/.pico-sdk/sdk/2.0.0/src/common/hardware_claim/claim.c.obj
                0x100004e8                hw_claim_or_assert
 .text.hw_claim_unused_from_range
                0x1000052c       0x9c CMakeFiles/qmc.dir/C_/Users/ashis/.pico-sdk/sdk/2.0.0/src/common/hardware_claim/claim.c.obj
                0x1000052c                hw_claim_unused_from_range
 .text.next_striped_spin_lock_num
                0x100005c8       0x18 CMakeFiles/qmc.dir/C_/Users/ashis/.pico-sdk/sdk/2.0.0/src/rp2_common/hardware_sync/sync.c.obj
                0x100005c8                next_striped_spin_lock_num
 .text.spin_lock_claim_unused
                0x100005e0       0x20 CMakeFiles/qmc.dir/C_/Users/ashis/.pico-sdk/sdk/2.0.0/src/rp2_common/hardware_sync/sync.c.obj
                0x100005e0                spin_lock_claim_unused
 .text.spin_locks_reset
                0x10000600       0x1c CMakeFiles/qmc.dir/C_/Users/ashis/.pico-sdk/sdk/2.0.0/src/rp2_common/hardware_sync_spin_lock/sync_spin_lock.c.obj
                0x10000600                spin_locks_reset
 .text.runtime_init_per_core_irq_priorities
                0x1000061c       0x24 CMakeFiles/qmc.dir/C_/Users/ashis/.pico-sdk/sdk/2.0.0/src/rp2_common/hardware_irq/irq.c.obj
                0x1000061c                runtime_init_per_core_irq_priorities
 .text.irq_set_enabled
                0x10000640       0x24 CMakeFiles/qmc.dir/C_/Users/ashis/.pico-sdk/sdk/2.0.0/src/rp2_common/hardware_irq/irq.c.obj
                0x10000640                irq_set_enabled
 .text.irq_is_enabled
                0x10000664       0x18 CMakeFiles/qmc.dir/C_/Users/ashis/.pico-sdk/sdk/2.0.0/src/rp2_common/hardware_irq/irq.c.obj
                0x10000664                irq_is_enabled
 .text.irq_set_pending
                0x1000067c       0x10 CMakeFiles/qmc.dir/C_/Users/ashis/.pico-sdk/sdk/2.0.0/src/rp2_common/hardware_irq/irq.c.obj
                0x1000067c                irq_set_pending
 .text.irq_has_shared_handler
                0x1000068c       0x2c CMakeFiles/qmc.dir/C_/Users/ashis/.pico-sdk/sdk/2.0.0/src/rp2_common/hardware_irq/irq.c.obj
                0x1000068c                irq_has_shared_handler
 .text.irq_set_exclusive_handler
                0x100006b8       0x54 CMakeFiles/qmc.dir/C_/Users/ashis/.pico-sdk/sdk/2.0.0/src/rp2_common/hardware_irq/irq.c.obj
                0x100006b8                irq_set_exclusive_handler
 .text.irq_add_shared_handler
                0x1000070c      0x1e8 CMakeFiles/qmc.dir/C_/Users/ashis/.pico-sdk/sdk/2.0.0/src/rp2_common/hardware_irq/irq.c.obj
                0x1000070c                irq_add_shared_handler
 .text.irq_add_tail_to_free_list
                0x100008f4       0xb4 CMakeFiles/qmc.dir/C_/Users/ashis/.pico-sdk/sdk/2.0.0/src/rp2_common/hardware_irq/irq.c.obj
                0x100008f4                irq_add_tail_to_free_list
 .text.user_irq_claim_unused
                0x100009a8       0x28 CMakeFiles/qmc.dir/C_/Users/ashis/.pico-sdk/sdk/2.0.0/src/rp2_common/hardware_irq/irq.c.obj
                0x100009a8                user_irq_claim_unused
 .text.lock_init
                0x100009d0       0x10 CMakeFiles/qmc.dir/C_/Users/ashis/.pico-sdk/sdk/2.0.0/src/common/pico_sync/lock_core.c.obj
                0x100009d0                lock_init
 .text.runtime_init_mutex
                0x100009e0       0x58 CMakeFiles/qmc.dir/C_/Users/ashis/.pico-sdk/sdk/2.0.0/src/common/pico_sync/mutex.c.obj
                0x100009e0                runtime_init_mutex
 .text.mutex_init
                0x10000a38       0x1c CMakeFiles/qmc.dir/C_/Users/ashis/.pico-sdk/sdk/2.0.0/src/common/pico_sync/mutex.c.obj
                0x10000a38                mutex_init
 .text.critical_section_init
                0x10000a54       0x20 CMakeFiles/qmc.dir/C_/Users/ashis/.pico-sdk/sdk/2.0.0/src/common/pico_sync/critical_section.c.obj
                0x10000a54                critical_section_init
 .text.critical_section_init_with_lock_num
                0x10000a74       0x14 CMakeFiles/qmc.dir/C_/Users/ashis/.pico-sdk/sdk/2.0.0/src/common/pico_sync/critical_section.c.obj
                0x10000a74                critical_section_init_with_lock_num
 .text.sleep_until_callback
                0x10000a88       0x30 CMakeFiles/qmc.dir/C_/Users/ashis/.pico-sdk/sdk/2.0.0/src/common/pico_time/time.c.obj
 .text.alarm_pool_irq_handler
                0x10000ab8      0x2e4 CMakeFiles/qmc.dir/C_/Users/ashis/.pico-sdk/sdk/2.0.0/src/common/pico_time/time.c.obj
 .text.runtime_init_default_alarm_pool
                0x10000d9c       0xdc CMakeFiles/qmc.dir/C_/Users/ashis/.pico-sdk/sdk/2.0.0/src/common/pico_time/time.c.obj
                0x10000d9c                runtime_init_default_alarm_pool
 .text.alarm_pool_get_default
                0x10000e78        0x8 CMakeFiles/qmc.dir/C_/Users/ashis/.pico-sdk/sdk/2.0.0/src/common/pico_time/time.c.obj
                0x10000e78                alarm_pool_get_default
 .text.alarm_pool_add_alarm_at
                0x10000e80       0xc8 CMakeFiles/qmc.dir/C_/Users/ashis/.pico-sdk/sdk/2.0.0/src/common/pico_time/time.c.obj
                0x10000e80                alarm_pool_add_alarm_at
 .text.alarm_pool_add_alarm_at_force_in_context
                0x10000f48       0xb0 CMakeFiles/qmc.dir/C_/Users/ashis/.pico-sdk/sdk/2.0.0/src/common/pico_time/time.c.obj
                0x10000f48                alarm_pool_add_alarm_at_force_in_context
 .text.alarm_pool_cancel_alarm
                0x10000ff8       0x7c CMakeFiles/qmc.dir/C_/Users/ashis/.pico-sdk/sdk/2.0.0/src/common/pico_time/time.c.obj
                0x10000ff8                alarm_pool_cancel_alarm
 .text.alarm_pool_core_num
                0x10001074        0x4 CMakeFiles/qmc.dir/C_/Users/ashis/.pico-sdk/sdk/2.0.0/src/common/pico_time/time.c.obj
                0x10001074                alarm_pool_core_num
 .text.sleep_until
                0x10001078       0xd0 CMakeFiles/qmc.dir/C_/Users/ashis/.pico-sdk/sdk/2.0.0/src/common/pico_time/time.c.obj
                0x10001078                sleep_until
 .text.sleep_ms
                0x10001148       0x34 CMakeFiles/qmc.dir/C_/Users/ashis/.pico-sdk/sdk/2.0.0/src/common/pico_time/time.c.obj
                0x10001148                sleep_ms
 .text.best_effort_wfe_or_timeout
                0x1000117c      0x11c CMakeFiles/qmc.dir/C_/Users/ashis/.pico-sdk/sdk/2.0.0/src/common/pico_time/time.c.obj
                0x1000117c                best_effort_wfe_or_timeout
 .text.timer_hardware_alarm_claim
                0x10001298       0x14 CMakeFiles/qmc.dir/C_/Users/ashis/.pico-sdk/sdk/2.0.0/src/rp2_common/hardware_timer/timer.c.obj
                0x10001298                timer_hardware_alarm_claim
 .text.timer_time_us_64
                0x100012ac       0x10 CMakeFiles/qmc.dir/C_/Users/ashis/.pico-sdk/sdk/2.0.0/src/rp2_common/hardware_timer/timer.c.obj
                0x100012ac                timer_time_us_64
 .text.time_us_64
                0x100012bc       0x14 CMakeFiles/qmc.dir/C_/Users/ashis/.pico-sdk/sdk/2.0.0/src/rp2_common/hardware_timer/timer.c.obj
                0x100012bc                time_us_64
 .text.busy_wait_until
                0x100012d0       0x20 CMakeFiles/qmc.dir/C_/Users/ashis/.pico-sdk/sdk/2.0.0/src/rp2_common/hardware_timer/timer.c.obj
                0x100012d0                busy_wait_until
 .text.clock_configure_int_divider
                0x100012f0       0xf4 CMakeFiles/qmc.dir/C_/Users/ashis/.pico-sdk/sdk/2.0.0/src/rp2_common/hardware_clocks/clocks.c.obj
                0x100012f0                clock_configure_int_divider
 .text.clock_configure_undivided
                0x100013e4       0xe8 CMakeFiles/qmc.dir/C_/Users/ashis/.pico-sdk/sdk/2.0.0/src/rp2_common/hardware_clocks/clocks.c.obj
                0x100013e4                clock_configure_undivided
 .text.clock_get_hz
                0x100014cc        0xc CMakeFiles/qmc.dir/C_/Users/ashis/.pico-sdk/sdk/2.0.0/src/rp2_common/hardware_clocks/clocks.c.obj
                0x100014cc                clock_get_hz
 .text.pll_init
                0x100014d8       0xa0 CMakeFiles/qmc.dir/C_/Users/ashis/.pico-sdk/sdk/2.0.0/src/rp2_common/hardware_pll/pll.c.obj
                0x100014d8                pll_init
 .text.watchdog_reboot
                0x10001578       0x98 CMakeFiles/qmc.dir/C_/Users/ashis/.pico-sdk/sdk/2.0.0/src/rp2_common/hardware_watchdog/watchdog.c.obj
                0x10001578                watchdog_reboot
 .text.tick_start
                0x10001610       0x10 CMakeFiles/qmc.dir/C_/Users/ashis/.pico-sdk/sdk/2.0.0/src/rp2_common/hardware_ticks/ticks.c.obj
                0x10001610                tick_start
 .text.xosc_init
                0x10001620       0x28 CMakeFiles/qmc.dir/C_/Users/ashis/.pico-sdk/sdk/2.0.0/src/rp2_common/hardware_xosc/xosc.c.obj
                0x10001620                xosc_init
 .text.first_per_core_initializer
                0x10001648        0x4 CMakeFiles/qmc.dir/C_/Users/ashis/.pico-sdk/sdk/2.0.0/src/rp2_common/pico_runtime/runtime.c.obj
 .text.hard_assertion_failure
                0x1000164c        0xc CMakeFiles/qmc.dir/C_/Users/ashis/.pico-sdk/sdk/2.0.0/src/rp2_common/pico_runtime/runtime.c.obj
                0x1000164c                hard_assertion_failure
 .text.runtime_run_initializers
                0x10001658       0x28 CMakeFiles/qmc.dir/C_/Users/ashis/.pico-sdk/sdk/2.0.0/src/rp2_common/pico_runtime/runtime.c.obj
                0x10001658                runtime_run_initializers
 .text.runtime_init_early_resets
                0x10001680       0x2c CMakeFiles/qmc.dir/C_/Users/ashis/.pico-sdk/sdk/2.0.0/src/rp2_common/pico_runtime_init/runtime_init.c.obj
                0x10001680                runtime_init_early_resets
 .text.runtime_init_usb_power_down
                0x100016ac       0x1c CMakeFiles/qmc.dir/C_/Users/ashis/.pico-sdk/sdk/2.0.0/src/rp2_common/pico_runtime_init/runtime_init.c.obj
                0x100016ac                runtime_init_usb_power_down
 .text.runtime_init_post_clock_resets
                0x100016c8       0x20 CMakeFiles/qmc.dir/C_/Users/ashis/.pico-sdk/sdk/2.0.0/src/rp2_common/pico_runtime_init/runtime_init.c.obj
                0x100016c8                runtime_init_post_clock_resets
 .text.runtime_init_rp2040_gpio_ie_disable
                0x100016e8       0x14 CMakeFiles/qmc.dir/C_/Users/ashis/.pico-sdk/sdk/2.0.0/src/rp2_common/pico_runtime_init/runtime_init.c.obj
                0x100016e8                runtime_init_rp2040_gpio_ie_disable
 .text.runtime_init_spin_locks_reset
                0x100016fc        0x8 CMakeFiles/qmc.dir/C_/Users/ashis/.pico-sdk/sdk/2.0.0/src/rp2_common/pico_runtime_init/runtime_init.c.obj
                0x100016fc                runtime_init_spin_locks_reset
 .text.runtime_init_install_ram_vector_table
                0x10001704       0x1c CMakeFiles/qmc.dir/C_/Users/ashis/.pico-sdk/sdk/2.0.0/src/rp2_common/pico_runtime_init/runtime_init.c.obj
                0x10001704                runtime_init_install_ram_vector_table
 .text.runtime_init_clocks
                0x10001720       0xd8 CMakeFiles/qmc.dir/C_/Users/ashis/.pico-sdk/sdk/2.0.0/src/rp2_common/pico_runtime_init/runtime_init_clocks.c.obj
                0x10001720                runtime_init_clocks
 .text          0x100017f8       0x10 CMakeFiles/qmc.dir/C_/Users/ashis/.pico-sdk/sdk/2.0.0/src/rp2_common/pico_bit_ops/bit_ops_aeabi.S.obj
 .text.rom_func_lookup
                0x10001808       0x10 CMakeFiles/qmc.dir/C_/Users/ashis/.pico-sdk/sdk/2.0.0/src/rp2_common/pico_bootrom/bootrom.c.obj
                0x10001808                rom_func_lookup
 .text.rom_data_lookup
                0x10001818       0x10 CMakeFiles/qmc.dir/C_/Users/ashis/.pico-sdk/sdk/2.0.0/src/rp2_common/pico_bootrom/bootrom.c.obj
                0x10001818                rom_data_lookup
 .text.rom_funcs_lookup
                0x10001828       0x44 CMakeFiles/qmc.dir/C_/Users/ashis/.pico-sdk/sdk/2.0.0/src/rp2_common/pico_bootrom/bootrom.c.obj
                0x10001828                rom_funcs_lookup
 .text.rom_reset_usb_boot
                0x1000186c       0x20 CMakeFiles/qmc.dir/C_/Users/ashis/.pico-sdk/sdk/2.0.0/src/rp2_common/pico_bootrom/bootrom.c.obj
                0x1000186c                rom_reset_usb_boot
 .text.__wrap___aeabi_idiv
                0x1000188c       0x50 CMakeFiles/qmc.dir/C_/Users/ashis/.pico-sdk/sdk/2.0.0/src/rp2_common/pico_divider/divider_hardware.S.obj
                0x1000188c                __wrap___aeabi_idivmod
                0x1000188c                divmod_s32s32
                0x1000188c                div_s32s32
                0x1000188c                __wrap___aeabi_idiv
                0x10001894                divmod_s32s32_unsafe
                0x100018c0                divmod_s32s32_savestate
 .text.__wrap___aeabi_uidiv
                0x100018dc       0x4c CMakeFiles/qmc.dir/C_/Users/ashis/.pico-sdk/sdk/2.0.0/src/rp2_common/pico_divider/divider_hardware.S.obj
                0x100018dc                __wrap___aeabi_uidiv
                0x100018dc                __wrap___aeabi_uidivmod
                0x100018dc                div_u32u32
                0x100018dc                divmod_u32u32
                0x100018e4                divmod_u32u32_unsafe
                0x1000190c                divmod_u32u32_savestate
 .text.__wrap___aeabi_ldiv
                0x10001928      0x424 CMakeFiles/qmc.dir/C_/Users/ashis/.pico-sdk/sdk/2.0.0/src/rp2_common/pico_divider/divider_hardware.S.obj
                0x10001928                div_s64s64
                0x10001928                divmod_s64s64
                0x10001928                __wrap___aeabi_ldivmod
                0x10001958                divmod_u64u64
                0x10001958                div_u64u64
                0x10001958                __wrap___aeabi_uldivmod
                0x10001968                divmod_u64u64_savestate
                0x10001988                divmod_s64s64_unsafe
                0x10001a10                divmod_u64u64_unsafe
 .text.__wrap___aeabi_darithmetic
                0x10001d4c       0x80 CMakeFiles/qmc.dir/C_/Users/ashis/.pico-sdk/sdk/2.0.0/src/rp2_common/pico_double/double_aeabi_rp2040.S.obj
                0x10001d4c                __wrap___aeabi_drsub
                0x10001d52                __wrap___aeabi_dsub
                0x10001d64                __wrap___aeabi_dadd
                0x10001d76                __wrap___aeabi_ddiv
                0x10001db2                __wrap___aeabi_dmul
 .text.__wrap___aeabi_cdcmple
                0x10001dcc       0x6c CMakeFiles/qmc.dir/C_/Users/ashis/.pico-sdk/sdk/2.0.0/src/rp2_common/pico_double/double_aeabi_rp2040.S.obj
                0x10001dcc                __wrap___aeabi_cdrcmple
                0x10001ddc                __wrap___aeabi_cdcmpeq
                0x10001ddc                __wrap___aeabi_cdcmple
 .text.__wrap___aeabi_dcmplt
                0x10001e38        0xc CMakeFiles/qmc.dir/C_/Users/ashis/.pico-sdk/sdk/2.0.0/src/rp2_common/pico_double/double_aeabi_rp2040.S.obj
                0x10001e38                __wrap___aeabi_dcmplt
 .text.__wrap___aeabi_dcmple
                0x10001e44       0x10 CMakeFiles/qmc.dir/C_/Users/ashis/.pico-sdk/sdk/2.0.0/src/rp2_common/pico_double/double_aeabi_rp2040.S.obj
                0x10001e44                __wrap___aeabi_dcmple
 .text.__wrap___aeabi_dcmpge
                0x10001e54       0x10 CMakeFiles/qmc.dir/C_/Users/ashis/.pico-sdk/sdk/2.0.0/src/rp2_common/pico_double/double_aeabi_rp2040.S.obj
                0x10001e54                __wrap___aeabi_dcmpge
 .text.__wrap___aeabi_dcmpgt
                0x10001e64        0xa CMakeFiles/qmc.dir/C_/Users/ashis/.pico-sdk/sdk/2.0.0/src/rp2_common/pico_double/double_aeabi_rp2040.S.obj
                0x10001e64                __wrap___aeabi_dcmpgt
 .text.__wrap___aeabi_dcmpun
                0x10001e6e       0x18 CMakeFiles/qmc.dir/C_/Users/ashis/.pico-sdk/sdk/2.0.0/src/rp2_common/pico_double/double_aeabi_rp2040.S.obj
                0x10001e6e                __wrap___aeabi_dcmpun
 *fill*         0x10001e86        0x2 
 .text.__wrap___aeabi_i2d
                0x10001e88       0x38 CMakeFiles/qmc.dir/C_/Users/ashis/.pico-sdk/sdk/2.0.0/src/rp2_common/pico_double/double_aeabi_rp2040.S.obj
                0x10001e88                __wrap___aeabi_ui2d
                0x10001e90                __wrap___aeabi_i2d
 .text.__wrap___aeabi_d2iz
                0x10001ec0       0x48 CMakeFiles/qmc.dir/C_/Users/ashis/.pico-sdk/sdk/2.0.0/src/rp2_common/pico_double/double_aeabi_rp2040.S.obj
                0x10001ec0                double2int_z
                0x10001ec0                __wrap___aeabi_d2iz
 .text.__wrap___aeabi_d2uiz
                0x10001f08       0x18 CMakeFiles/qmc.dir/C_/Users/ashis/.pico-sdk/sdk/2.0.0/src/rp2_common/pico_double/double_aeabi_rp2040.S.obj
                0x10001f08                __wrap___aeabi_d2uiz
                0x10001f08                double2uint
 .text.__aeabi_double_init
                0x10001f20       0xa0 CMakeFiles/qmc.dir/C_/Users/ashis/.pico-sdk/sdk/2.0.0/src/rp2_common/pico_double/double_init_rom_rp2040.c.obj
                0x10001f20                __aeabi_double_init
 .text.double_table_shim_on_use_helper
                0x10001fc0       0x2c CMakeFiles/qmc.dir/C_/Users/ashis/.pico-sdk/sdk/2.0.0/src/rp2_common/pico_double/double_v1_rom_shim_rp2040.S.obj
                0x10001fc0                double_table_shim_on_use_helper
 .text.__wrap___aeabi_dsub
                0x10001fec       0x10 CMakeFiles/qmc.dir/C_/Users/ashis/.pico-sdk/sdk/2.0.0/src/rp2_common/pico_double/double_v1_rom_shim_rp2040.S.obj
                0x10001fec                drsub_shim
                0x10001ff2                dsub_shim
 .text.dadd_shim
                0x10001ffc      0x15c CMakeFiles/qmc.dir/C_/Users/ashis/.pico-sdk/sdk/2.0.0/src/rp2_common/pico_double/double_v1_rom_shim_rp2040.S.obj
                0x10001ffc                dadd_shim
 .text.dmul_shim
                0x10002158      0x15c CMakeFiles/qmc.dir/C_/Users/ashis/.pico-sdk/sdk/2.0.0/src/rp2_common/pico_double/double_v1_rom_shim_rp2040.S.obj
                0x10002158                dmul_shim
 .text.ddiv_shim
                0x100022b4      0x1b0 CMakeFiles/qmc.dir/C_/Users/ashis/.pico-sdk/sdk/2.0.0/src/rp2_common/pico_double/double_v1_rom_shim_rp2040.S.obj
                0x100022b4                ddiv_shim
 .text.double2uint_shim
                0x10002464        0xe CMakeFiles/qmc.dir/C_/Users/ashis/.pico-sdk/sdk/2.0.0/src/rp2_common/pico_double/double_v1_rom_shim_rp2040.S.obj
                0x10002464                double2uint_shim
                0x10002466                double2ufix_shim
 *fill*         0x10002472        0x2 
 .text.double2uint64_shim
                0x10002474       0x70 CMakeFiles/qmc.dir/C_/Users/ashis/.pico-sdk/sdk/2.0.0/src/rp2_common/pico_double/double_v1_rom_shim_rp2040.S.obj
                0x10002474                double2uint64_shim
                0x10002476                double2ufix64_shim
                0x10002496                d2fix_a
 .text.dunpacks
                0x100024e4       0x3c CMakeFiles/qmc.dir/C_/Users/ashis/.pico-sdk/sdk/2.0.0/src/rp2_common/pico_double/double_v1_rom_shim_rp2040.S.obj
                0x100024e4                dunpacks
 .text.__aeabi_lmul
                0x10002520       0x32 CMakeFiles/qmc.dir/C_/Users/ashis/.pico-sdk/sdk/2.0.0/src/rp2_common/pico_int64_ops/pico_int64_ops_aeabi.S.obj
                0x10002520                __wrap___aeabi_lmul
 *fill*         0x10002552        0x2 
 .text.__aeabi_float_init
                0x10002554       0x64 CMakeFiles/qmc.dir/C_/Users/ashis/.pico-sdk/sdk/2.0.0/src/rp2_common/pico_float/float_init_rom_rp2040.c.obj
                0x10002554                __aeabi_float_init
 .text.float_table_shim_on_use_helper
                0x100025b8       0x2c CMakeFiles/qmc.dir/C_/Users/ashis/.pico-sdk/sdk/2.0.0/src/rp2_common/pico_float/float_v1_rom_shim_rp2040.S.obj
                0x100025b8                float_table_shim_on_use_helper
 .text          0x100025e4       0x10 CMakeFiles/qmc.dir/C_/Users/ashis/.pico-sdk/sdk/2.0.0/src/rp2_common/pico_mem_ops/mem_ops_aeabi.S.obj
                0x100025e4                __aeabi_mem_init
 .text.memset   0x100025f4        0xc CMakeFiles/qmc.dir/C_/Users/ashis/.pico-sdk/sdk/2.0.0/src/rp2_common/pico_mem_ops/mem_ops_aeabi.S.obj
                0x100025f4                __wrap_memset
 .text.memcpy   0x10002600        0xc CMakeFiles/qmc.dir/C_/Users/ashis/.pico-sdk/sdk/2.0.0/src/rp2_common/pico_mem_ops/mem_ops_aeabi.S.obj
                0x10002600                __wrap_memcpy
                0x10002600                __wrap___aeabi_memcpy
 .text._out_null
                0x1000260c        0x4 CMakeFiles/qmc.dir/C_/Users/ashis/.pico-sdk/sdk/2.0.0/src/rp2_common/pico_printf/printf.c.obj
 .text._out_rev
                0x10002610       0x9c CMakeFiles/qmc.dir/C_/Users/ashis/.pico-sdk/sdk/2.0.0/src/rp2_common/pico_printf/printf.c.obj
 .text._ntoa_format
                0x100026ac      0x1cc CMakeFiles/qmc.dir/C_/Users/ashis/.pico-sdk/sdk/2.0.0/src/rp2_common/pico_printf/printf.c.obj
 .text._out_char
                0x10002878       0x10 CMakeFiles/qmc.dir/C_/Users/ashis/.pico-sdk/sdk/2.0.0/src/rp2_common/pico_printf/printf.c.obj
 .text._out_fct
                0x10002888       0x10 CMakeFiles/qmc.dir/C_/Users/ashis/.pico-sdk/sdk/2.0.0/src/rp2_common/pico_printf/printf.c.obj
 .text._etoa    0x10002898      0x44c CMakeFiles/qmc.dir/C_/Users/ashis/.pico-sdk/sdk/2.0.0/src/rp2_common/pico_printf/printf.c.obj
 .text._ftoa    0x10002ce4      0x398 CMakeFiles/qmc.dir/C_/Users/ashis/.pico-sdk/sdk/2.0.0/src/rp2_common/pico_printf/printf.c.obj
 .text._vsnprintf
                0x1000307c      0xb04 CMakeFiles/qmc.dir/C_/Users/ashis/.pico-sdk/sdk/2.0.0/src/rp2_common/pico_printf/printf.c.obj
 .text.vfctprintf
                0x10003b80       0x20 CMakeFiles/qmc.dir/C_/Users/ashis/.pico-sdk/sdk/2.0.0/src/rp2_common/pico_printf/printf.c.obj
                0x10003b80                vfctprintf
 .text.weak_raw_vprintf
                0x10003ba0       0x30 CMakeFiles/qmc.dir/C_/Users/ashis/.pico-sdk/sdk/2.0.0/src/rp2_common/pico_printf/printf.c.obj
                0x10003ba0                weak_raw_vprintf
 .text._exit    0x10003bd0        0x4 CMakeFiles/qmc.dir/C_/Users/ashis/.pico-sdk/sdk/2.0.0/src/rp2_common/pico_clib_interface/newlib_interface.c.obj
                0x10003bd0                _exit
 .text._getpid  0x10003bd4        0x4 CMakeFiles/qmc.dir/C_/Users/ashis/.pico-sdk/sdk/2.0.0/src/rp2_common/pico_clib_interface/newlib_interface.c.obj
                0x10003bd4                _getpid
 .text._kill    0x10003bd8        0x8 CMakeFiles/qmc.dir/C_/Users/ashis/.pico-sdk/sdk/2.0.0/src/rp2_common/pico_clib_interface/newlib_interface.c.obj
                0x10003bd8                _kill
 .text.exit     0x10003be0        0x8 CMakeFiles/qmc.dir/C_/Users/ashis/.pico-sdk/sdk/2.0.0/src/rp2_common/pico_clib_interface/newlib_interface.c.obj
                0x10003be0                exit
 .text.runtime_init
                0x10003be8       0x2c CMakeFiles/qmc.dir/C_/Users/ashis/.pico-sdk/sdk/2.0.0/src/rp2_common/pico_clib_interface/newlib_interface.c.obj
                0x10003be8                runtime_init
 .text.stdio_out_chars_no_crlf
                0x10003c14       0x10 CMakeFiles/qmc.dir/C_/Users/ashis/.pico-sdk/sdk/2.0.0/src/rp2_common/pico_stdio/stdio.c.obj
 .text.stdio_out_chars_crlf
                0x10003c24       0xb4 CMakeFiles/qmc.dir/C_/Users/ashis/.pico-sdk/sdk/2.0.0/src/rp2_common/pico_stdio/stdio.c.obj
 .text.stdio_buffered_printer
                0x10003cd8       0x64 CMakeFiles/qmc.dir/C_/Users/ashis/.pico-sdk/sdk/2.0.0/src/rp2_common/pico_stdio/stdio.c.obj
 .text.stdio_put_string
                0x10003d3c      0x100 CMakeFiles/qmc.dir/C_/Users/ashis/.pico-sdk/sdk/2.0.0/src/rp2_common/pico_stdio/stdio.c.obj
                0x10003d3c                stdio_put_string
 .text.stdio_set_driver_enabled
                0x10003e3c       0x30 CMakeFiles/qmc.dir/C_/Users/ashis/.pico-sdk/sdk/2.0.0/src/rp2_common/pico_stdio/stdio.c.obj
                0x10003e3c                stdio_set_driver_enabled
 .text.stdio_init_all
                0x10003e6c        0x8 CMakeFiles/qmc.dir/C_/Users/ashis/.pico-sdk/sdk/2.0.0/src/rp2_common/pico_stdio/stdio.c.obj
                0x10003e6c                stdio_init_all
 .text.__wrap_putchar
                0x10003e74       0x98 CMakeFiles/qmc.dir/C_/Users/ashis/.pico-sdk/sdk/2.0.0/src/rp2_common/pico_stdio/stdio.c.obj
                0x10003e74                __wrap_putchar
                0x10003e74                stdio_putchar
 .text.__wrap_puts
                0x10003f0c       0x3c CMakeFiles/qmc.dir/C_/Users/ashis/.pico-sdk/sdk/2.0.0/src/rp2_common/pico_stdio/stdio.c.obj
                0x10003f0c                stdio_puts
                0x10003f0c                __wrap_puts
 .text.__wrap_vprintf
                0x10003f48       0xd8 CMakeFiles/qmc.dir/C_/Users/ashis/.pico-sdk/sdk/2.0.0/src/rp2_common/pico_stdio/stdio.c.obj
                0x10003f48                stdio_vprintf
                0x10003f48                __wrap_vprintf
 .text.__wrap_printf
                0x10004020       0x18 CMakeFiles/qmc.dir/C_/Users/ashis/.pico-sdk/sdk/2.0.0/src/rp2_common/pico_stdio/stdio.c.obj
                0x10004020                __wrap_printf
                0x10004020                stdio_printf
 .text.resetd_init
                0x10004038        0x4 CMakeFiles/qmc.dir/C_/Users/ashis/.pico-sdk/sdk/2.0.0/src/rp2_common/pico_stdio_usb/reset_interface.c.obj
 .text.resetd_reset
                0x1000403c        0xc CMakeFiles/qmc.dir/C_/Users/ashis/.pico-sdk/sdk/2.0.0/src/rp2_common/pico_stdio_usb/reset_interface.c.obj
 .text.resetd_open
                0x10004048       0x28 CMakeFiles/qmc.dir/C_/Users/ashis/.pico-sdk/sdk/2.0.0/src/rp2_common/pico_stdio_usb/reset_interface.c.obj
 .text.resetd_xfer_cb
                0x10004070        0x4 CMakeFiles/qmc.dir/C_/Users/ashis/.pico-sdk/sdk/2.0.0/src/rp2_common/pico_stdio_usb/reset_interface.c.obj
 .text.resetd_control_xfer_cb
                0x10004074       0x54 CMakeFiles/qmc.dir/C_/Users/ashis/.pico-sdk/sdk/2.0.0/src/rp2_common/pico_stdio_usb/reset_interface.c.obj
 .text.tud_descriptor_bos_cb
                0x100040c8        0x8 CMakeFiles/qmc.dir/C_/Users/ashis/.pico-sdk/sdk/2.0.0/src/rp2_common/pico_stdio_usb/reset_interface.c.obj
                0x100040c8                tud_descriptor_bos_cb
 .text.tud_vendor_control_xfer_cb
                0x100040d0       0x34 CMakeFiles/qmc.dir/C_/Users/ashis/.pico-sdk/sdk/2.0.0/src/rp2_common/pico_stdio_usb/reset_interface.c.obj
                0x100040d0                tud_vendor_control_xfer_cb
 .text.usbd_app_driver_get_cb
                0x10004104        0xc CMakeFiles/qmc.dir/C_/Users/ashis/.pico-sdk/sdk/2.0.0/src/rp2_common/pico_stdio_usb/reset_interface.c.obj
                0x10004104                usbd_app_driver_get_cb
 .text.tud_cdc_line_coding_cb
                0x10004110       0x28 CMakeFiles/qmc.dir/C_/Users/ashis/.pico-sdk/sdk/2.0.0/src/rp2_common/pico_stdio_usb/reset_interface.c.obj
                0x10004110                tud_cdc_line_coding_cb
 .text.stdio_usb_set_chars_available_callback
                0x10004138       0x14 CMakeFiles/qmc.dir/C_/Users/ashis/.pico-sdk/sdk/2.0.0/src/rp2_common/pico_stdio_usb/stdio_usb.c.obj
                0x10004138                stdio_usb_set_chars_available_callback
 .text.usb_irq  0x1000414c       0x10 CMakeFiles/qmc.dir/C_/Users/ashis/.pico-sdk/sdk/2.0.0/src/rp2_common/pico_stdio_usb/stdio_usb.c.obj
 .text.timer_task
                0x1000415c       0x64 CMakeFiles/qmc.dir/C_/Users/ashis/.pico-sdk/sdk/2.0.0/src/rp2_common/pico_stdio_usb/stdio_usb.c.obj
 .text.stdio_usb_in_chars
                0x100041c0       0x90 CMakeFiles/qmc.dir/C_/Users/ashis/.pico-sdk/sdk/2.0.0/src/rp2_common/pico_stdio_usb/stdio_usb.c.obj
                0x100041c0                stdio_usb_in_chars
 .text.stdio_usb_out_flush
                0x10004250       0x50 CMakeFiles/qmc.dir/C_/Users/ashis/.pico-sdk/sdk/2.0.0/src/rp2_common/pico_stdio_usb/stdio_usb.c.obj
 .text.stdio_usb_out_chars
                0x100042a0      0x100 CMakeFiles/qmc.dir/C_/Users/ashis/.pico-sdk/sdk/2.0.0/src/rp2_common/pico_stdio_usb/stdio_usb.c.obj
 .text.low_priority_worker_irq
                0x100043a0       0xc8 CMakeFiles/qmc.dir/C_/Users/ashis/.pico-sdk/sdk/2.0.0/src/rp2_common/pico_stdio_usb/stdio_usb.c.obj
 .text.stdio_usb_init
                0x10004468       0xe4 CMakeFiles/qmc.dir/C_/Users/ashis/.pico-sdk/sdk/2.0.0/src/rp2_common/pico_stdio_usb/stdio_usb.c.obj
                0x10004468                stdio_usb_init
 .text.tud_descriptor_device_cb
                0x1000454c        0x8 CMakeFiles/qmc.dir/C_/Users/ashis/.pico-sdk/sdk/2.0.0/src/rp2_common/pico_stdio_usb/stdio_usb_descriptors.c.obj
                0x1000454c                tud_descriptor_device_cb
 .text.tud_descriptor_configuration_cb
                0x10004554        0x8 CMakeFiles/qmc.dir/C_/Users/ashis/.pico-sdk/sdk/2.0.0/src/rp2_common/pico_stdio_usb/stdio_usb_descriptors.c.obj
                0x10004554                tud_descriptor_configuration_cb
 .text.tud_descriptor_string_cb
                0x1000455c       0x74 CMakeFiles/qmc.dir/C_/Users/ashis/.pico-sdk/sdk/2.0.0/src/rp2_common/pico_stdio_usb/stdio_usb_descriptors.c.obj
                0x1000455c                tud_descriptor_string_cb
 .text.startup._retrieve_unique_id_on_boot
                0x100045d0       0x10 CMakeFiles/qmc.dir/C_/Users/ashis/.pico-sdk/sdk/2.0.0/src/rp2_common/pico_unique_id/unique_id.c.obj
 .text.pico_get_unique_board_id_string
                0x100045e0      0x1a8 CMakeFiles/qmc.dir/C_/Users/ashis/.pico-sdk/sdk/2.0.0/src/rp2_common/pico_unique_id/unique_id.c.obj
                0x100045e0                pico_get_unique_board_id_string
 .text.flash_get_unique_id
                0x10004788       0x40 CMakeFiles/qmc.dir/C_/Users/ashis/.pico-sdk/sdk/2.0.0/src/rp2_common/hardware_flash/flash.c.obj
                0x10004788                flash_get_unique_id
 .text.dcd_init
                0x100047c8       0x8c CMakeFiles/qmc.dir/C_/Users/ashis/.pico-sdk/sdk/2.0.0/lib/tinyusb/src/portable/raspberrypi/rp2040/dcd_rp2040.c.obj
                0x100047c8                dcd_init
 .text.dcd_int_enable
                0x10004854        0xc CMakeFiles/qmc.dir/C_/Users/ashis/.pico-sdk/sdk/2.0.0/lib/tinyusb/src/portable/raspberrypi/rp2040/dcd_rp2040.c.obj
                0x10004854                dcd_int_enable
 .text.dcd_set_address
                0x10004860       0x14 CMakeFiles/qmc.dir/C_/Users/ashis/.pico-sdk/sdk/2.0.0/lib/tinyusb/src/portable/raspberrypi/rp2040/dcd_rp2040.c.obj
                0x10004860                dcd_set_address
 .text.dcd_sof_enable
                0x10004874       0x1c CMakeFiles/qmc.dir/C_/Users/ashis/.pico-sdk/sdk/2.0.0/lib/tinyusb/src/portable/raspberrypi/rp2040/dcd_rp2040.c.obj
                0x10004874                dcd_sof_enable
 .text.dcd_edpt0_status_complete
                0x10004890       0x1c CMakeFiles/qmc.dir/C_/Users/ashis/.pico-sdk/sdk/2.0.0/lib/tinyusb/src/portable/raspberrypi/rp2040/dcd_rp2040.c.obj
                0x10004890                dcd_edpt0_status_complete
 .text.dcd_edpt_open
                0x100048ac      0x108 CMakeFiles/qmc.dir/C_/Users/ashis/.pico-sdk/sdk/2.0.0/lib/tinyusb/src/portable/raspberrypi/rp2040/dcd_rp2040.c.obj
                0x100048ac                dcd_edpt_open
 .text.dcd_edpt_close_all
                0x100049b4        0x8 CMakeFiles/qmc.dir/C_/Users/ashis/.pico-sdk/sdk/2.0.0/lib/tinyusb/src/portable/raspberrypi/rp2040/dcd_rp2040.c.obj
                0x100049b4                dcd_edpt_close_all
 .text.dcd_edpt_xfer
                0x100049bc       0x24 CMakeFiles/qmc.dir/C_/Users/ashis/.pico-sdk/sdk/2.0.0/lib/tinyusb/src/portable/raspberrypi/rp2040/dcd_rp2040.c.obj
                0x100049bc                dcd_edpt_xfer
 .text.dcd_edpt_stall
                0x100049e0       0x38 CMakeFiles/qmc.dir/C_/Users/ashis/.pico-sdk/sdk/2.0.0/lib/tinyusb/src/portable/raspberrypi/rp2040/dcd_rp2040.c.obj
                0x100049e0                dcd_edpt_stall
 .text.dcd_edpt_clear_stall
                0x10004a18       0x30 CMakeFiles/qmc.dir/C_/Users/ashis/.pico-sdk/sdk/2.0.0/lib/tinyusb/src/portable/raspberrypi/rp2040/dcd_rp2040.c.obj
                0x10004a18                dcd_edpt_clear_stall
 .text.rp2040_usb_init
                0x10004a48       0x40 CMakeFiles/qmc.dir/C_/Users/ashis/.pico-sdk/sdk/2.0.0/lib/tinyusb/src/portable/raspberrypi/rp2040/rp2040_usb.c.obj
                0x10004a48                rp2040_usb_init
 .text.hw_endpoint_xfer_start
                0x10004a88       0x50 CMakeFiles/qmc.dir/C_/Users/ashis/.pico-sdk/sdk/2.0.0/lib/tinyusb/src/portable/raspberrypi/rp2040/rp2040_usb.c.obj
                0x10004a88                hw_endpoint_xfer_start
 .text.tud_event_hook_cb
                0x10004ad8        0x4 CMakeFiles/qmc.dir/C_/Users/ashis/.pico-sdk/sdk/2.0.0/lib/tinyusb/src/device/usbd.c.obj
                0x10004ad8                tud_event_hook_cb
 .text.tud_sof_cb
                0x10004adc        0x4 CMakeFiles/qmc.dir/C_/Users/ashis/.pico-sdk/sdk/2.0.0/lib/tinyusb/src/device/usbd.c.obj
                0x10004adc                tud_sof_cb
 .text.tud_descriptor_device_qualifier_cb
                0x10004ae0        0x4 CMakeFiles/qmc.dir/C_/Users/ashis/.pico-sdk/sdk/2.0.0/lib/tinyusb/src/device/usbd.c.obj
                0x10004ae0                tud_descriptor_device_qualifier_cb
 .text.tud_descriptor_other_speed_configuration_cb
                0x10004ae4        0x4 CMakeFiles/qmc.dir/C_/Users/ashis/.pico-sdk/sdk/2.0.0/lib/tinyusb/src/device/usbd.c.obj
                0x10004ae4                tud_descriptor_other_speed_configuration_cb
 .text.tud_mount_cb
                0x10004ae8        0x4 CMakeFiles/qmc.dir/C_/Users/ashis/.pico-sdk/sdk/2.0.0/lib/tinyusb/src/device/usbd.c.obj
                0x10004ae8                tud_mount_cb
 .text.tud_umount_cb
                0x10004aec        0x4 CMakeFiles/qmc.dir/C_/Users/ashis/.pico-sdk/sdk/2.0.0/lib/tinyusb/src/device/usbd.c.obj
                0x10004aec                tud_umount_cb
 .text.tud_suspend_cb
                0x10004af0        0x4 CMakeFiles/qmc.dir/C_/Users/ashis/.pico-sdk/sdk/2.0.0/lib/tinyusb/src/device/usbd.c.obj
                0x10004af0                tud_suspend_cb
 .text.tud_resume_cb
                0x10004af4        0x4 CMakeFiles/qmc.dir/C_/Users/ashis/.pico-sdk/sdk/2.0.0/lib/tinyusb/src/device/usbd.c.obj
                0x10004af4                tud_resume_cb
 .text.tud_mounted
                0x10004af8       0x10 CMakeFiles/qmc.dir/C_/Users/ashis/.pico-sdk/sdk/2.0.0/lib/tinyusb/src/device/usbd.c.obj
                0x10004af8                tud_mounted
 .text.tud_suspended
                0x10004b08       0x10 CMakeFiles/qmc.dir/C_/Users/ashis/.pico-sdk/sdk/2.0.0/lib/tinyusb/src/device/usbd.c.obj
                0x10004b08                tud_suspended
 .text.tud_init
                0x10004b18       0xe4 CMakeFiles/qmc.dir/C_/Users/ashis/.pico-sdk/sdk/2.0.0/lib/tinyusb/src/device/usbd.c.obj
                0x10004b18                tud_init
 .text.tud_task_ext
                0x10004bfc      0x800 CMakeFiles/qmc.dir/C_/Users/ashis/.pico-sdk/sdk/2.0.0/lib/tinyusb/src/device/usbd.c.obj
                0x10004bfc                tud_task_ext
 .text.usbd_open_edpt_pair
                0x100053fc       0x9c CMakeFiles/qmc.dir/C_/Users/ashis/.pico-sdk/sdk/2.0.0/lib/tinyusb/src/device/usbd.c.obj
                0x100053fc                usbd_open_edpt_pair
 .text.usbd_edpt_open
                0x10005498       0x34 CMakeFiles/qmc.dir/C_/Users/ashis/.pico-sdk/sdk/2.0.0/lib/tinyusb/src/device/usbd.c.obj
                0x10005498                usbd_edpt_open
 .text.usbd_edpt_claim
                0x100054cc       0x28 CMakeFiles/qmc.dir/C_/Users/ashis/.pico-sdk/sdk/2.0.0/lib/tinyusb/src/device/usbd.c.obj
                0x100054cc                usbd_edpt_claim
 .text.usbd_edpt_release
                0x100054f4       0x28 CMakeFiles/qmc.dir/C_/Users/ashis/.pico-sdk/sdk/2.0.0/lib/tinyusb/src/device/usbd.c.obj
                0x100054f4                usbd_edpt_release
 .text.usbd_edpt_xfer
                0x1000551c       0x4c CMakeFiles/qmc.dir/C_/Users/ashis/.pico-sdk/sdk/2.0.0/lib/tinyusb/src/device/usbd.c.obj
                0x1000551c                usbd_edpt_xfer
 .text.tud_control_status
                0x10005568       0x30 CMakeFiles/qmc.dir/C_/Users/ashis/.pico-sdk/sdk/2.0.0/lib/tinyusb/src/device/usbd_control.c.obj
                0x10005568                tud_control_status
 .text.tud_control_xfer
                0x10005598       0xbc CMakeFiles/qmc.dir/C_/Users/ashis/.pico-sdk/sdk/2.0.0/lib/tinyusb/src/device/usbd_control.c.obj
                0x10005598                tud_control_xfer
 .text.usbd_control_reset
                0x10005654       0x14 CMakeFiles/qmc.dir/C_/Users/ashis/.pico-sdk/sdk/2.0.0/lib/tinyusb/src/device/usbd_control.c.obj
                0x10005654                usbd_control_reset
 .text.usbd_control_set_complete_callback
                0x10005668        0xc CMakeFiles/qmc.dir/C_/Users/ashis/.pico-sdk/sdk/2.0.0/lib/tinyusb/src/device/usbd_control.c.obj
                0x10005668                usbd_control_set_complete_callback
 .text.usbd_control_set_request
                0x10005674       0x1c CMakeFiles/qmc.dir/C_/Users/ashis/.pico-sdk/sdk/2.0.0/lib/tinyusb/src/device/usbd_control.c.obj
                0x10005674                usbd_control_set_request
 .text.usbd_control_xfer_cb
                0x10005690       0xf0 CMakeFiles/qmc.dir/C_/Users/ashis/.pico-sdk/sdk/2.0.0/lib/tinyusb/src/device/usbd_control.c.obj
                0x10005690                usbd_control_xfer_cb
 .text._prep_out_transaction.isra.0
                0x10005780       0x5c CMakeFiles/qmc.dir/C_/Users/ashis/.pico-sdk/sdk/2.0.0/lib/tinyusb/src/class/cdc/cdc_device.c.obj
 .text.tud_cdc_n_connected
                0x100057dc       0x30 CMakeFiles/qmc.dir/C_/Users/ashis/.pico-sdk/sdk/2.0.0/lib/tinyusb/src/class/cdc/cdc_device.c.obj
                0x100057dc                tud_cdc_n_connected
 .text.tud_cdc_n_available
                0x1000580c       0x18 CMakeFiles/qmc.dir/C_/Users/ashis/.pico-sdk/sdk/2.0.0/lib/tinyusb/src/class/cdc/cdc_device.c.obj
                0x1000580c                tud_cdc_n_available
 .text.tud_cdc_n_read
                0x10005824       0x98 CMakeFiles/qmc.dir/C_/Users/ashis/.pico-sdk/sdk/2.0.0/lib/tinyusb/src/class/cdc/cdc_device.c.obj
                0x10005824                tud_cdc_n_read
 .text.tud_cdc_n_write_flush
                0x100058bc       0x78 CMakeFiles/qmc.dir/C_/Users/ashis/.pico-sdk/sdk/2.0.0/lib/tinyusb/src/class/cdc/cdc_device.c.obj
                0x100058bc                tud_cdc_n_write_flush
 .text.tud_cdc_n_write
                0x10005934       0x44 CMakeFiles/qmc.dir/C_/Users/ashis/.pico-sdk/sdk/2.0.0/lib/tinyusb/src/class/cdc/cdc_device.c.obj
                0x10005934                tud_cdc_n_write
 .text.tud_cdc_n_write_available
                0x10005978       0x18 CMakeFiles/qmc.dir/C_/Users/ashis/.pico-sdk/sdk/2.0.0/lib/tinyusb/src/class/cdc/cdc_device.c.obj
                0x10005978                tud_cdc_n_write_available
 .text.cdcd_init
                0x10005990       0x7c CMakeFiles/qmc.dir/C_/Users/ashis/.pico-sdk/sdk/2.0.0/lib/tinyusb/src/class/cdc/cdc_device.c.obj
                0x10005990                cdcd_init
 .text.cdcd_deinit
                0x10005a0c       0x24 CMakeFiles/qmc.dir/C_/Users/ashis/.pico-sdk/sdk/2.0.0/lib/tinyusb/src/class/cdc/cdc_device.c.obj
                0x10005a0c                cdcd_deinit
 .text.cdcd_reset
                0x10005a30       0x4c CMakeFiles/qmc.dir/C_/Users/ashis/.pico-sdk/sdk/2.0.0/lib/tinyusb/src/class/cdc/cdc_device.c.obj
                0x10005a30                cdcd_reset
 .text.cdcd_open
                0x10005a7c       0xb4 CMakeFiles/qmc.dir/C_/Users/ashis/.pico-sdk/sdk/2.0.0/lib/tinyusb/src/class/cdc/cdc_device.c.obj
                0x10005a7c                cdcd_open
 .text.cdcd_control_xfer_cb
                0x10005b30       0xe4 CMakeFiles/qmc.dir/C_/Users/ashis/.pico-sdk/sdk/2.0.0/lib/tinyusb/src/class/cdc/cdc_device.c.obj
                0x10005b30                cdcd_control_xfer_cb
 .text.cdcd_xfer_cb
                0x10005c14       0xfc CMakeFiles/qmc.dir/C_/Users/ashis/.pico-sdk/sdk/2.0.0/lib/tinyusb/src/class/cdc/cdc_device.c.obj
                0x10005c14                cdcd_xfer_cb
 .text.tud_vendor_n_write_flush
                0x10005d10       0x78 CMakeFiles/qmc.dir/C_/Users/ashis/.pico-sdk/sdk/2.0.0/lib/tinyusb/src/class/vendor/vendor_device.c.obj
                0x10005d10                tud_vendor_n_write_flush
 .text.vendord_init
                0x10005d88       0x64 CMakeFiles/qmc.dir/C_/Users/ashis/.pico-sdk/sdk/2.0.0/lib/tinyusb/src/class/vendor/vendor_device.c.obj
                0x10005d88                vendord_init
 .text.vendord_deinit
                0x10005dec       0x24 CMakeFiles/qmc.dir/C_/Users/ashis/.pico-sdk/sdk/2.0.0/lib/tinyusb/src/class/vendor/vendor_device.c.obj
                0x10005dec                vendord_deinit
 .text.vendord_reset
                0x10005e10       0x1c CMakeFiles/qmc.dir/C_/Users/ashis/.pico-sdk/sdk/2.0.0/lib/tinyusb/src/class/vendor/vendor_device.c.obj
                0x10005e10                vendord_reset
 .text.vendord_open
                0x10005e2c       0xc8 CMakeFiles/qmc.dir/C_/Users/ashis/.pico-sdk/sdk/2.0.0/lib/tinyusb/src/class/vendor/vendor_device.c.obj
                0x10005e2c                vendord_open
 .text.vendord_xfer_cb
                0x10005ef4       0xc8 CMakeFiles/qmc.dir/C_/Users/ashis/.pico-sdk/sdk/2.0.0/lib/tinyusb/src/class/vendor/vendor_device.c.obj
                0x10005ef4                vendord_xfer_cb
 .text.tusb_init
                0x10005fbc        0xc CMakeFiles/qmc.dir/C_/Users/ashis/.pico-sdk/sdk/2.0.0/lib/tinyusb/src/tusb.c.obj
                0x10005fbc                tusb_init
 .text.tu_edpt_claim
                0x10005fc8       0x50 CMakeFiles/qmc.dir/C_/Users/ashis/.pico-sdk/sdk/2.0.0/lib/tinyusb/src/tusb.c.obj
                0x10005fc8                tu_edpt_claim
 .text.tu_edpt_release
                0x10006018       0x38 CMakeFiles/qmc.dir/C_/Users/ashis/.pico-sdk/sdk/2.0.0/lib/tinyusb/src/tusb.c.obj
                0x10006018                tu_edpt_release
 .text.tu_edpt_validate
                0x10006050       0x78 CMakeFiles/qmc.dir/C_/Users/ashis/.pico-sdk/sdk/2.0.0/lib/tinyusb/src/tusb.c.obj
                0x10006050                tu_edpt_validate
 .text.tu_edpt_bind_driver
                0x100060c8       0x34 CMakeFiles/qmc.dir/C_/Users/ashis/.pico-sdk/sdk/2.0.0/lib/tinyusb/src/tusb.c.obj
                0x100060c8                tu_edpt_bind_driver
 .text.tu_fifo_config
                0x100060fc       0x70 CMakeFiles/qmc.dir/C_/Users/ashis/.pico-sdk/sdk/2.0.0/lib/tinyusb/src/common/tusb_fifo.c.obj
                0x100060fc                tu_fifo_config
 .text.tu_fifo_count
                0x1000616c       0x2c CMakeFiles/qmc.dir/C_/Users/ashis/.pico-sdk/sdk/2.0.0/lib/tinyusb/src/common/tusb_fifo.c.obj
                0x1000616c                tu_fifo_count
 .text.tu_fifo_empty
                0x10006198       0x10 CMakeFiles/qmc.dir/C_/Users/ashis/.pico-sdk/sdk/2.0.0/lib/tinyusb/src/common/tusb_fifo.c.obj
                0x10006198                tu_fifo_empty
 .text.tu_fifo_remaining
                0x100061a8       0x2c CMakeFiles/qmc.dir/C_/Users/ashis/.pico-sdk/sdk/2.0.0/lib/tinyusb/src/common/tusb_fifo.c.obj
                0x100061a8                tu_fifo_remaining
 .text.tu_fifo_read
                0x100061d4       0xa0 CMakeFiles/qmc.dir/C_/Users/ashis/.pico-sdk/sdk/2.0.0/lib/tinyusb/src/common/tusb_fifo.c.obj
                0x100061d4                tu_fifo_read
 .text.tu_fifo_read_n
                0x10006274       0xec CMakeFiles/qmc.dir/C_/Users/ashis/.pico-sdk/sdk/2.0.0/lib/tinyusb/src/common/tusb_fifo.c.obj
                0x10006274                tu_fifo_read_n
 .text.tu_fifo_write
                0x10006360       0x88 CMakeFiles/qmc.dir/C_/Users/ashis/.pico-sdk/sdk/2.0.0/lib/tinyusb/src/common/tusb_fifo.c.obj
                0x10006360                tu_fifo_write
 .text.tu_fifo_write_n
                0x100063e8      0x168 CMakeFiles/qmc.dir/C_/Users/ashis/.pico-sdk/sdk/2.0.0/lib/tinyusb/src/common/tusb_fifo.c.obj
                0x100063e8                tu_fifo_write_n
 .text.tu_fifo_clear
                0x10006550       0x40 CMakeFiles/qmc.dir/C_/Users/ashis/.pico-sdk/sdk/2.0.0/lib/tinyusb/src/common/tusb_fifo.c.obj
                0x10006550                tu_fifo_clear
 .text.tu_fifo_set_overwritable
                0x10006590       0x48 CMakeFiles/qmc.dir/C_/Users/ashis/.pico-sdk/sdk/2.0.0/lib/tinyusb/src/common/tusb_fifo.c.obj
                0x10006590                tu_fifo_set_overwritable
 .text.i2c_set_baudrate
                0x100065d8       0xc0 CMakeFiles/qmc.dir/C_/Users/ashis/.pico-sdk/sdk/2.0.0/src/rp2_common/hardware_i2c/i2c.c.obj
                0x100065d8                i2c_set_baudrate
 .text.i2c_init
                0x10006698       0x54 CMakeFiles/qmc.dir/C_/Users/ashis/.pico-sdk/sdk/2.0.0/src/rp2_common/hardware_i2c/i2c.c.obj
                0x10006698                i2c_init
 .text.i2c_write_blocking
                0x100066ec       0xd0 CMakeFiles/qmc.dir/C_/Users/ashis/.pico-sdk/sdk/2.0.0/src/rp2_common/hardware_i2c/i2c.c.obj
                0x100066ec                i2c_write_blocking
 .text.i2c_read_blocking
                0x100067bc       0xac CMakeFiles/qmc.dir/C_/Users/ashis/.pico-sdk/sdk/2.0.0/src/rp2_common/hardware_i2c/i2c.c.obj
                0x100067bc                i2c_read_blocking
 .text.abort    0x10006868       0x10 c:/progra~2/gnuarm~1/102021~1.10/bin/../lib/gcc/arm-none-eabi/10.3.1/../../../../arm-none-eabi/lib/thumb/v6-m/nofp\libg.a(lib_a-abort.o)
                0x10006868                abort
 .text.raise    0x10006878       0x60 c:/progra~2/gnuarm~1/102021~1.10/bin/../lib/gcc/arm-none-eabi/10.3.1/../../../../arm-none-eabi/lib/thumb/v6-m/nofp\libg.a(lib_a-signal.o)
                0x10006878                raise
 .text._kill_r  0x100068d8       0x28 c:/progra~2/gnuarm~1/102021~1.10/bin/../lib/gcc/arm-none-eabi/10.3.1/../../../../arm-none-eabi/lib/thumb/v6-m/nofp\libg.a(lib_a-signalr.o)
                0x100068d8                _kill_r
 .text._getpid_r
                0x10006900        0x8 c:/progra~2/gnuarm~1/102021~1.10/bin/../lib/gcc/arm-none-eabi/10.3.1/../../../../arm-none-eabi/lib/thumb/v6-m/nofp\libg.a(lib_a-signalr.o)
                0x10006900                _getpid_r
 .text.strlen   0x10006908       0x5c c:/progra~2/gnuarm~1/102021~1.10/bin/../lib/gcc/arm-none-eabi/10.3.1/../../../../arm-none-eabi/lib/thumb/v6-m/nofp\libg.a(lib_a-strlen-stub.o)
                0x10006908                strlen
 *(.fini)
 .fini          0x10006964        0x4 c:/progra~2/gnuarm~1/102021~1.10/bin/../lib/gcc/arm-none-eabi/10.3.1/thumb/v6-m/nofp/crti.o
                0x10006964                _fini
 .fini.__stub   0x10006968       0xd0 linker stubs
 *crtbegin.o(.ctors)
 *crtbegin?.o(.ctors)
 *(EXCLUDE_FILE(*crtend.o *crtend?.o) .ctors)
 *(SORT_BY_NAME(.ctors.*))
 *(.ctors)
 *crtbegin.o(.dtors)
 *crtbegin?.o(.dtors)
 *(EXCLUDE_FILE(*crtend.o *crtend?.o) .dtors)
 *(SORT_BY_NAME(.dtors.*))
 *(.dtors)
                0x10006a38                . = ALIGN (0x4)
                0x10006a38                PROVIDE (__preinit_array_start = .)
 *(SORT_BY_NAME(.preinit_array.*))
 .preinit_array.00100
                0x10006a38        0x4 CMakeFiles/qmc.dir/C_/Users/ashis/.pico-sdk/sdk/2.0.0/src/rp2_common/pico_runtime_init/runtime_init.c.obj
                0x10006a38                __pre_init_runtime_init_early_resets
 .preinit_array.00101
                0x10006a3c        0x4 CMakeFiles/qmc.dir/C_/Users/ashis/.pico-sdk/sdk/2.0.0/src/rp2_common/pico_runtime_init/runtime_init.c.obj
                0x10006a3c                __pre_init_runtime_init_usb_power_down
 .preinit_array.00275
                0x10006a40        0x4 CMakeFiles/qmc.dir/C_/Users/ashis/.pico-sdk/sdk/2.0.0/src/rp2_common/pico_bit_ops/bit_ops_aeabi.S.obj
 .preinit_array.00300
                0x10006a44        0x4 CMakeFiles/qmc.dir/C_/Users/ashis/.pico-sdk/sdk/2.0.0/src/rp2_common/pico_mem_ops/mem_ops_aeabi.S.obj
 .preinit_array.00350
                0x10006a48        0x4 CMakeFiles/qmc.dir/C_/Users/ashis/.pico-sdk/sdk/2.0.0/src/rp2_common/pico_double/double_aeabi_rp2040.S.obj
 .preinit_array.00350
                0x10006a4c        0x4 CMakeFiles/qmc.dir/C_/Users/ashis/.pico-sdk/sdk/2.0.0/src/rp2_common/pico_float/float_aeabi_rp2040.S.obj
 .preinit_array.00500
                0x10006a50        0x4 CMakeFiles/qmc.dir/C_/Users/ashis/.pico-sdk/sdk/2.0.0/src/rp2_common/pico_runtime_init/runtime_init.c.obj
                0x10006a50                __pre_init_runtime_init_clocks
 .preinit_array.00600
                0x10006a54        0x4 CMakeFiles/qmc.dir/C_/Users/ashis/.pico-sdk/sdk/2.0.0/src/rp2_common/pico_runtime_init/runtime_init.c.obj
                0x10006a54                __pre_init_runtime_init_post_clock_resets
 .preinit_array.00700
                0x10006a58        0x4 CMakeFiles/qmc.dir/C_/Users/ashis/.pico-sdk/sdk/2.0.0/src/rp2_common/pico_runtime_init/runtime_init.c.obj
                0x10006a58                __pre_init_runtime_init_rp2040_gpio_ie_disable
 .preinit_array.01000
                0x10006a5c        0x4 CMakeFiles/qmc.dir/C_/Users/ashis/.pico-sdk/sdk/2.0.0/src/rp2_common/pico_runtime_init/runtime_init.c.obj
                0x10006a5c                __pre_init_runtime_init_spin_locks_reset
 .preinit_array.01100
                0x10006a60        0x4 CMakeFiles/qmc.dir/C_/Users/ashis/.pico-sdk/sdk/2.0.0/src/common/pico_sync/mutex.c.obj
                0x10006a60                __pre_init_runtime_init_mutex
 .preinit_array.10080
                0x10006a64        0x4 CMakeFiles/qmc.dir/C_/Users/ashis/.pico-sdk/sdk/2.0.0/src/rp2_common/pico_runtime_init/runtime_init.c.obj
                0x10006a64                __pre_init_runtime_init_install_ram_vector_table
 .preinit_array.11000
                0x10006a68        0x4 CMakeFiles/qmc.dir/C_/Users/ashis/.pico-sdk/sdk/2.0.0/src/common/pico_time/time.c.obj
                0x10006a68                __pre_init_runtime_init_default_alarm_pool
 .preinit_array.YYYYY
                0x10006a6c        0x4 CMakeFiles/qmc.dir/C_/Users/ashis/.pico-sdk/sdk/2.0.0/src/rp2_common/pico_runtime/runtime.c.obj
                0x10006a6c                __pre_init_first_per_core_initializer
 .preinit_array.ZZZZZ.01200
                0x10006a70        0x4 CMakeFiles/qmc.dir/C_/Users/ashis/.pico-sdk/sdk/2.0.0/src/rp2_common/hardware_irq/irq.c.obj
                0x10006a70                __pre_init_runtime_init_per_core_irq_priorities
 *(.preinit_array)
                0x10006a74                PROVIDE (__preinit_array_end = .)
                0x10006a74                . = ALIGN (0x4)
                0x10006a74                PROVIDE (__init_array_start = .)
 *(SORT_BY_NAME(.init_array.*))
 *(.init_array)
 .init_array    0x10006a74        0x4 c:/progra~2/gnuarm~1/102021~1.10/bin/../lib/gcc/arm-none-eabi/10.3.1/thumb/v6-m/nofp/crtbegin.o
 .init_array    0x10006a78        0x4 CMakeFiles/qmc.dir/C_/Users/ashis/.pico-sdk/sdk/2.0.0/src/rp2_common/pico_unique_id/unique_id.c.obj
                0x10006a7c                PROVIDE (__init_array_end = .)
                0x10006a7c                . = ALIGN (0x4)
                [!provide]                PROVIDE (__fini_array_start = .)
 *(SORT_BY_NAME(.fini_array.*))
 *(.fini_array)
                [!provide]                PROVIDE (__fini_array_end = .)
 *(.eh_frame*)
 .eh_frame      0x10006a7c        0x0 c:/progra~2/gnuarm~1/102021~1.10/bin/../lib/gcc/arm-none-eabi/10.3.1/thumb/v6-m/nofp/crtbegin.o
                0x10006a7c                . = ALIGN (0x4)

.glue_7         0x10006a7c        0x0
 .glue_7        0x10006a7c        0x0 linker stubs

.glue_7t        0x10006a7c        0x0
 .glue_7t       0x10006a7c        0x0 linker stubs

.vfp11_veneer   0x10006a7c        0x0
 .vfp11_veneer  0x10006a7c        0x0 linker stubs

.v4_bx          0x10006a7c        0x0
 .v4_bx         0x10006a7c        0x0 linker stubs

.iplt           0x10006a7c        0x0
 .iplt          0x10006a7c        0x0 c:/progra~2/gnuarm~1/102021~1.10/bin/../lib/gcc/arm-none-eabi/10.3.1/thumb/v6-m/nofp/crtbegin.o

.rodata         0x10006a80      0x6a0
 *(EXCLUDE_FILE(*libm.a: *libc.a:*lib_a-mem*.o *libgcc.a:) .rodata*)
 .rodata._ZN8QMC5883L4initEv.str1.4
                0x10006a80       0x1f CMakeFiles/qmc.dir/qmc.cpp.obj
 *fill*         0x10006a9f        0x1 
 .rodata.main.str1.4
                0x10006aa0       0x3e CMakeFiles/qmc.dir/qmc.cpp.obj
 *fill*         0x10006ade        0x2 
 .rodata.panic.str1.4
                0x10006ae0       0x10 CMakeFiles/qmc.dir/C_/Users/ashis/.pico-sdk/sdk/2.0.0/src/rp2_common/pico_platform_panic/panic.c.obj
                                 0x12 (size before relaxing)
 .rodata.spin_lock_claim_unused.str1.4
                0x10006af0       0x1b CMakeFiles/qmc.dir/C_/Users/ashis/.pico-sdk/sdk/2.0.0/src/rp2_common/hardware_sync/sync.c.obj
 *fill*         0x10006b0b        0x1 
 .rodata.user_irq_claim_unused.str1.4
                0x10006b0c       0x1b CMakeFiles/qmc.dir/C_/Users/ashis/.pico-sdk/sdk/2.0.0/src/rp2_common/hardware_irq/irq.c.obj
 *fill*         0x10006b27        0x1 
 .rodata.timer_hardware_alarm_claim.str1.4
                0x10006b28       0x22 CMakeFiles/qmc.dir/C_/Users/ashis/.pico-sdk/sdk/2.0.0/src/rp2_common/hardware_timer/timer.c.obj
 *fill*         0x10006b4a        0x2 
 .rodata.hard_assertion_failure.str1.4
                0x10006b4c        0xc CMakeFiles/qmc.dir/C_/Users/ashis/.pico-sdk/sdk/2.0.0/src/rp2_common/pico_runtime/runtime.c.obj
 .rodata.str1.4
                0x10006b58       0x2c CMakeFiles/qmc.dir/C_/Users/ashis/.pico-sdk/sdk/2.0.0/src/rp2_common/pico_standard_binary_info/standard_binary_info.c.obj
 .rodata.__bi_26
                0x10006b84        0xc CMakeFiles/qmc.dir/C_/Users/ashis/.pico-sdk/sdk/2.0.0/src/rp2_common/pico_standard_binary_info/standard_binary_info.c.obj
 .rodata.__bi_34
                0x10006b90        0xc CMakeFiles/qmc.dir/C_/Users/ashis/.pico-sdk/sdk/2.0.0/src/rp2_common/pico_standard_binary_info/standard_binary_info.c.obj
 .rodata.__bi_42
                0x10006b9c        0xc CMakeFiles/qmc.dir/C_/Users/ashis/.pico-sdk/sdk/2.0.0/src/rp2_common/pico_standard_binary_info/standard_binary_info.c.obj
 .rodata.__bi_48
                0x10006ba8        0xc CMakeFiles/qmc.dir/C_/Users/ashis/.pico-sdk/sdk/2.0.0/src/rp2_common/pico_standard_binary_info/standard_binary_info.c.obj
 .rodata.__bi_54
                0x10006bb4        0xc CMakeFiles/qmc.dir/C_/Users/ashis/.pico-sdk/sdk/2.0.0/src/rp2_common/pico_standard_binary_info/standard_binary_info.c.obj
 .rodata.__bi_60
                0x10006bc0        0xc CMakeFiles/qmc.dir/C_/Users/ashis/.pico-sdk/sdk/2.0.0/src/rp2_common/pico_standard_binary_info/standard_binary_info.c.obj
 .rodata.__bi_84
                0x10006bcc        0xc CMakeFiles/qmc.dir/C_/Users/ashis/.pico-sdk/sdk/2.0.0/src/rp2_common/pico_standard_binary_info/standard_binary_info.c.obj
 .rodata._ftoa.str1.4
                0x10006bd8       0x15 CMakeFiles/qmc.dir/C_/Users/ashis/.pico-sdk/sdk/2.0.0/src/rp2_common/pico_printf/printf.c.obj
 *fill*         0x10006bed        0x3 
 .rodata._vsnprintf
                0x10006bf0      0x1e0 CMakeFiles/qmc.dir/C_/Users/ashis/.pico-sdk/sdk/2.0.0/src/rp2_common/pico_printf/printf.c.obj
 .rodata.pow10.0
                0x10006dd0       0x50 CMakeFiles/qmc.dir/C_/Users/ashis/.pico-sdk/sdk/2.0.0/src/rp2_common/pico_printf/printf.c.obj
 .rodata.crlf_str.0
                0x10006e20        0x2 CMakeFiles/qmc.dir/C_/Users/ashis/.pico-sdk/sdk/2.0.0/src/rp2_common/pico_stdio/stdio.c.obj
 *fill*         0x10006e22        0x2 
 .rodata._resetd_driver
                0x10006e24       0x20 CMakeFiles/qmc.dir/C_/Users/ashis/.pico-sdk/sdk/2.0.0/src/rp2_common/pico_stdio_usb/reset_interface.c.obj
 .rodata.desc_bos
                0x10006e44       0x21 CMakeFiles/qmc.dir/C_/Users/ashis/.pico-sdk/sdk/2.0.0/src/rp2_common/pico_stdio_usb/reset_interface.c.obj
                0x10006e44                desc_bos
 *fill*         0x10006e65        0x3 
 .rodata.desc_ms_os_20
                0x10006e68       0xa6 CMakeFiles/qmc.dir/C_/Users/ashis/.pico-sdk/sdk/2.0.0/src/rp2_common/pico_stdio_usb/reset_interface.c.obj
 *fill*         0x10006f0e        0x2 
 .rodata.str1.4
                0x10006f10       0x13 CMakeFiles/qmc.dir/C_/Users/ashis/.pico-sdk/sdk/2.0.0/src/rp2_common/pico_stdio_usb/stdio_usb.c.obj
 *fill*         0x10006f23        0x1 
 .rodata.__bi_197.0
                0x10006f24        0xc CMakeFiles/qmc.dir/C_/Users/ashis/.pico-sdk/sdk/2.0.0/src/rp2_common/pico_stdio_usb/stdio_usb.c.obj
 .rodata.str1.4
                0x10006f30       0x2a CMakeFiles/qmc.dir/C_/Users/ashis/.pico-sdk/sdk/2.0.0/src/rp2_common/pico_stdio_usb/stdio_usb_descriptors.c.obj
 *fill*         0x10006f5a        0x2 
 .rodata.usbd_desc_cfg
                0x10006f5c       0x54 CMakeFiles/qmc.dir/C_/Users/ashis/.pico-sdk/sdk/2.0.0/src/rp2_common/pico_stdio_usb/stdio_usb_descriptors.c.obj
 .rodata.usbd_desc_device
                0x10006fb0       0x12 CMakeFiles/qmc.dir/C_/Users/ashis/.pico-sdk/sdk/2.0.0/src/rp2_common/pico_stdio_usb/stdio_usb_descriptors.c.obj
 *fill*         0x10006fc2        0x2 
 .rodata.usbd_desc_str
                0x10006fc4       0x18 CMakeFiles/qmc.dir/C_/Users/ashis/.pico-sdk/sdk/2.0.0/src/rp2_common/pico_stdio_usb/stdio_usb_descriptors.c.obj
 .rodata.str1.4
                0x10006fdc       0x14 CMakeFiles/qmc.dir/C_/Users/ashis/.pico-sdk/sdk/2.0.0/lib/tinyusb/src/portable/raspberrypi/rp2040/dcd_rp2040.c.obj
 .rodata.str1.4
                0x10006ff0       0x48 CMakeFiles/qmc.dir/C_/Users/ashis/.pico-sdk/sdk/2.0.0/lib/tinyusb/src/portable/raspberrypi/rp2040/rp2040_usb.c.obj
 .rodata.tud_task_ext
                0x10007038       0x8c CMakeFiles/qmc.dir/C_/Users/ashis/.pico-sdk/sdk/2.0.0/lib/tinyusb/src/device/usbd.c.obj
 .rodata        0x100070c4       0x1c CMakeFiles/qmc.dir/C_/Users/ashis/.pico-sdk/sdk/2.0.0/lib/tinyusb/src/device/usbd.c.obj
 .rodata._usbd_driver
                0x100070e0       0x40 CMakeFiles/qmc.dir/C_/Users/ashis/.pico-sdk/sdk/2.0.0/lib/tinyusb/src/device/usbd.c.obj
                0x10007120                . = ALIGN (0x4)
 *(SORT_BY_ALIGNMENT(SORT_BY_NAME(.flashdata*)))
                0x10007120                . = ALIGN (0x4)

.ARM.extab      0x10007120       0x3c
 *(.ARM.extab* .gnu.linkonce.armextab.*)
 .ARM.extab.text._ZN8QMC5883L4initEv
                0x10007120        0x0 CMakeFiles/qmc.dir/qmc.cpp.obj
 .ARM.extab.text.startup.main
                0x10007120        0xc CMakeFiles/qmc.dir/qmc.cpp.obj
 .ARM.extab     0x1000712c       0x24 c:/progra~2/gnuarm~1/102021~1.10/bin/../lib/gcc/arm-none-eabi/10.3.1/thumb/v6-m/nofp\libgcc.a(unwind-arm.o)
 .ARM.extab     0x10007150        0xc c:/progra~2/gnuarm~1/102021~1.10/bin/../lib/gcc/arm-none-eabi/10.3.1/thumb/v6-m/nofp\libgcc.a(pr-support.o)
                0x1000715c                __exidx_start = .

.ARM.exidx      0x1000715c       0xd8
 *(.ARM.exidx* .gnu.linkonce.armexidx.*)
 .ARM.exidx.text._ZN8QMC5883L4initEv
                0x1000715c        0x8 CMakeFiles/qmc.dir/qmc.cpp.obj
 .ARM.exidx.text.startup.main
                0x10007164       0x10 CMakeFiles/qmc.dir/qmc.cpp.obj
                                  0x8 (size before relaxing)
 .ARM.exidx     0x10007174       0x90 c:/progra~2/gnuarm~1/102021~1.10/bin/../lib/gcc/arm-none-eabi/10.3.1/thumb/v6-m/nofp\libgcc.a(unwind-arm.o)
                                 0xd8 (size before relaxing)
 .ARM.exidx     0x10007204       0x30 c:/progra~2/gnuarm~1/102021~1.10/bin/../lib/gcc/arm-none-eabi/10.3.1/thumb/v6-m/nofp\libgcc.a(pr-support.o)
                                 0x38 (size before relaxing)
                0x10007234                __exidx_end = .
                0x10007234                . = ALIGN (0x4)
                0x10007234                __binary_info_start = .

.binary_info    0x10007234       0x20
 *(.binary_info.keep.*)
 .binary_info.keep.__bi_ptr26
                0x10007234        0x4 CMakeFiles/qmc.dir/C_/Users/ashis/.pico-sdk/sdk/2.0.0/src/rp2_common/pico_standard_binary_info/standard_binary_info.c.obj
 .binary_info.keep.__bi_ptr34
                0x10007238        0x4 CMakeFiles/qmc.dir/C_/Users/ashis/.pico-sdk/sdk/2.0.0/src/rp2_common/pico_standard_binary_info/standard_binary_info.c.obj
 .binary_info.keep.__bi_ptr42
                0x1000723c        0x4 CMakeFiles/qmc.dir/C_/Users/ashis/.pico-sdk/sdk/2.0.0/src/rp2_common/pico_standard_binary_info/standard_binary_info.c.obj
 .binary_info.keep.__bi_ptr48
                0x10007240        0x4 CMakeFiles/qmc.dir/C_/Users/ashis/.pico-sdk/sdk/2.0.0/src/rp2_common/pico_standard_binary_info/standard_binary_info.c.obj
 .binary_info.keep.__bi_ptr54
                0x10007244        0x4 CMakeFiles/qmc.dir/C_/Users/ashis/.pico-sdk/sdk/2.0.0/src/rp2_common/pico_standard_binary_info/standard_binary_info.c.obj
 .binary_info.keep.__bi_ptr60
                0x10007248        0x4 CMakeFiles/qmc.dir/C_/Users/ashis/.pico-sdk/sdk/2.0.0/src/rp2_common/pico_standard_binary_info/standard_binary_info.c.obj
 .binary_info.keep.__bi_ptr84
                0x1000724c        0x4 CMakeFiles/qmc.dir/C_/Users/ashis/.pico-sdk/sdk/2.0.0/src/rp2_common/pico_standard_binary_info/standard_binary_info.c.obj
 *(.binary_info.*)
 .binary_info.__bi_ptr197
                0x10007250        0x4 CMakeFiles/qmc.dir/C_/Users/ashis/.pico-sdk/sdk/2.0.0/src/rp2_common/pico_stdio_usb/stdio_usb.c.obj
                0x10007254                __binary_info_end = .

.rel.dyn        0x10007254        0x0
 .rel.iplt      0x10007254        0x0 c:/progra~2/gnuarm~1/102021~1.10/bin/../lib/gcc/arm-none-eabi/10.3.1/thumb/v6-m/nofp/crtbegin.o
                0x10007254                . = ALIGN (0x4)

.ram_vector_table
                0x20000000       0xc0
 *(.ram_vector_table)
 .ram_vector_table
                0x20000000       0xc0 CMakeFiles/qmc.dir/C_/Users/ashis/.pico-sdk/sdk/2.0.0/src/rp2_common/pico_runtime_init/runtime_init.c.obj
                0x20000000                ram_vector_table

.uninitialized_data
                0x200000c0        0x0
                0x200000c0                . = ALIGN (0x4)
 *(.uninitialized_data*)

.data           0x200000c0     0x2358 load address 0x10007254
                0x200000c0                __data_start__ = .
 *(vtable)
 *(.time_critical*)
 .time_critical.mutex_try_enter
                0x200000c0       0x44 CMakeFiles/qmc.dir/C_/Users/ashis/.pico-sdk/sdk/2.0.0/src/common/pico_sync/mutex.c.obj
                0x200000c0                mutex_try_enter
 .time_critical.mutex_try_enter_block_until
                0x20000104       0x9c CMakeFiles/qmc.dir/C_/Users/ashis/.pico-sdk/sdk/2.0.0/src/common/pico_sync/mutex.c.obj
                0x20000104                mutex_try_enter_block_until
 .time_critical.mutex_enter_timeout_ms
                0x200001a0       0x90 CMakeFiles/qmc.dir/C_/Users/ashis/.pico-sdk/sdk/2.0.0/src/common/pico_sync/mutex.c.obj
                0x200001a0                mutex_enter_timeout_ms
 .time_critical.mutex_exit
                0x20000230       0x28 CMakeFiles/qmc.dir/C_/Users/ashis/.pico-sdk/sdk/2.0.0/src/common/pico_sync/mutex.c.obj
                0x20000230                mutex_exit
 .time_critical.flash_init_boot2_copyout
                0x20000258       0x30 CMakeFiles/qmc.dir/C_/Users/ashis/.pico-sdk/sdk/2.0.0/src/rp2_common/hardware_flash/flash.c.obj
 .time_critical.flash_enable_xip_via_boot2
                0x20000288       0x10 CMakeFiles/qmc.dir/C_/Users/ashis/.pico-sdk/sdk/2.0.0/src/rp2_common/hardware_flash/flash.c.obj
 .time_critical.flash_cs_force
                0x20000298       0x38 CMakeFiles/qmc.dir/C_/Users/ashis/.pico-sdk/sdk/2.0.0/src/rp2_common/hardware_flash/flash.c.obj
 .time_critical.flash_do_cmd
                0x200002d0       0xc4 CMakeFiles/qmc.dir/C_/Users/ashis/.pico-sdk/sdk/2.0.0/src/rp2_common/hardware_flash/flash.c.obj
                0x200002d0                flash_do_cmd
 .time_critical.reset_non_control_endpoints
                0x20000394       0xbc CMakeFiles/qmc.dir/C_/Users/ashis/.pico-sdk/sdk/2.0.0/lib/tinyusb/src/portable/raspberrypi/rp2040/dcd_rp2040.c.obj
 .time_critical.hw_handle_buff_status
                0x20000450       0xa8 CMakeFiles/qmc.dir/C_/Users/ashis/.pico-sdk/sdk/2.0.0/lib/tinyusb/src/portable/raspberrypi/rp2040/dcd_rp2040.c.obj
 .time_critical.dcd_rp2040_irq
                0x200004f8      0x554 CMakeFiles/qmc.dir/C_/Users/ashis/.pico-sdk/sdk/2.0.0/lib/tinyusb/src/portable/raspberrypi/rp2040/dcd_rp2040.c.obj
 .time_critical.prepare_ep_buffer
                0x20000a4c       0xf4 CMakeFiles/qmc.dir/C_/Users/ashis/.pico-sdk/sdk/2.0.0/lib/tinyusb/src/portable/raspberrypi/rp2040/rp2040_usb.c.obj
 .time_critical.sync_ep_buffer
                0x20000b40       0xb4 CMakeFiles/qmc.dir/C_/Users/ashis/.pico-sdk/sdk/2.0.0/lib/tinyusb/src/portable/raspberrypi/rp2040/rp2040_usb.c.obj
 .time_critical._hw_endpoint_xfer_sync
                0x20000bf4       0x28 CMakeFiles/qmc.dir/C_/Users/ashis/.pico-sdk/sdk/2.0.0/lib/tinyusb/src/portable/raspberrypi/rp2040/rp2040_usb.c.obj
 .time_critical.e15_is_bulkin_ep
                0x20000c1c       0x28 CMakeFiles/qmc.dir/C_/Users/ashis/.pico-sdk/sdk/2.0.0/lib/tinyusb/src/portable/raspberrypi/rp2040/rp2040_usb.c.obj
 .time_critical.e15_is_critical_frame_period
                0x20000c44       0x34 CMakeFiles/qmc.dir/C_/Users/ashis/.pico-sdk/sdk/2.0.0/lib/tinyusb/src/portable/raspberrypi/rp2040/rp2040_usb.c.obj
 .time_critical.hw_endpoint_reset_transfer
                0x20000c78        0xc CMakeFiles/qmc.dir/C_/Users/ashis/.pico-sdk/sdk/2.0.0/lib/tinyusb/src/portable/raspberrypi/rp2040/rp2040_usb.c.obj
                0x20000c78                hw_endpoint_reset_transfer
 .time_critical._hw_endpoint_buffer_control_update32
                0x20000c84       0x50 CMakeFiles/qmc.dir/C_/Users/ashis/.pico-sdk/sdk/2.0.0/lib/tinyusb/src/portable/raspberrypi/rp2040/rp2040_usb.c.obj
                0x20000c84                _hw_endpoint_buffer_control_update32
 .time_critical.hw_endpoint_start_next_buffer
                0x20000cd4       0x6c CMakeFiles/qmc.dir/C_/Users/ashis/.pico-sdk/sdk/2.0.0/lib/tinyusb/src/portable/raspberrypi/rp2040/rp2040_usb.c.obj
                0x20000cd4                hw_endpoint_start_next_buffer
 .time_critical.hw_endpoint_xfer_continue
                0x20000d40       0x40 CMakeFiles/qmc.dir/C_/Users/ashis/.pico-sdk/sdk/2.0.0/lib/tinyusb/src/portable/raspberrypi/rp2040/rp2040_usb.c.obj
                0x20000d40                hw_endpoint_xfer_continue
 .time_critical.tinyusb
                0x20000d80      0x1f0 CMakeFiles/qmc.dir/C_/Users/ashis/.pico-sdk/sdk/2.0.0/lib/tinyusb/src/device/usbd.c.obj
                0x20000d80                dcd_event_handler
 *(.text*)
 .text          0x20000f70        0x4 c:/progra~2/gnuarm~1/102021~1.10/bin/../lib/gcc/arm-none-eabi/10.3.1/thumb/v6-m/nofp\libgcc.a(_dvmd_tls.o)
                0x20000f70                __aeabi_idiv0
                0x20000f70                __aeabi_ldiv0
 .text          0x20000f74      0xa30 c:/progra~2/gnuarm~1/102021~1.10/bin/../lib/gcc/arm-none-eabi/10.3.1/thumb/v6-m/nofp\libgcc.a(unwind-arm.o)
                0x20001240                _Unwind_GetCFA
                0x20001244                __gnu_Unwind_RaiseException
                0x20001298                __gnu_Unwind_ForcedUnwind
                0x200012ac                __gnu_Unwind_Resume
                0x200012f4                __gnu_Unwind_Resume_or_Rethrow
                0x20001310                _Unwind_Complete
                0x20001314                _Unwind_DeleteException
                0x20001324                _Unwind_VRS_Get
                0x20001370                _Unwind_VRS_Set
                0x200013bc                __gnu_Unwind_Backtrace
                0x20001718                __aeabi_unwind_cpp_pr0
                0x20001724                __aeabi_unwind_cpp_pr1
                0x20001730                __aeabi_unwind_cpp_pr2
                0x2000173c                _Unwind_VRS_Pop
 .text          0x200019a4      0x144 c:/progra~2/gnuarm~1/102021~1.10/bin/../lib/gcc/arm-none-eabi/10.3.1/thumb/v6-m/nofp\libgcc.a(libunwind.o)
                0x200019a4                __restore_core_regs
                0x200019a4                restore_core_regs
                0x200019d0                __gnu_Unwind_Restore_VFP
                0x200019d4                __gnu_Unwind_Save_VFP
                0x200019d8                __gnu_Unwind_Restore_VFP_D
                0x200019dc                __gnu_Unwind_Save_VFP_D
                0x200019e0                __gnu_Unwind_Restore_VFP_D_16_to_31
                0x200019e4                __gnu_Unwind_Save_VFP_D_16_to_31
                0x200019e8                __gnu_Unwind_Restore_WMMXD
                0x200019ec                __gnu_Unwind_Save_WMMXD
                0x200019f0                __gnu_Unwind_Restore_WMMXC
                0x200019f4                __gnu_Unwind_Save_WMMXC
                0x200019f8                ___Unwind_RaiseException
                0x200019f8                _Unwind_RaiseException
                0x20001a28                _Unwind_Resume
                0x20001a28                ___Unwind_Resume
                0x20001a58                _Unwind_Resume_or_Rethrow
                0x20001a58                ___Unwind_Resume_or_Rethrow
                0x20001a88                _Unwind_ForcedUnwind
                0x20001a88                ___Unwind_ForcedUnwind
                0x20001ab8                ___Unwind_Backtrace
                0x20001ab8                _Unwind_Backtrace
 .text          0x20001ae8      0x38c c:/progra~2/gnuarm~1/102021~1.10/bin/../lib/gcc/arm-none-eabi/10.3.1/thumb/v6-m/nofp\libgcc.a(pr-support.o)
                0x20001b3c                __gnu_unwind_execute
                0x20001e2c                __gnu_unwind_frame
                0x20001e54                _Unwind_GetRegionStart
                0x20001e60                _Unwind_GetLanguageSpecificData
 *fill*         0x20001e74        0x4 
 .text.__stub   0x20001e78       0xa0 linker stubs
                0x20001f18                . = ALIGN (0x4)
 *(.rodata*)
                0x20001f18                . = ALIGN (0x4)
 *(.data*)
 .data.striped_spin_lock_num
                0x20001f18        0x1 CMakeFiles/qmc.dir/C_/Users/ashis/.pico-sdk/sdk/2.0.0/src/rp2_common/hardware_sync/sync.c.obj
 *fill*         0x20001f19        0x3 
 .data          0x20001f1c       0x48 CMakeFiles/qmc.dir/C_/Users/ashis/.pico-sdk/sdk/2.0.0/src/rp2_common/hardware_irq/irq_handler_chain.S.obj
                0x20001f1c                irq_handler_chain_slots
                0x20001f4c                irq_handler_chain_first_slot
                0x20001f56                irq_handler_chain_remove_tail
 .data.default_alarm_pool
                0x20001f64       0x18 CMakeFiles/qmc.dir/C_/Users/ashis/.pico-sdk/sdk/2.0.0/src/common/pico_time/time.c.obj
 *fill*         0x20001f7c        0x4 
 .data.aeabi_bits_funcs
                0x20001f80       0x10 CMakeFiles/qmc.dir/C_/Users/ashis/.pico-sdk/sdk/2.0.0/src/rp2_common/pico_bit_ops/bit_ops_aeabi.S.obj
                0x20001f80                aeabi_bits_funcs
                0x20001f90                aeabi_bits_funcs_end
 .data.aeabi_mem_funcs
                0x20001f90       0x10 CMakeFiles/qmc.dir/C_/Users/ashis/.pico-sdk/sdk/2.0.0/src/rp2_common/pico_mem_ops/mem_ops_aeabi.S.obj
                0x20001f90                aeabi_mem_funcs
                0x20001fa0                aeabi_mem_funcs_end
 .data.stdio_usb
                0x20001fa0       0x18 CMakeFiles/qmc.dir/C_/Users/ashis/.pico-sdk/sdk/2.0.0/src/rp2_common/pico_stdio_usb/stdio_usb.c.obj
                0x20001fa0                stdio_usb
 .data._usbd_qdef
                0x20001fb8       0x1c CMakeFiles/qmc.dir/C_/Users/ashis/.pico-sdk/sdk/2.0.0/lib/tinyusb/src/device/usbd.c.obj
                0x20001fb8                _usbd_qdef
 .data._usbd_rhport
                0x20001fd4        0x1 CMakeFiles/qmc.dir/C_/Users/ashis/.pico-sdk/sdk/2.0.0/lib/tinyusb/src/device/usbd.c.obj
 *fill*         0x20001fd5        0x3 
 .data.i2c0_inst
                0x20001fd8        0x8 CMakeFiles/qmc.dir/C_/Users/ashis/.pico-sdk/sdk/2.0.0/src/rp2_common/hardware_i2c/i2c.c.obj
                0x20001fd8                i2c0_inst
 .data._impure_ptr
                0x20001fe0        0x4 c:/progra~2/gnuarm~1/102021~1.10/bin/../lib/gcc/arm-none-eabi/10.3.1/../../../../arm-none-eabi/lib/thumb/v6-m/nofp\libg.a(lib_a-impure.o)
                0x20001fe0                _impure_ptr
 *fill*         0x20001fe4        0x4 
 .data.impure_data
                0x20001fe8      0x428 c:/progra~2/gnuarm~1/102021~1.10/bin/../lib/gcc/arm-none-eabi/10.3.1/../../../../arm-none-eabi/lib/thumb/v6-m/nofp\libg.a(lib_a-impure.o)
                0x20002410                . = ALIGN (0x4)
 *(.after_data.*)
                0x20002410                . = ALIGN (0x4)
                0x20002410                PROVIDE (__mutex_array_start = .)
 *(SORT_BY_NAME(.mutex_array.*))
 *(.mutex_array)
 .mutex_array   0x20002410        0x8 CMakeFiles/qmc.dir/C_/Users/ashis/.pico-sdk/sdk/2.0.0/src/rp2_common/pico_stdio/stdio.c.obj
                0x20002418                PROVIDE (__mutex_array_end = .)
                0x20002418                . = ALIGN (0x4)
 *(.jcr)
                0x20002418                . = ALIGN (0x4)

.igot.plt       0x20002418        0x0 load address 0x100095ac
 .igot.plt      0x20002418        0x0 c:/progra~2/gnuarm~1/102021~1.10/bin/../lib/gcc/arm-none-eabi/10.3.1/thumb/v6-m/nofp/crtbegin.o

.tdata          0x20002418        0x0 load address 0x100095ac
                0x20002418                . = ALIGN (0x4)
 *(.tdata .tdata.* .gnu.linkonce.td.*)
                0x20002418                __tdata_end = .
                0x20002418                PROVIDE (__data_end__ = .)
                0x10007254                __etext = LOADADDR (.data)

.tbss           0x20002418        0x0 load address 0x100095ac
                0x20002418                . = ALIGN (0x4)
                0x20002418                __bss_start__ = .
                0x20002418                __tls_base = .
 *(.tbss .tbss.* .gnu.linkonce.tb.*)
 *(.tcommon)
                0x20002418                __tls_end = .

.bss            0x20002418     0x1070 load address 0x100095ac
                0x20002418                . = ALIGN (0x4)
                0x20002418                __tbss_end = .
 *(SORT_BY_ALIGNMENT(SORT_BY_NAME(.bss*)))
 .bss.default_alarm_pool_entries
                0x20002418      0x180 CMakeFiles/qmc.dir/C_/Users/ashis/.pico-sdk/sdk/2.0.0/src/common/pico_time/time.c.obj
 .bss.last_avail_time.1
                0x20002598        0x8 CMakeFiles/qmc.dir/C_/Users/ashis/.pico-sdk/sdk/2.0.0/src/rp2_common/pico_stdio_usb/stdio_usb.c.obj
 .bss.sd_table  0x200025a0      0x100 CMakeFiles/qmc.dir/C_/Users/ashis/.pico-sdk/sdk/2.0.0/src/rp2_common/pico_double/double_init_rom_rp2040.c.obj
                0x200025a0                sd_table
 .bss.sf_table  0x200026a0      0x100 CMakeFiles/qmc.dir/C_/Users/ashis/.pico-sdk/sdk/2.0.0/src/rp2_common/pico_float/float_init_rom_rp2040.c.obj
                0x200026a0                sf_table
 .bss           0x200027a0       0x1c c:/progra~2/gnuarm~1/102021~1.10/bin/../lib/gcc/arm-none-eabi/10.3.1/thumb/v6-m/nofp/crtbegin.o
 .bss._app_driver
                0x200027bc        0x4 CMakeFiles/qmc.dir/C_/Users/ashis/.pico-sdk/sdk/2.0.0/lib/tinyusb/src/device/usbd.c.obj
 .bss._cdcd_fifo_cfg
                0x200027c0        0x1 CMakeFiles/qmc.dir/C_/Users/ashis/.pico-sdk/sdk/2.0.0/lib/tinyusb/src/class/cdc/cdc_device.c.obj
 *fill*         0x200027c1        0x3 
 .bss._cdcd_itf
                0x200027c4      0x2c8 CMakeFiles/qmc.dir/C_/Users/ashis/.pico-sdk/sdk/2.0.0/lib/tinyusb/src/class/cdc/cdc_device.c.obj
 .bss._ctrl_xfer
                0x20002a8c       0x14 CMakeFiles/qmc.dir/C_/Users/ashis/.pico-sdk/sdk/2.0.0/lib/tinyusb/src/device/usbd_control.c.obj
 .bss._ubsd_mutexdef
                0x20002aa0        0x8 CMakeFiles/qmc.dir/C_/Users/ashis/.pico-sdk/sdk/2.0.0/lib/tinyusb/src/device/usbd.c.obj
 .bss._usbd_ctrl_buf
                0x20002aa8       0x40 CMakeFiles/qmc.dir/C_/Users/ashis/.pico-sdk/sdk/2.0.0/lib/tinyusb/src/device/usbd_control.c.obj
 .bss._usbd_dev
                0x20002ae8       0x54 CMakeFiles/qmc.dir/C_/Users/ashis/.pico-sdk/sdk/2.0.0/lib/tinyusb/src/device/usbd.c.obj
 .bss._usbd_mutex
                0x20002b3c        0x4 CMakeFiles/qmc.dir/C_/Users/ashis/.pico-sdk/sdk/2.0.0/lib/tinyusb/src/device/usbd.c.obj
 .bss._usbd_q   0x20002b40        0x4 CMakeFiles/qmc.dir/C_/Users/ashis/.pico-sdk/sdk/2.0.0/lib/tinyusb/src/device/usbd.c.obj
 .bss._usbd_qdef_buf
                0x20002b44       0xc0 CMakeFiles/qmc.dir/C_/Users/ashis/.pico-sdk/sdk/2.0.0/lib/tinyusb/src/device/usbd.c.obj
                0x20002b44                _usbd_qdef_buf
 .bss._vendord_itf
                0x20002c04      0x2bc CMakeFiles/qmc.dir/C_/Users/ashis/.pico-sdk/sdk/2.0.0/lib/tinyusb/src/class/vendor/vendor_device.c.obj
 .bss.boot2_copyout
                0x20002ec0      0x100 CMakeFiles/qmc.dir/C_/Users/ashis/.pico-sdk/sdk/2.0.0/src/rp2_common/hardware_flash/flash.c.obj
 .bss.chars_available_callback
                0x20002fc0        0x4 CMakeFiles/qmc.dir/C_/Users/ashis/.pico-sdk/sdk/2.0.0/src/rp2_common/pico_stdio_usb/stdio_usb.c.obj
 .bss.chars_available_param
                0x20002fc4        0x4 CMakeFiles/qmc.dir/C_/Users/ashis/.pico-sdk/sdk/2.0.0/src/rp2_common/pico_stdio_usb/stdio_usb.c.obj
 .bss.claimed   0x20002fc8        0x4 CMakeFiles/qmc.dir/C_/Users/ashis/.pico-sdk/sdk/2.0.0/src/rp2_common/hardware_sync/sync.c.obj
 .bss.claimed   0x20002fcc        0x1 CMakeFiles/qmc.dir/C_/Users/ashis/.pico-sdk/sdk/2.0.0/src/rp2_common/hardware_timer/timer.c.obj
 *fill*         0x20002fcd        0x3 
 .bss.configured_freq
                0x20002fd0       0x28 CMakeFiles/qmc.dir/C_/Users/ashis/.pico-sdk/sdk/2.0.0/src/rp2_common/hardware_clocks/clocks.c.obj
 .bss.desc_str.0
                0x20002ff8       0x28 CMakeFiles/qmc.dir/C_/Users/ashis/.pico-sdk/sdk/2.0.0/src/rp2_common/pico_stdio_usb/stdio_usb_descriptors.c.obj
 .bss.drivers   0x20003020        0x4 CMakeFiles/qmc.dir/C_/Users/ashis/.pico-sdk/sdk/2.0.0/src/rp2_common/pico_stdio/stdio.c.obj
 .bss.e15_last_sof
                0x20003024        0x4 CMakeFiles/qmc.dir/C_/Users/ashis/.pico-sdk/sdk/2.0.0/lib/tinyusb/src/portable/raspberrypi/rp2040/rp2040_usb.c.obj
                0x20003024                e15_last_sof
 .bss.errno     0x20003028        0x4 c:/progra~2/gnuarm~1/102021~1.10/bin/../lib/gcc/arm-none-eabi/10.3.1/../../../../arm-none-eabi/lib/thumb/v6-m/nofp\libg.a(lib_a-reent.o)
                0x20003028                errno
 .bss.filter    0x2000302c        0x4 CMakeFiles/qmc.dir/C_/Users/ashis/.pico-sdk/sdk/2.0.0/src/rp2_common/pico_stdio/stdio.c.obj
 .bss.hw_endpoints
                0x20003030      0x400 CMakeFiles/qmc.dir/C_/Users/ashis/.pico-sdk/sdk/2.0.0/lib/tinyusb/src/portable/raspberrypi/rp2040/dcd_rp2040.c.obj
 .bss.lazy_vsnprintf
                0x20003430        0x4 CMakeFiles/qmc.dir/C_/Users/ashis/.pico-sdk/sdk/2.0.0/src/rp2_common/pico_printf/printf.c.obj
 .bss.load_value
                0x20003434        0x4 CMakeFiles/qmc.dir/C_/Users/ashis/.pico-sdk/sdk/2.0.0/src/rp2_common/hardware_watchdog/watchdog.c.obj
 .bss.next_buffer_ptr
                0x20003438        0x4 CMakeFiles/qmc.dir/C_/Users/ashis/.pico-sdk/sdk/2.0.0/lib/tinyusb/src/portable/raspberrypi/rp2040/dcd_rp2040.c.obj
 .bss.one_shot_timer_crit_sec
                0x2000343c        0x8 CMakeFiles/qmc.dir/C_/Users/ashis/.pico-sdk/sdk/2.0.0/src/rp2_common/pico_stdio_usb/stdio_usb.c.obj
 .bss.pools     0x20003444       0x10 CMakeFiles/qmc.dir/C_/Users/ashis/.pico-sdk/sdk/2.0.0/src/common/pico_time/time.c.obj
 .bss.retrieved_id
                0x20003454        0x8 CMakeFiles/qmc.dir/C_/Users/ashis/.pico-sdk/sdk/2.0.0/src/rp2_common/pico_unique_id/unique_id.c.obj
 .bss.sf_clz_func
                0x2000345c        0x4 CMakeFiles/qmc.dir/C_/Users/ashis/.pico-sdk/sdk/2.0.0/src/rp2_common/pico_double/double_init_rom_rp2040.c.obj
                0x2000345c                sf_clz_func
 .bss.sleep_notifier
                0x20003460        0x4 CMakeFiles/qmc.dir/C_/Users/ashis/.pico-sdk/sdk/2.0.0/src/common/pico_time/time.c.obj
 .bss.stdio_usb_mutex
                0x20003464        0x8 CMakeFiles/qmc.dir/C_/Users/ashis/.pico-sdk/sdk/2.0.0/src/rp2_common/pico_stdio_usb/stdio_usb.c.obj
 .bss.usbd_serial_str
                0x2000346c       0x11 CMakeFiles/qmc.dir/C_/Users/ashis/.pico-sdk/sdk/2.0.0/src/rp2_common/pico_stdio_usb/stdio_usb_descriptors.c.obj
 .bss._app_driver_count
                0x2000347d        0x1 CMakeFiles/qmc.dir/C_/Users/ashis/.pico-sdk/sdk/2.0.0/lib/tinyusb/src/device/usbd.c.obj
 .bss._sof_enable
                0x2000347e        0x1 CMakeFiles/qmc.dir/C_/Users/ashis/.pico-sdk/sdk/2.0.0/lib/tinyusb/src/portable/raspberrypi/rp2040/dcd_rp2040.c.obj
 .bss._usbd_queued_setup
                0x2000347f        0x1 CMakeFiles/qmc.dir/C_/Users/ashis/.pico-sdk/sdk/2.0.0/lib/tinyusb/src/device/usbd.c.obj
 .bss.boot2_copyout_valid
                0x20003480        0x1 CMakeFiles/qmc.dir/C_/Users/ashis/.pico-sdk/sdk/2.0.0/src/rp2_common/hardware_flash/flash.c.obj
 .bss.irq_handler_chain_free_slot_head
                0x20003481        0x1 CMakeFiles/qmc.dir/C_/Users/ashis/.pico-sdk/sdk/2.0.0/src/rp2_common/hardware_irq/irq.c.obj
 .bss.itf_num   0x20003482        0x1 CMakeFiles/qmc.dir/C_/Users/ashis/.pico-sdk/sdk/2.0.0/src/rp2_common/pico_stdio_usb/reset_interface.c.obj
 .bss.low_priority_irq_num
                0x20003483        0x1 CMakeFiles/qmc.dir/C_/Users/ashis/.pico-sdk/sdk/2.0.0/src/rp2_common/pico_stdio_usb/stdio_usb.c.obj
 .bss.one_shot_timer_pending
                0x20003484        0x1 CMakeFiles/qmc.dir/C_/Users/ashis/.pico-sdk/sdk/2.0.0/src/rp2_common/pico_stdio_usb/stdio_usb.c.obj
 .bss.user_irq_claimed
                0x20003485        0x1 CMakeFiles/qmc.dir/C_/Users/ashis/.pico-sdk/sdk/2.0.0/src/rp2_common/hardware_irq/irq.c.obj
 *(COMMON)
                0x20003488                . = ALIGN (0x4)
 *fill*         0x20003486        0x2 
                0x20003488                __bss_end__ = .

.heap           0x20003488    0x3cb78 load address 0x100095ac
                0x20003488                __end__ = .
                0x20003488                end = __end__
 *(.heap*)
 .heap          0x20003488      0x800 CMakeFiles/qmc.dir/C_/Users/ashis/.pico-sdk/sdk/2.0.0/src/rp2_common/pico_crt0/crt0.S.obj
                0x20040000                . = (ORIGIN (RAM) + LENGTH (RAM))
 *fill*         0x20003c88    0x3c378 
                0x20040000                __HeapLimit = .

.scratch_x      0x20040000        0x0 load address 0x100095ac
                0x20040000                __scratch_x_start__ = .
 *(.scratch_x.*)
                0x20040000                . = ALIGN (0x4)
                0x20040000                __scratch_x_end__ = .
                0x100095ac                __scratch_x_source__ = LOADADDR (.scratch_x)

.scratch_y      0x20041000        0x0 load address 0x100095ac
                0x20041000                __scratch_y_start__ = .
 *(.scratch_y.*)
                0x20041000                . = ALIGN (0x4)
                0x20041000                __scratch_y_end__ = .
                0x100095ac                __scratch_y_source__ = LOADADDR (.scratch_y)

.stack1_dummy   0x20040000        0x0
 *(.stack1*)

.stack_dummy    0x20041000      0x800
 *(.stack*)
 .stack         0x20041000      0x800 CMakeFiles/qmc.dir/C_/Users/ashis/.pico-sdk/sdk/2.0.0/src/rp2_common/pico_crt0/crt0.S.obj

.flash_end      0x100095ac        0x0
 *(.embedded_end_block*)
                0x100095ac                PROVIDE (__flash_binary_end = .)
                0x20040000                __StackLimit = (ORIGIN (RAM) + LENGTH (RAM))
                0x20041000                __StackOneTop = (ORIGIN (SCRATCH_X) + LENGTH (SCRATCH_X))
                0x20042000                __StackTop = (ORIGIN (SCRATCH_Y) + LENGTH (SCRATCH_Y))
                0x20041000                __StackOneBottom = (__StackOneTop - SIZEOF (.stack1_dummy))
                0x20041800                __StackBottom = (__StackTop - SIZEOF (.stack_dummy))
                0x20042000                PROVIDE (__stack = __StackTop)
                [!provide]                PROVIDE (__heap_start = __end__)
                [!provide]                PROVIDE (__heap_end = __HeapLimit)
                [!provide]                PROVIDE (__tls_align = MAX (ALIGNOF (.tdata), ALIGNOF (.tbss)))
                [!provide]                PROVIDE (__tls_size_align = (((__tls_size + __tls_align) - 0x1) & ~ ((__tls_align - 0x1))))
                [!provide]                PROVIDE (__arm32_tls_tcb_offset = MAX (0x8, __tls_align))
                [!provide]                PROVIDE (_end = __end__)
                [!provide]                PROVIDE (__llvm_libc_heap_limit = __HeapLimit)
                0x00000001                ASSERT ((__StackLimit >= __HeapLimit), region RAM overflowed)
                0x00000001                ASSERT (((__binary_info_header_end - __logical_binary_start) <= 0x100), Binary info must be in first 256 bytes of the binary)
LOAD CMakeFiles/qmc.dir/qmc.cpp.obj
LOAD CMakeFiles/qmc.dir/C_/Users/ashis/.pico-sdk/sdk/2.0.0/src/rp2_common/pico_stdlib/stdlib.c.obj
LOAD CMakeFiles/qmc.dir/C_/Users/ashis/.pico-sdk/sdk/2.0.0/src/rp2_common/hardware_gpio/gpio.c.obj
LOAD CMakeFiles/qmc.dir/C_/Users/ashis/.pico-sdk/sdk/2.0.0/src/rp2040/pico_platform/platform.c.obj
LOAD CMakeFiles/qmc.dir/C_/Users/ashis/.pico-sdk/sdk/2.0.0/src/rp2_common/pico_platform_panic/panic.c.obj
LOAD CMakeFiles/qmc.dir/C_/Users/ashis/.pico-sdk/sdk/2.0.0/src/common/hardware_claim/claim.c.obj
LOAD CMakeFiles/qmc.dir/C_/Users/ashis/.pico-sdk/sdk/2.0.0/src/rp2_common/hardware_sync/sync.c.obj
LOAD CMakeFiles/qmc.dir/C_/Users/ashis/.pico-sdk/sdk/2.0.0/src/rp2_common/hardware_sync_spin_lock/sync_spin_lock.c.obj
LOAD CMakeFiles/qmc.dir/C_/Users/ashis/.pico-sdk/sdk/2.0.0/src/rp2_common/hardware_irq/irq.c.obj
LOAD CMakeFiles/qmc.dir/C_/Users/ashis/.pico-sdk/sdk/2.0.0/src/rp2_common/hardware_irq/irq_handler_chain.S.obj
LOAD CMakeFiles/qmc.dir/C_/Users/ashis/.pico-sdk/sdk/2.0.0/src/common/pico_sync/sem.c.obj
LOAD CMakeFiles/qmc.dir/C_/Users/ashis/.pico-sdk/sdk/2.0.0/src/common/pico_sync/lock_core.c.obj
LOAD CMakeFiles/qmc.dir/C_/Users/ashis/.pico-sdk/sdk/2.0.0/src/common/pico_sync/mutex.c.obj
LOAD CMakeFiles/qmc.dir/C_/Users/ashis/.pico-sdk/sdk/2.0.0/src/common/pico_sync/critical_section.c.obj
LOAD CMakeFiles/qmc.dir/C_/Users/ashis/.pico-sdk/sdk/2.0.0/src/common/pico_time/time.c.obj
LOAD CMakeFiles/qmc.dir/C_/Users/ashis/.pico-sdk/sdk/2.0.0/src/common/pico_time/timeout_helper.c.obj
LOAD CMakeFiles/qmc.dir/C_/Users/ashis/.pico-sdk/sdk/2.0.0/src/rp2_common/hardware_timer/timer.c.obj
LOAD CMakeFiles/qmc.dir/C_/Users/ashis/.pico-sdk/sdk/2.0.0/src/common/pico_util/datetime.c.obj
LOAD CMakeFiles/qmc.dir/C_/Users/ashis/.pico-sdk/sdk/2.0.0/src/common/pico_util/pheap.c.obj
LOAD CMakeFiles/qmc.dir/C_/Users/ashis/.pico-sdk/sdk/2.0.0/src/common/pico_util/queue.c.obj
LOAD CMakeFiles/qmc.dir/C_/Users/ashis/.pico-sdk/sdk/2.0.0/src/rp2_common/hardware_uart/uart.c.obj
LOAD CMakeFiles/qmc.dir/C_/Users/ashis/.pico-sdk/sdk/2.0.0/src/rp2_common/hardware_clocks/clocks.c.obj
LOAD CMakeFiles/qmc.dir/C_/Users/ashis/.pico-sdk/sdk/2.0.0/src/rp2_common/hardware_pll/pll.c.obj
LOAD CMakeFiles/qmc.dir/C_/Users/ashis/.pico-sdk/sdk/2.0.0/src/rp2_common/hardware_vreg/vreg.c.obj
LOAD CMakeFiles/qmc.dir/C_/Users/ashis/.pico-sdk/sdk/2.0.0/src/rp2_common/hardware_watchdog/watchdog.c.obj
LOAD CMakeFiles/qmc.dir/C_/Users/ashis/.pico-sdk/sdk/2.0.0/src/rp2_common/hardware_ticks/ticks.c.obj
LOAD CMakeFiles/qmc.dir/C_/Users/ashis/.pico-sdk/sdk/2.0.0/src/rp2_common/hardware_xosc/xosc.c.obj
LOAD CMakeFiles/qmc.dir/C_/Users/ashis/.pico-sdk/sdk/2.0.0/src/rp2_common/hardware_divider/divider.S.obj
LOAD CMakeFiles/qmc.dir/C_/Users/ashis/.pico-sdk/sdk/2.0.0/src/rp2_common/pico_runtime/runtime.c.obj